11-12 12:31:33.567 21512 21536 I BWU@Recorder: Ph_input stream available : 6400 ==> flush  [ForkJoinPool.commonPool-worker-1] 
11-12 12:31:33.576 21512 21537 I ISG_Wakeup_Verify: [KWD] Normal - scores: [0.0000, 0.0283, t(35800)], [0.0000, 0.0039, t(35804)], [0.0000, 0.0000, t(35808)], [0.0000, 0.0010, t(35812)], [0.0000, 0.0000, t(35816)], RMS: 6
11-12 12:31:33.768 21512 21536 I BWU@Recorder: Ph_input stream available : 6400 ==> flush  [ForkJoinPool.commonPool-worker-1] 
11-12 12:31:33.777 21512 21537 I ISG_Wakeup_Verify: [KWD] Normal - scores: [0.0000, 0.0000, t(35820)], [0.0000, 0.0000, t(35824)], [0.0049, 0.0000, t(35828)], [0.0000, 0.0000, t(35832)], [0.0000, 0.0000, t(35836)], RMS: 6
11-12 12:31:33.958 21512 21536 I BWU@Recorder: Ph_input stream available : 6400 ==> flush  [ForkJoinPool.commonPool-worker-1] 
11-12 12:31:33.965 21512 21537 I ISG_Wakeup_Verify: [KWD] Normal - scores: [0.0078, 0.0000, t(35840)], [0.0000, 0.0000, t(35844)], [0.0000, 0.0010, t(35848)], [0.0000, 0.0010, t(35852)], [0.0000, 0.0059, t(35856)], RMS: 8
11-12 12:31:34.157 21512 21536 I BWU@Recorder: Ph_input stream available : 6400 ==> flush  [ForkJoinPool.commonPool-worker-1] 
11-12 12:31:34.164 21512 21537 I ISG_Wakeup_Verify: [KWD] Normal - scores: [0.0000, 0.0000, t(35860)], [0.0000, 0.0010, t(35864)], [0.0000, 0.0020, t(35868)], [0.0010, 0.0059, t(35872)], [0.0000, 0.0010, t(35876)], RMS: 7
11-12 12:31:34.366 21512 21536 I BWU@Recorder: Ph_input stream available : 6400 ==> flush  [ForkJoinPool.commonPool-worker-1] 
11-12 12:31:34.376 21512 21537 I ISG_Wakeup_Verify: [KWD] Normal - scores: [0.0000, 0.0000, t(35880)], [0.0010, 0.0000, t(35884)], [0.0000, 0.0000, t(35888)], [0.0000, 0.0000, t(35892)], [0.0000, 0.0010, t(35896)], RMS: 7
11-12 12:31:34.560 21512 21536 I BWU@Recorder: Ph_input stream available : 6400 ==> flush  [ForkJoinPool.commonPool-worker-1] 
11-12 12:31:34.567 21512 21537 I ISG_Wakeup_Verify: [KWD] Normal - scores: [0.0010, 0.0010, t(35900)], [0.0000, 0.0039, t(35904)], [0.0000, 0.0010, t(35908)], [0.0010, 0.0010, t(35912)], [0.0000, 0.0000, t(35916)], RMS: 7
11-12 12:31:34.762 21512 21536 I BWU@Recorder: Ph_input stream available : 6400 ==> flush  [ForkJoinPool.commonPool-worker-1] 
11-12 12:31:34.771 21512 21537 I ISG_Wakeup_Verify: [KWD] Normal - scores: [0.0010, 0.0010, t(35920)], [0.0029, 0.0039, t(35924)], [0.0020, 0.0000, t(35928)], [0.0010, 0.0010, t(35932)], [0.0000, 0.0010, t(35936)], RMS: 10
11-12 12:31:34.961 21512 21536 I BWU@Recorder: Ph_input stream available : 6400 ==> flush  [ForkJoinPool.commonPool-worker-1] 
11-12 12:31:34.968 21512 21537 I ISG_Wakeup_Verify: [KWD] Normal - scores: [0.0010, 0.0000, t(35940)], [0.0000, 0.0000, t(35944)], [0.0000, 0.0029, t(35948)], [0.0000, 0.0039, t(35952)], [0.0000, 0.0010, t(35956)], RMS: 8
11-12 12:31:35.159 21512 21536 I BWU@Recorder: Ph_input stream available : 6400 ==> flush  [ForkJoinPool.commonPool-worker-1] 
11-12 12:31:35.166 21512 21537 I ISG_Wakeup_Verify: [KWD] Normal - scores: [0.0000, 0.0000, t(35960)], [0.0000, 0.0000, t(35964)], [0.0000, 0.0000, t(35968)], [0.0000, 0.0000, t(35972)], [0.0000, 0.0000, t(35976)], RMS: 7
11-12 12:31:35.357 21512 21536 I BWU@Recorder: Ph_input stream available : 6400 ==> flush  [ForkJoinPool.commonPool-worker-1] 
11-12 12:31:35.365 21512 21537 I ISG_Wakeup_Verify: [KWD] Normal - scores: [0.0000, 0.0000, t(35980)], [0.0000, 0.0000, t(35984)], [0.0000, 0.0000, t(35988)], [0.0000, 0.0000, t(35992)], [0.0000, 0.0000, t(35996)], RMS: 8
11-12 12:31:35.566 21512 21536 I BWU@Recorder: Ph_input stream available : 6400 ==> flush  [ForkJoinPool.commonPool-worker-1] 
11-12 12:31:35.575 21512 21537 I ISG_Wakeup_Verify: [KWD] Normal - scores: [0.0020, 0.0010, t(36000)], [0.0029, 0.0010, t(36004)], [0.0010, 0.0020, t(36008)], [0.0000, 0.0068, t(36012)], [0.0000, 0.0020, t(36016)], RMS: 7
11-12 12:31:35.654  1151 10301 D SemWifiUsabilityStatsMonitor: onWifiUsabilityStats - seqNum 25141, isSameBssidAndFreq true
11-12 12:31:35.658  1151  1483 I SemWifiLinkQualityMonitor: Link Qos query: inf. ms / 0 Mbps
11-12 12:31:35.740  1619  1619 I wpa_supplicant: Heartbeat 11528
11-12 12:31:35.769 21512 21536 I BWU@Recorder: Ph_input stream available : 6400 ==> flush  [ForkJoinPool.commonPool-worker-1] 
11-12 12:31:35.777 21512 21537 I ISG_Wakeup_Verify: [KWD] Normal - scores: [0.0000, 0.0000, t(36020)], [0.0000, 0.0000, t(36024)], [0.0000, 0.0000, t(36028)], [0.0039, 0.0000, t(36032)], [0.0000, 0.0000, t(36036)], RMS: 6
11-12 12:31:35.885  1151  1501 D WifiConnectivityMonitor.NetworkStatsAnalyzer: Backhaul Disconnection due to RetransSeg
11-12 12:31:35.885  1151  1501 D WifiConnectivityMonitor.NetworkStatsAnalyzer: Backhaul result - RSSI:-35, CE:3, PE:3, TI:10, PTI:10, TW:1, PTW:1, Tx:1, Rx:0, TxS:1, RxS:0, RESULT:true, IC:0, ICT:5, WC:0, WCT:5, R:0, RC:6, IE:0, EC:0
11-12 12:31:35.970 21512 21536 I BWU@Recorder: Ph_input stream available : 6400 ==> flush  [ForkJoinPool.commonPool-worker-1] 
11-12 12:31:35.979 21512 21537 I ISG_Wakeup_Verify: [KWD] Normal - scores: [0.0029, 0.0010, t(36040)], [0.0000, 0.0000, t(36044)], [0.0000, 0.0000, t(36048)], [0.0000, 0.0000, t(36052)], [0.0000, 0.0000, t(36056)], RMS: 5
11-12 12:31:36.170 21512 21536 I BWU@Recorder: Ph_input stream available : 6400 ==> flush  [ForkJoinPool.commonPool-worker-1] 
11-12 12:31:36.178 21512 21537 I ISG_Wakeup_Verify: [KWD] Normal - scores: [0.0000, 0.0000, t(36060)], [0.0000, 0.0000, t(36064)], [0.0000, 0.0000, t(36068)], [0.0000, 0.0000, t(36072)], [0.0000, 0.0000, t(36076)], RMS: 9
11-12 12:31:36.368 21512 21536 I BWU@Recorder: Ph_input stream available : 6400 ==> flush  [ForkJoinPool.commonPool-worker-1] 
11-12 12:31:36.376 21512 21537 I ISG_Wakeup_Verify: [KWD] Normal - scores: [0.0000, 0.0000, t(36080)], [0.0000, 0.0000, t(36084)], [0.0000, 0.0000, t(36088)], [0.0000, 0.0000, t(36092)], [0.0000, 0.0000, t(36096)], RMS: 8
11-12 12:31:36.540 21512 21597 I AsyncCachedReader: Ph_[increasing RB:, q3.a[pos=10600320 lim=11560320 cap=960000] inner::java.nio.HeapByteBuffer[pos=40320 lim=960000 cap=960000]] [VF-ATP-2] 
11-12 12:31:36.556 21512 21536 I BWU@Recorder: Ph_input stream available : 6400 ==> flush  [ForkJoinPool.commonPool-worker-1] 
11-12 12:31:36.564 21512 21537 I ISG_Wakeup_Verify: [KWD] Normal - scores: [0.0000, 0.0000, t(36100)], [0.0000, 0.0000, t(36104)], [0.0000, 0.0000, t(36108)], [0.0010, 0.0000, t(36112)], [0.0000, 0.0000, t(36116)], RMS: 7
11-12 12:31:36.761 21512 21536 I BWU@Recorder: Ph_input stream available : 6400 ==> flush  [ForkJoinPool.commonPool-worker-1] 
11-12 12:31:36.768 21512 21537 I ISG_Wakeup_Verify: [KWD] Normal - scores: [0.0000, 0.0000, t(36120)], [0.0000, 0.0010, t(36124)], [0.0000, 0.0000, t(36128)], [0.0000, 0.0000, t(36132)], [0.0010, 0.0000, t(36136)], RMS: 8
11-12 12:31:36.962 21512 21536 I BWU@Recorder: Ph_input stream available : 6400 ==> flush  [ForkJoinPool.commonPool-worker-1] 
11-12 12:31:36.969 21512 21537 I ISG_Wakeup_Verify: [KWD] Normal - scores: [0.0020, 0.0000, t(36140)], [0.0020, 0.0000, t(36144)], [0.0010, 0.0000, t(36148)], [0.0010, 0.0010, t(36152)], [0.0010, 0.0000, t(36156)], RMS: 8
11-12 12:31:37.018  1596  1596 D SecPowerUI.Notification: showChargingNotice oldChargingType : 11 / currentChargingType : 11, oldChargingTime : 8498000 / mChargingTime : 8498000
11-12 12:31:37.018  1596  1596 D SecPowerUI.Notification: There is no change about charging status, so return!
11-12 12:31:37.148  1151  1235 E Watchdog: !@Sync: 3680 heap: 131 / 136 FD: 981 objects: 2368284 WaitTime: 0,000 GCcnt: 0 FullGC: 0 [2025-11-12 12:31:37.143] softdog disabled
11-12 12:31:37.162 21512 21536 I BWU@Recorder: Ph_input stream available : 6400 ==> flush  [ForkJoinPool.commonPool-worker-1] 
11-12 12:31:37.171 21512 21537 I ISG_Wakeup_Verify: [KWD] Normal - scores: [0.0010, 0.0010, t(36160)], [0.0000, 0.0000, t(36164)], [0.0000, 0.0000, t(36168)], [0.0000, 0.0000, t(36172)], [0.0000, 0.0000, t(36176)], RMS: 8
11-12 12:31:37.363 21512 21536 I BWU@Recorder: Ph_input stream available : 6400 ==> flush  [ForkJoinPool.commonPool-worker-1] 
11-12 12:31:37.372 21512 21537 I ISG_Wakeup_Verify: [KWD] Normal - scores: [0.0000, 0.0010, t(36180)], [0.0010, 0.0000, t(36184)], [0.0000, 0.0000, t(36188)], [0.0020, 0.0000, t(36192)], [0.0000, 0.0000, t(36196)], RMS: 10
11-12 12:31:37.562 21512 21536 I BWU@Recorder: Ph_input stream available : 6400 ==> flush  [ForkJoinPool.commonPool-worker-1] 
11-12 12:31:37.570 21512 21537 I ISG_Wakeup_Verify: [KWD] Normal - scores: [0.0000, 0.0010, t(36200)], [0.0000, 0.0010, t(36204)], [0.0000, 0.0000, t(36208)], [0.0000, 0.0000, t(36212)], [0.0000, 0.0000, t(36216)], RMS: 11
11-12 12:31:37.760 21512 21536 I BWU@Recorder: Ph_input stream available : 6400 ==> flush  [ForkJoinPool.commonPool-worker-1] 
11-12 12:31:37.768 21512 21537 I ISG_Wakeup_Verify: [KWD] Normal - scores: [0.0000, 0.0000, t(36220)], [0.0000, 0.0000, t(36224)], [0.0000, 0.0010, t(36228)], [0.0010, 0.0049, t(36232)], [0.0000, 0.0059, t(36236)], RMS: 13
11-12 12:31:37.964 21512 21536 I BWU@Recorder: Ph_input stream available : 6400 ==> flush  [ForkJoinPool.commonPool-worker-1] 
11-12 12:31:37.969 21512 21537 I ISG_Wakeup_Verify: [KWD] Normal - scores: [0.0000, 0.0049, t(36240)], [0.0000, 0.0010, t(36244)], [0.0000, 0.0000, t(36248)], [0.0000, 0.0000, t(36252)], [0.0000, 0.0000, t(36256)], RMS: 11
11-12 12:31:38.172 21512 21536 I BWU@Recorder: Ph_input stream available : 6400 ==> flush  [ForkJoinPool.commonPool-worker-1] 
11-12 12:31:38.180 21512 21537 I ISG_Wakeup_Verify: [KWD] Normal - scores: [0.0000, 0.0000, t(36260)], [0.0000, 0.0000, t(36264)], [0.0000, 0.0000, t(36268)], [0.0000, 0.0010, t(36272)], [0.0000, 0.0010, t(36276)], RMS: 8
11-12 12:31:38.365 21512 21536 I BWU@Recorder: Ph_input stream available : 6400 ==> flush  [ForkJoinPool.commonPool-worker-1] 
11-12 12:31:38.373 21512 21537 I ISG_Wakeup_Verify: [KWD] Normal - scores: [0.0000, 0.0000, t(36280)], [0.0000, 0.0000, t(36284)], [0.0010, 0.0000, t(36288)], [0.0020, 0.0000, t(36292)], [0.0000, 0.0000, t(36296)], RMS: 9
11-12 12:31:38.564 21512 21536 I BWU@Recorder: Ph_input stream available : 6400 ==> flush  [ForkJoinPool.commonPool-worker-1] 
11-12 12:31:38.572 21512 21537 I ISG_Wakeup_Verify: [KWD] Normal - scores: [0.0000, 0.0010, t(36300)], [0.0010, 0.0020, t(36304)], [0.0010, 0.0020, t(36308)], [0.0088, 0.0010, t(36312)], [0.0020, 0.0107, t(36316)], RMS: 7
11-12 12:31:38.761 21512 21536 I BWU@Recorder: Ph_input stream available : 6400 ==> flush  [ForkJoinPool.commonPool-worker-1] 
11-12 12:31:38.771 21512 21537 I ISG_Wakeup_Verify: [KWD] Normal - scores: [0.0010, 0.0264, t(36320)], [0.0098, 0.0078, t(36324)], [0.0010, 0.0029, t(36328)], [0.0000, 0.0020, t(36332)], [0.0000, 0.0010, t(36336)], RMS: 7
11-12 12:31:38.789  1151 10301 D SemWifiUsabilityStatsMonitor: onWifiUsabilityStats - seqNum 25142, isSameBssidAndFreq true
11-12 12:31:38.793  1151  1483 I SemWifiLinkQualityMonitor: Link Qos query: inf. ms / 0 Mbps
11-12 12:31:38.805   475   475 D io_stats: !@   8,0 r 10042911 190726940 w 7069259 184593376 d 0 0 f 0 0 iot 2878212 0 th 0 0 0 pt 0 inp 0 0 110492.417
11-12 12:31:38.966 21512 21536 I BWU@Recorder: Ph_input stream available : 6400 ==> flush  [ForkJoinPool.commonPool-worker-1] 
11-12 12:31:38.975 21512 21537 I ISG_Wakeup_Verify: [KWD] Normal - scores: [0.0000, 0.0010, t(36340)], [0.0000, 0.0000, t(36344)], [0.0000, 0.0000, t(36348)], [0.0000, 0.0000, t(36352)], [0.0010, 0.0000, t(36356)], RMS: 11
11-12 12:31:38.981  1151  1239 I UsageStatsService: User[0] Flushing usage stats to disk
11-12 12:31:39.164 21512 21536 I BWU@Recorder: Ph_input stream available : 6400 ==> flush  [ForkJoinPool.commonPool-worker-1] 
11-12 12:31:39.167 21512 21537 I ISG_Wakeup_Verify: [KWD] Normal - scores: [0.0000, 0.0000, t(36360)], [0.0000, 0.0000, t(36364)], [0.0000, 0.0000, t(36368)], [0.0000, 0.0000, t(36372)], [0.0000, 0.0000, t(36376)], RMS: 11
11-12 12:31:39.366 21512 21536 I BWU@Recorder: Ph_input stream available : 6400 ==> flush  [ForkJoinPool.commonPool-worker-1] 
11-12 12:31:39.374 21512 21537 I ISG_Wakeup_Verify: [KWD] Normal - scores: [0.0000, 0.0000, t(36380)], [0.0000, 0.0000, t(36384)], [0.0000, 0.0000, t(36388)], [0.0000, 0.0000, t(36392)], [0.0000, 0.0000, t(36396)], RMS: 14
11-12 12:31:39.566 21512 21536 I BWU@Recorder: Ph_input stream available : 6400 ==> flush  [ForkJoinPool.commonPool-worker-1] 
11-12 12:31:39.574 21512 21537 I ISG_Wakeup_Verify: [KWD] Normal - scores: [0.0000, 0.0000, t(36400)], [0.0000, 0.0000, t(36404)], [0.0010, 0.0010, t(36408)], [0.0000, 0.0010, t(36412)], [0.0000, 0.0000, t(36416)], RMS: 12
11-12 12:31:39.766 21512 21536 I BWU@Recorder: Ph_input stream available : 6400 ==> flush  [ForkJoinPool.commonPool-worker-1] 
11-12 12:31:39.774 21512 21537 I ISG_Wakeup_Verify: [KWD] Normal - scores: [0.0000, 0.0000, t(36420)], [0.0000, 0.0000, t(36424)], [0.0000, 0.0000, t(36428)], [0.0010, 0.0000, t(36432)], [0.0000, 0.0000, t(36436)], RMS: 14
11-12 12:31:39.966 21512 21536 I BWU@Recorder: Ph_input stream available : 6400 ==> flush  [ForkJoinPool.commonPool-worker-1] 
11-12 12:31:39.975 21512 21537 I ISG_Wakeup_Verify: [KWD] Normal - scores: [0.0000, 0.0000, t(36440)], [0.0000, 0.0000, t(36444)], [0.0000, 0.0010, t(36448)], [0.0000, 0.0010, t(36452)], [0.0000, 0.0000, t(36456)], RMS: 13
11-12 12:31:40.168 21512 21536 I BWU@Recorder: Ph_input stream available : 6400 ==> flush  [ForkJoinPool.commonPool-worker-1] 
11-12 12:31:40.177 21512 21537 I ISG_Wakeup_Verify: [KWD] Normal - scores: [0.0000, 0.0000, t(36460)], [0.0000, 0.0000, t(36464)], [0.0000, 0.0000, t(36468)], [0.0000, 0.0000, t(36472)], [0.0000, 0.0000, t(36476)], RMS: 11
11-12 12:31:40.357 21512 21536 I BWU@Recorder: Ph_input stream available : 6400 ==> flush  [ForkJoinPool.commonPool-worker-1] 
11-12 12:31:40.365 21512 21537 I ISG_Wakeup_Verify: [KWD] Normal - scores: [0.0000, 0.0000, t(36480)], [0.0000, 0.0000, t(36484)], [0.0010, 0.0000, t(36488)], [0.0010, 0.0010, t(36492)], [0.0029, 0.0029, t(36496)], RMS: 12
11-12 12:31:40.558 21512 21536 I BWU@Recorder: Ph_input stream available : 6400 ==> flush  [ForkJoinPool.commonPool-worker-1] 
11-12 12:31:40.566 21512 21537 I ISG_Wakeup_Verify: [KWD] Normal - scores: [0.0029, 0.0010, t(36500)], [0.0029, 0.0000, t(36504)], [0.0000, 0.0000, t(36508)], [0.0000, 0.0000, t(36512)], [0.0020, 0.0000, t(36516)], RMS: 14
11-12 12:31:40.763 21512 21536 I BWU@Recorder: Ph_input stream available : 6400 ==> flush  [ForkJoinPool.commonPool-worker-1] 
11-12 12:31:40.770 21512 21537 I ISG_Wakeup_Verify: [KWD] Normal - scores: [0.0000, 0.0000, t(36520)], [0.0000, 0.0000, t(36524)], [0.0000, 0.0010, t(36528)], [0.0000, 0.0000, t(36532)], [0.0000, 0.0010, t(36536)], RMS: 13
11-12 12:31:40.806   475   475 D io_stats: !@   8,0 r 10042914 190726952 w 7069286 184594580 d 0 0 f 0 0 iot 2878232 0 th 0 0 0 pt 0 inp 0 0 110494.418
11-12 12:31:40.964 21512 21536 I BWU@Recorder: Ph_input stream available : 6400 ==> flush  [ForkJoinPool.commonPool-worker-1] 
11-12 12:31:40.971 21512 21537 I ISG_Wakeup_Verify: [KWD] Normal - scores: [0.0000, 0.0010, t(36540)], [0.0010, 0.0010, t(36544)], [0.0020, 0.0010, t(36548)], [0.0000, 0.0000, t(36552)], [0.0010, 0.0020, t(36556)], RMS: 18
11-12 12:31:41.161 21512 21536 I BWU@Recorder: Ph_input stream available : 6400 ==> flush  [ForkJoinPool.commonPool-worker-1] 
11-12 12:31:41.166 21512 21537 I ISG_Wakeup_Verify: [KWD] Normal - scores: [0.0000, 0.0000, t(36560)], [0.0010, 0.0010, t(36564)], [0.0010, 0.0000, t(36568)], [0.0010, 0.0000, t(36572)], [0.0049, 0.0000, t(36576)], RMS: 21
11-12 12:31:41.371 21512 21536 I BWU@Recorder: Ph_input stream available : 6400 ==> flush  [ForkJoinPool.commonPool-worker-1] 
11-12 12:31:41.378 21512 21537 I ISG_Wakeup_Verify: [KWD] Normal - scores: [0.0039, 0.0010, t(36580)], [0.0010, 0.0000, t(36584)], [0.0010, 0.0010, t(36588)], [0.0029, 0.0039, t(36592)], [0.0010, 0.0059, t(36596)], RMS: 27
11-12 12:31:41.569 21512 21536 I BWU@Recorder: Ph_input stream available : 6400 ==> flush  [ForkJoinPool.commonPool-worker-1] 
11-12 12:31:41.578 21512 21537 I ISG_Wakeup_Verify: [KWD] Normal - scores: [0.0049, 0.0801, t(36600)], [0.0010, 0.0586, t(36604)], [0.0283, 0.2188, t(36608)], [0.0068, 0.0693, t(36612)], [0.0000, 0.1113, t(36616)], RMS: 29
11-12 12:31:41.768 21512 21536 I BWU@Recorder: Ph_input stream available : 6400 ==> flush  [ForkJoinPool.commonPool-worker-1] 
11-12 12:31:41.776 21512 21537 I ISG_Wakeup_Verify: [KWD] Normal - scores: [0.0000, 0.2480, t(36620)], [0.0000, 0.1406, t(36624)], [0.0010, 0.1797, t(36628)], [0.0000, 0.1758, t(36632)], [0.0000, 0.0332, t(36636)], RMS: 24
11-12 12:31:41.929  1151 10301 D SemWifiUsabilityStatsMonitor: onWifiUsabilityStats - seqNum 25143, isSameBssidAndFreq true
11-12 12:31:41.934  1151  1483 I SemWifiLinkQualityMonitor: Link Qos query: inf. ms / 0 Mbps
11-12 12:31:41.958 21512 21536 I BWU@Recorder: Ph_input stream available : 6400 ==> flush  [ForkJoinPool.commonPool-worker-1] 
11-12 12:31:41.970 21512 21537 I ISG_Wakeup_Verify: [KWD] Normal - scores: [0.0000, 0.1309, t(36640)], [0.0000, 0.8428, t(36644)], [0.0010, 0.3164, t(36648)], [0.0039, 0.1221, t(36652)], [0.0029, 0.0625, t(36656)], RMS: 23
11-12 12:31:42.158 21512 21536 I BWU@Recorder: Ph_input stream available : 6400 ==> flush  [ForkJoinPool.commonPool-worker-1] 
11-12 12:31:42.162 21512 21537 I ISG_Wakeup_Verify: [KWD] Normal - scores: [0.0020, 0.0889, t(36660)], [0.0020, 0.0107, t(36664)], [0.0000, 0.0020, t(36668)], [0.0000, 0.0010, t(36672)], [0.0000, 0.0000, t(36676)], RMS: 19
11-12 12:31:42.177  1151  1575 D BatteryService: Sending ACTION_BATTERY_CHANGED: level:80, status:2, health:2, ac:false, usb:true, wireless:false, pogo:false, misc:0x10000, charge_type:1, charger_type:0, voltage:4106, temperature:326, online:4, current_avg:372, ps:false, hvc:false, capacity:280000, current_event:0x0, current_now:356, mcc:0, mcv:0, cc:4933648, present:true, scale:100, technology:Li-ion
11-12 12:31:42.179   756   756 E sehhealth-service: Could not open /sys/class/power_supply/battery/lrp
11-12 12:31:42.181  1151  1514 I DeviceBatteryInfoService: action: android.intent.action.BATTERY_CHANGED
11-12 12:31:42.181  1151  1514 I DeviceBatteryInfoService: phone battery level: 80
11-12 12:31:42.181  1151  1514 I DeviceBatteryInfoService: phone battery status: 2
11-12 12:31:42.184  1548  1548 D SemBigDataInfoController: Intent: android.intent.action.BATTERY_CHANGED
11-12 12:31:42.184  1151  1151 D PhoneWindowManagerExt: ACTION_BATTERY_CHANGED - Level=80, status=2
11-12 12:31:42.184  1548  1548 D SemBigDataInfoController: Intent: android.intent.action.BATTERY_CHANGED
11-12 12:31:42.185  1151  1151 D AdaptiveBrightnessLongtermModelBuilder: Received android.intent.action.BATTERY_CHANGED
11-12 12:31:42.185  1596  1596 I AODBatteryManager: updateBatteryData: ACTION_BATTERY_CHANGED
11-12 12:31:42.185  1151  1151 D SemWifiApBroadcastReceiver: Received : android.intent.action.BATTERY_CHANGED
11-12 12:31:42.185  1151  1363 D MotionRecognitionService: [SAR]  onReceive : ACTION_BATTERY_CHANGED, Plugged: 2
11-12 12:31:42.187  1596  1596 I AODBatteryManager: saveBatteryData : AOD BatteryData [mBatteryLevel=80, mBatteryStatus=CHARGING, mBatteryPlugType=USB, mBatteryPlugged=true, mRemainingChargeTime=8498000, mBatteryChargingType=1, mBatteryChargerType=NORMAL, mBatteryOnline=USB, mBatterySwellingMode=NONE, mBatteryProtectMode=false]
11-12 12:31:42.187  1596  1596 D SamsungBatteryMeterDrawable: onBatteryLevelChanged isSomethingChanged: false
11-12 12:31:42.188  1596  1596 D SamsungBatteryMeterDrawable: onBatteryLevelChanged isSomethingChanged: false
11-12 12:31:42.188  1596  1596 D SamsungBatteryMeterDrawable: onBatteryLevelChanged isSomethingChanged: false
11-12 12:31:42.188  1596  1596 D SamsungBatteryMeterDrawable: onBatteryLevelChanged isSomethingChanged: false
11-12 12:31:42.189  1596  1596 I PowerUI : mBootCompleted = true |  mFullyConnected = true
11-12 12:31:42.189  1596  1596 I PowerUI : BATTERY_HEALTH_CHECK extraHealth=2 mBatteryMiscEvent=65536
11-12 12:31:42.189  1596  1596 W PowerUI : Plug reason
11-12 12:31:42.189  1596  1596 W PowerUI : Skip charging animation - by plug status
11-12 12:31:42.189  1596  1596 D PowerUI : priorPlugType = 2 mPlugType = 2 priorBatteryStatus = 2 mBatteryStatus = 2
11-12 12:31:42.189  1596  1596 W PowerUI : Plug reason
11-12 12:31:42.189  1596  1596 W PowerUI : Skip charging sound - by plug status
11-12 12:31:42.189  1596  1596 I PowerUI : oldMisalign : false, curMisalign : false
11-12 12:31:42.189  1596 22531 D SecPowerUI.Notification: dismissing low battery warning: level=80
11-12 12:31:42.189  1596 22531 D SecPowerUI.Notification: updateNotification mWarning=false mPlaySound=false
11-12 12:31:42.189  1596 22531 D SecPowerUI.Notification: SecBatteryStatsSnapshot{batteryLevel=80, currentBatteryMode=1, chargingTime=8498000, chargingType=11, batteryHealth=2, automaticTestMode=false, isHiccupState=false}
11-12 12:31:42.191  1596 22531 D SecPowerUI.Notification: 1. restoreScreenTimeOut - saved_value : :
11-12 12:31:42.191  1596 22531 E SecPowerUI.Notification: no saved value, so we do nothing !!
11-12 12:31:42.192  1596  1596 D SecPowerUI.Notification: showChargingNotice oldChargingType : 11 / currentChargingType : 11, oldChargingTime : 8498000 / mChargingTime : 8498000
11-12 12:31:42.192  1596  1596 D SecPowerUI.Notification: There is no change about charging status, so return!
11-12 12:31:42.192  1596  1596 D PowerUI : Battery swelling mode - priorBatterySwellingMode = 0 mBatterySwellingMode = 0 mBatteryStatus = 2
11-12 12:31:42.192  1596  1596 I PowerUI : mBatteryMiscEvent = 65536
11-12 12:31:42.192  1596  1596 D KeyguardUpdateMonitor: received broadcast android.intent.action.BATTERY_CHANGED
11-12 12:31:42.192  1596  1596 D KeyguardUpdateMonitor: handleBatteryUpdate
11-12 12:31:42.370 21512 21536 I BWU@Recorder: Ph_input stream available : 6400 ==> flush  [ForkJoinPool.commonPool-worker-1] 
11-12 12:31:42.380 21512 21537 I ISG_Wakeup_Verify: [KWD] Normal - scores: [0.0000, 0.0000, t(36680)], [0.0000, 0.0000, t(36684)], [0.0000, 0.0000, t(36688)], [0.0000, 0.0000, t(36692)], [0.0010, 0.0000, t(36696)], RMS: 16
11-12 12:31:42.561 21512 21536 I BWU@Recorder: Ph_input stream available : 6400 ==> flush  [ForkJoinPool.commonPool-worker-1] 
11-12 12:31:42.568 21512 21537 I ISG_Wakeup_Verify: [KWD] Normal - scores: [0.0000, 0.0010, t(36700)], [0.0000, 0.0039, t(36704)], [0.0000, 0.0010, t(36708)], [0.0020, 0.0000, t(36712)], [0.0000, 0.0000, t(36716)], RMS: 23
11-12 12:31:42.760 21512 21536 I BWU@Recorder: Ph_input stream available : 6400 ==> flush  [ForkJoinPool.commonPool-worker-1] 
11-12 12:31:42.766 21512 21537 I ISG_Wakeup_Verify: [KWD] Normal - scores: [0.0010, 0.0020, t(36720)], [0.0010, 0.0000, t(36724)], [0.0020, 0.0010, t(36728)], [0.0010, 0.0000, t(36732)], [0.0010, 0.0010, t(36736)], RMS: 41
11-12 12:31:42.802 21512 21600 I AsyncCachedReader: Ph_[increasing RB:, q3.a[pos=10800640 lim=11760640 cap=960000] inner::java.nio.HeapByteBuffer[pos=240640 lim=960000 cap=960000]] [VF-ATP-3] 
11-12 12:31:42.807   475   475 D io_stats: !@   8,0 r 10042914 190726952 w 7069288 184595080 d 0 0 f 0 0 iot 2878240 0 th 0 0 0 pt 0 inp 0 0 110496.420
11-12 12:31:42.969 21512 21536 I BWU@Recorder: Ph_input stream available : 6400 ==> flush  [ForkJoinPool.commonPool-worker-1] 
11-12 12:31:42.977 21512 21537 I ISG_Wakeup_Verify: [KWD] Normal - scores: [0.0010, 0.0000, t(36740)], [0.0010, 0.0010, t(36744)], [0.0010, 0.0186, t(36748)], [0.0039, 0.0068, t(36752)], [0.0020, 0.0029, t(36756)], RMS: 48
11-12 12:31:43.168 21512 21536 I BWU@Recorder: Ph_input stream available : 6400 ==> flush  [ForkJoinPool.commonPool-worker-1] 
11-12 12:31:43.176 21512 21537 I ISG_Wakeup_Verify: [KWD] Normal - scores: [0.0352, 0.0088, t(36760)], [0.0010, 0.0361, t(36764)], [0.0000, 0.2959, t(36768)], [0.0020, 0.0674, t(36772)], [0.0010, 0.0303, t(36776)], RMS: 59
11-12 12:31:43.368 21512 21536 I BWU@Recorder: Ph_input stream available : 6400 ==> flush  [ForkJoinPool.commonPool-worker-1] 
11-12 12:31:43.376 21512 21537 I ISG_Wakeup_Verify: [KWD] Normal - scores: [0.0000, 0.0537, t(36780)], [0.0000, 0.0889, t(36784)], [0.0000, 0.0010, t(36788)], [0.0000, 0.0000, t(36792)], [0.0000, 0.0000, t(36796)], RMS: 71
11-12 12:31:43.568 21512 21536 I BWU@Recorder: Ph_input stream available : 6400 ==> flush  [ForkJoinPool.commonPool-worker-1] 
11-12 12:31:43.575 21512 21537 I ISG_Wakeup_Verify: [KWD] Normal - scores: [0.0020, 0.0010, t(36800)], [0.0020, 0.0000, t(36804)], [0.0010, 0.0020, t(36808)], [0.0039, 0.0020, t(36812)], [0.0010, 0.0049, t(36816)], RMS: 65
11-12 12:31:43.766 21512 21536 I BWU@Recorder: Ph_input stream available : 6400 ==> flush  [ForkJoinPool.commonPool-worker-1] 
11-12 12:31:43.774 21512 21537 I ISG_Wakeup_Verify: [KWD] Normal - scores: [0.0059, 0.0049, t(36820)], [0.0029, 0.0010, t(36824)], [0.0059, 0.0010, t(36828)], [0.0010, 0.0020, t(36832)], [0.0010, 0.0010, t(36836)], RMS: 69
11-12 12:31:43.966 21512 21536 I BWU@Recorder: Ph_input stream available : 6400 ==> flush  [ForkJoinPool.commonPool-worker-1] 
11-12 12:31:43.974 21512 21537 I ISG_Wakeup_Verify: [KWD] Normal - scores: [0.0000, 0.0039, t(36840)], [0.0000, 0.0059, t(36844)], [0.0000, 0.0000, t(36848)], [0.0000, 0.0010, t(36852)], [0.0000, 0.0000, t(36856)], RMS: 64
11-12 12:31:44.166 21512 21536 I BWU@Recorder: Ph_input stream available : 6400 ==> flush  [ForkJoinPool.commonPool-worker-1] 
11-12 12:31:44.175 21512 21537 I ISG_Wakeup_Verify: [KWD] Normal - scores: [0.0029, 0.0049, t(36860)], [0.0000, 0.0049, t(36864)], [0.0010, 0.0049, t(36868)], [0.0020, 0.0020, t(36872)], [0.0000, 0.0010, t(36876)], RMS: 119
11-12 12:31:44.368 21512 21536 I BWU@Recorder: Ph_input stream available : 6400 ==> flush  [ForkJoinPool.commonPool-worker-1] 
11-12 12:31:44.376 21512 21537 I ISG_Wakeup_Verify: [KWD] Normal - scores: [0.0039, 0.0010, t(36880)], [0.0020, 0.0010, t(36884)], [0.0000, 0.0020, t(36888)], [0.0000, 0.0010, t(36892)], [0.0000, 0.0010, t(36896)], RMS: 104
11-12 12:31:44.570 21512 21536 I BWU@Recorder: Ph_input stream available : 6400 ==> flush  [ForkJoinPool.commonPool-worker-1] 
11-12 12:31:44.578 21512 21537 I ISG_Wakeup_Verify: [KWD] Normal - scores: [0.0020, 0.0000, t(36900)], [0.0000, 0.0000, t(36904)], [0.0000, 0.0010, t(36908)], [0.0000, 0.0010, t(36912)], [0.0000, 0.0010, t(36916)], RMS: 103
11-12 12:31:44.758 21512 21536 I BWU@Recorder: Ph_input stream available : 6400 ==> flush  [ForkJoinPool.commonPool-worker-1] 
11-12 12:31:44.766 21512 21537 I ISG_Wakeup_Verify: [KWD] Normal - scores: [0.0000, 0.0000, t(36920)], [0.0020, 0.0000, t(36924)], [0.0000, 0.0000, t(36928)], [0.0029, 0.0039, t(36932)], [0.0410, 0.0166, t(36936)], RMS: 61
11-12 12:31:44.965 21512 21536 I BWU@Recorder: Ph_input stream available : 6400 ==> flush  [ForkJoinPool.commonPool-worker-1] 
11-12 12:31:44.969 21512 21537 I ISG_Wakeup_Verify: [KWD] Normal - scores: [0.0000, 0.0068, t(36940)], [0.0020, 0.0020, t(36944)], [0.0049, 0.0000, t(36948)], [0.0010, 0.0020, t(36952)], [0.0000, 0.0010, t(36956)], RMS: 65
11-12 12:31:45.092  1548  1553 I m.android.phone: Background young concurrent copying GC freed 9180KB AllocSpace bytes, 11(376KB) LOS objects, 48% free, 10001KB/19MB, paused 428us,115us total 131.105ms
11-12 12:31:45.093  1151 10301 D SemWifiUsabilityStatsMonitor: onWifiUsabilityStats - seqNum 25144, isSameBssidAndFreq true
11-12 12:31:45.094  1151  1483 I SemWifiLinkQualityMonitor: Link Qos query: inf. ms / 0 Mbps
11-12 12:31:45.098  1548  1555 W System  : A resource failed to call AbstractCursor.close. 
11-12 12:31:45.098  1548  1555 W System  : A resource failed to call AbstractCursor.close. 
11-12 12:31:45.098  1548  1555 W System  : A resource failed to call AbstractCursor.close. 
11-12 12:31:45.159 21512 21536 I BWU@Recorder: Ph_input stream available : 6400 ==> flush  [ForkJoinPool.commonPool-worker-1] 
11-12 12:31:45.165 21512 21537 I ISG_Wakeup_Verify: [KWD] Normal - scores: [0.0010, 0.0029, t(36960)], [0.0000, 0.0156, t(36964)], [0.0000, 0.0508, t(36968)], [0.0010, 0.0010, t(36972)], [0.0010, 0.0010, t(36976)], RMS: 102
11-12 12:31:45.368 21512 21536 I BWU@Recorder: Ph_input stream available : 6400 ==> flush  [ForkJoinPool.commonPool-worker-1] 
11-12 12:31:45.375 21512 21537 I ISG_Wakeup_Verify: [KWD] Normal - scores: [0.0029, 0.0049, t(36980)], [0.0059, 0.0098, t(36984)], [0.0449, 0.0029, t(36988)], [0.0010, 0.0049, t(36992)], [0.0020, 0.0049, t(36996)], RMS: 132
11-12 12:31:45.567 21512 21536 I BWU@Recorder: Ph_input stream available : 6400 ==> flush  [ForkJoinPool.commonPool-worker-1] 
11-12 12:31:45.575 21512 21537 I ISG_Wakeup_Verify: [KWD] Normal - scores: [0.0020, 0.0137, t(37000)], [0.0010, 0.0127, t(37004)], [0.0029, 0.0059, t(37008)], [0.0000, 0.0010, t(37012)], [0.0000, 0.0000, t(37016)], RMS: 143
11-12 12:31:45.748  1619  1619 I wpa_supplicant: Heartbeat 11529
11-12 12:31:45.768 21512 21536 I BWU@Recorder: Ph_input stream available : 6400 ==> flush  [ForkJoinPool.commonPool-worker-1] 
11-12 12:31:45.776 21512 21537 I ISG_Wakeup_Verify: [KWD] Normal - scores: [0.0020, 0.0010, t(37020)], [0.0000, 0.0000, t(37024)], [0.0000, 0.0010, t(37028)], [0.0000, 0.0049, t(37032)], [0.0000, 0.0010, t(37036)], RMS: 137
11-12 12:31:45.894  1151  1501 D WifiConnectivityMonitor.NetworkStatsAnalyzer: Backhaul Disconnection due to RetransSeg
11-12 12:31:45.894  1151  1501 D WifiConnectivityMonitor.NetworkStatsAnalyzer: Backhaul result - RSSI:-35, CE:3, PE:3, TI:10, PTI:10, TW:1, PTW:1, Tx:2, Rx:0, TxS:2, RxS:0, RESULT:true, IC:0, ICT:5, WC:0, WCT:5, R:0, RC:7, IE:0, EC:0
11-12 12:31:45.971 21512 21536 I BWU@Recorder: Ph_input stream available : 6400 ==> flush  [ForkJoinPool.commonPool-worker-1] 
11-12 12:31:45.979 21512 21537 I ISG_Wakeup_Verify: [KWD] Normal - scores: [0.0000, 0.0000, t(37040)], [0.0010, 0.0010, t(37044)], [0.0010, 0.0000, t(37048)], [0.0000, 0.0010, t(37052)], [0.0010, 0.0000, t(37056)], RMS: 121
11-12 12:31:46.169 21512 21536 I BWU@Recorder: Ph_input stream available : 6400 ==> flush  [ForkJoinPool.commonPool-worker-1] 
11-12 12:31:46.176 21512 21537 I ISG_Wakeup_Verify: [KWD] Normal - scores: [0.0049, 0.0000, t(37060)], [0.0176, 0.0000, t(37064)], [0.0078, 0.0000, t(37068)], [0.0020, 0.0000, t(37072)], [0.0010, 0.0000, t(37076)], RMS: 128
11-12 12:31:46.359 21512 21536 I BWU@Recorder: Ph_input stream available : 6400 ==> flush  [ForkJoinPool.commonPool-worker-1] 
11-12 12:31:46.423 21512 21537 I ISG_Wakeup_Verify: [KWD] Normal - scores: [0.0000, 0.0020, t(37080)], [0.0000, 0.0000, t(37084)], [0.0000, 0.0010, t(37088)], [0.0010, 0.0068, t(37092)], [0.0000, 0.0029, t(37096)], RMS: 100
11-12 12:31:46.519  1151  1176 I system_server: Background concurrent copying GC freed 20MB AllocSpace bytes, 158(4076KB) LOS objects, 17% free, 111MB/135MB, paused 196us,302us total 578.166ms
11-12 12:31:46.558  1151  1178 W System  : A resource failed to call close. 
11-12 12:31:46.558  1151  1178 W System  : A resource failed to call close. 
11-12 12:31:46.560  1151  1178 W System  : A resource failed to call close. 
11-12 12:31:46.560  1151  1178 W System  : A resource failed to call close. 
11-12 12:31:46.642 21512 21536 I BWU@Recorder: Ph_input stream available : 6400 ==> flush  [ForkJoinPool.commonPool-worker-1] 
11-12 12:31:46.646 21512 21537 I ISG_Wakeup_Verify: [KWD] Normal - scores: [0.0000, 0.0029, t(37100)], [0.0020, 0.0195, t(37104)], [0.0000, 0.0029, t(37108)], [0.0127, 0.2734, t(37112)], [0.0029, 0.0469, t(37116)], RMS: 105
11-12 12:31:46.850 21512 21536 I BWU@Recorder: Ph_input stream available : 6400 ==> flush  [ForkJoinPool.commonPool-worker-1] 
11-12 12:31:46.854 21512 21537 I ISG_Wakeup_Verify: [KWD] Normal - scores: [0.0010, 0.2568, t(37120)], [0.0371, 0.0889, t(37124)], [0.0195, 0.2939, t(37128)], [0.0010, 0.2314, t(37132)], [0.0000, 0.1289, t(37136)], RMS: 55
11-12 12:31:47.050 21512 21536 I BWU@Recorder: Ph_input stream available : 6400 ==> flush  [ForkJoinPool.commonPool-worker-1] 
11-12 12:31:47.056 21512 21537 I ISG_Wakeup_Verify: [KWD] Normal - scores: [0.0000, 0.0049, t(37140)], [0.0010, 0.0020, t(37144)], [0.0000, 0.0000, t(37148)], [0.0000, 0.0010, t(37152)], [0.0000, 0.0020, t(37156)], RMS: 35
11-12 12:31:47.198  1596  1596 D SecPowerUI.Notification: showChargingNotice oldChargingType : 11 / currentChargingType : 11, oldChargingTime : 8498000 / mChargingTime : 8498000
11-12 12:31:47.199  1596  1596 D SecPowerUI.Notification: There is no change about charging status, so return!
11-12 12:31:47.241 21512 21536 I BWU@Recorder: Ph_input stream available : 6400 ==> flush  [ForkJoinPool.commonPool-worker-1] 
11-12 12:31:47.245 21512 21537 I ISG_Wakeup_Verify: [KWD] Normal - scores: [0.0010, 0.0000, t(37160)], [0.0234, 0.0020, t(37164)], [0.0039, 0.0000, t(37168)], [0.0029, 0.0000, t(37172)], [0.0029, 0.0068, t(37176)], RMS: 48
11-12 12:31:47.451 21512 21536 I BWU@Recorder: Ph_input stream available : 6400 ==> flush  [ForkJoinPool.commonPool-worker-1] 
11-12 12:31:47.456 21512 21537 I ISG_Wakeup_Verify: [KWD] Normal - scores: [0.0000, 0.0000, t(37180)], [0.0029, 0.0049, t(37184)], [0.0000, 0.0293, t(37188)], [0.0000, 0.0010, t(37192)], [0.0000, 0.0020, t(37196)], RMS: 131
11-12 12:31:47.639 21512 21536 I BWU@Recorder: Ph_input stream available : 6400 ==> flush  [ForkJoinPool.commonPool-worker-1] 
11-12 12:31:47.644 21512 21537 I ISG_Wakeup_Verify: [KWD] Normal - scores: [0.0000, 0.0000, t(37200)], [0.0000, 0.0000, t(37204)], [0.0000, 0.0010, t(37208)], [0.0000, 0.0059, t(37212)], [0.0000, 0.0039, t(37216)], RMS: 105
11-12 12:31:47.839 21512 21536 I BWU@Recorder: Ph_input stream available : 6400 ==> flush  [ForkJoinPool.commonPool-worker-1] 
11-12 12:31:47.843 21512 21537 I ISG_Wakeup_Verify: [KWD] Normal - scores: [0.0020, 0.0000, t(37220)], [0.0000, 0.0000, t(37224)], [0.0000, 0.0000, t(37228)], [0.0000, 0.0000, t(37232)], [0.0000, 0.0000, t(37236)], RMS: 109
11-12 12:31:48.047 21512 21536 I BWU@Recorder: Ph_input stream available : 6400 ==> flush  [ForkJoinPool.commonPool-worker-1] 
11-12 12:31:48.054 21512 21537 I ISG_Wakeup_Verify: [KWD] Normal - scores: [0.0000, 0.0010, t(37240)], [0.0000, 0.0000, t(37244)], [0.0000, 0.0010, t(37248)], [0.0000, 0.0000, t(37252)], [0.0195, 0.0010, t(37256)], RMS: 102
11-12 12:31:48.230  1151 10301 D SemWifiUsabilityStatsMonitor: onWifiUsabilityStats - seqNum 25145, isSameBssidAndFreq true
11-12 12:31:48.234  1151  1483 I SemWifiLinkQualityMonitor: Link Qos query: inf. ms / 0 Mbps
11-12 12:31:48.245 21512 21536 I BWU@Recorder: Ph_input stream available : 6400 ==> flush  [ForkJoinPool.commonPool-worker-1] 
11-12 12:31:48.251 21512 21537 I ISG_Wakeup_Verify: [KWD] Normal - scores: [0.0254, 0.0000, t(37260)], [0.0000, 0.0000, t(37264)], [0.0020, 0.0029, t(37268)], [0.0273, 0.0039, t(37272)], [0.0684, 0.0068, t(37276)], RMS: 42
11-12 12:31:48.443 21512 21536 I BWU@Recorder: Ph_input stream available : 6400 ==> flush  [ForkJoinPool.commonPool-worker-1] 
11-12 12:31:48.448 21512 21537 I ISG_Wakeup_Verify: [KWD] Normal - scores: [0.0020, 0.0293, t(37280)], [0.0000, 0.0137, t(37284)], [0.0000, 0.0361, t(37288)], [0.0010, 0.0059, t(37292)], [0.0176, 0.0020, t(37296)], RMS: 35
11-12 12:31:48.642 21512 21536 I BWU@Recorder: Ph_input stream available : 6400 ==> flush  [ForkJoinPool.commonPool-worker-1] 
11-12 12:31:48.646 21512 21537 I ISG_Wakeup_Verify: [KWD] Normal - scores: [0.0059, 0.0020, t(37300)], [0.0527, 0.0039, t(37304)], [0.0020, 0.1729, t(37308)], [0.0010, 0.2881, t(37312)], [0.0000, 0.2334, t(37316)], RMS: 29
11-12 12:31:48.809   475   475 D io_stats: !@   8,0 r 10042925 190727076 w 7069296 184595244 d 0 0 f 0 0 iot 2878256 0 th 0 0 0 pt 0 inp 0 0 110502.422
11-12 12:31:48.850 21512 21536 I BWU@Recorder: Ph_input stream available : 6400 ==> flush  [ForkJoinPool.commonPool-worker-1] 
11-12 12:31:48.853 21512 21537 I ISG_Wakeup_Verify: [KWD] Normal - scores: [0.0000, 0.1523, t(37320)], [0.0000, 0.0010, t(37324)], [0.0000, 0.0020, t(37328)], [0.0000, 0.0020, t(37332)], [0.0000, 0.0010, t(37336)], RMS: 16
11-12 12:31:49.040 21512 21550 I AsyncCachedReader: Ph_[increasing RB:, q3.a[pos=11000320 lim=11960320 cap=960000] inner::java.nio.HeapByteBuffer[pos=440320 lim=960000 cap=960000]] [VF-ATP-1] 
11-12 12:31:49.049 21512 21536 I BWU@Recorder: Ph_input stream available : 6400 ==> flush  [ForkJoinPool.commonPool-worker-1] 
11-12 12:31:49.054 21512 21537 I ISG_Wakeup_Verify: [KWD] Normal - scores: [0.0000, 0.0020, t(37340)], [0.0000, 0.0000, t(37344)], [0.0000, 0.0000, t(37348)], [0.0000, 0.0000, t(37352)], [0.0000, 0.0000, t(37356)], RMS: 18
11-12 12:31:49.246 21512 21536 I BWU@Recorder: Ph_input stream available : 6400 ==> flush  [ForkJoinPool.commonPool-worker-1] 
11-12 12:31:49.251 21512 21537 I ISG_Wakeup_Verify: [KWD] Normal - scores: [0.0000, 0.0000, t(37360)], [0.0010, 0.0010, t(37364)], [0.0000, 0.0010, t(37368)], [0.0000, 0.0039, t(37372)], [0.0000, 0.0186, t(37376)], RMS: 16
11-12 12:31:49.444 21512 21536 I BWU@Recorder: Ph_input stream available : 6400 ==> flush  [ForkJoinPool.commonPool-worker-1] 
11-12 12:31:49.449 21512 21537 I ISG_Wakeup_Verify: [KWD] Normal - scores: [0.0000, 0.0020, t(37380)], [0.0000, 0.0059, t(37384)], [0.0000, 0.0029, t(37388)], [0.0020, 0.0029, t(37392)], [0.0039, 0.0039, t(37396)], RMS: 23
11-12 12:31:49.643 21512 21536 I BWU@Recorder: Ph_input stream available : 6400 ==> flush  [ForkJoinPool.commonPool-worker-1] 
11-12 12:31:49.648 21512 21537 I ISG_Wakeup_Verify: [KWD] Normal - scores: [0.0117, 0.0107, t(37400)], [0.0039, 0.0049, t(37404)], [0.0020, 0.0010, t(37408)], [0.0010, 0.0029, t(37412)], [0.0000, 0.0010, t(37416)], RMS: 18
11-12 12:31:49.842 21512 21536 I BWU@Recorder: Ph_input stream available : 6400 ==> flush  [ForkJoinPool.commonPool-worker-1] 
11-12 12:31:49.850 21512 21537 I ISG_Wakeup_Verify: [KWD] Normal - scores: [0.0020, 0.0010, t(37420)], [0.0000, 0.0000, t(37424)], [0.0000, 0.0000, t(37428)], [0.0000, 0.0000, t(37432)], [0.0020, 0.0020, t(37436)], RMS: 12
11-12 12:31:50.043 21512 21536 I BWU@Recorder: Ph_input stream available : 6400 ==> flush  [ForkJoinPool.commonPool-worker-1] 
11-12 12:31:50.048 21512 21537 I ISG_Wakeup_Verify: [KWD] Normal - scores: [0.0020, 0.0010, t(37440)], [0.0010, 0.0000, t(37444)], [0.0039, 0.0039, t(37448)], [0.0010, 0.0039, t(37452)], [0.0020, 0.0166, t(37456)], RMS: 10
11-12 12:31:50.242 21512 21536 I BWU@Recorder: Ph_input stream available : 6400 ==> flush  [ForkJoinPool.commonPool-worker-1] 
11-12 12:31:50.247 21512 21537 I ISG_Wakeup_Verify: [KWD] Normal - scores: [0.0107, 0.0000, t(37460)], [0.0010, 0.0020, t(37464)], [0.0000, 0.0010, t(37468)], [0.0000, 0.0000, t(37472)], [0.0000, 0.0010, t(37476)], RMS: 11
11-12 12:31:50.441 21512 21536 I BWU@Recorder: Ph_input stream available : 6400 ==> flush  [ForkJoinPool.commonPool-worker-1] 
11-12 12:31:50.445 21512 21537 I ISG_Wakeup_Verify: [KWD] Normal - scores: [0.0000, 0.0010, t(37480)], [0.0000, 0.0000, t(37484)], [0.0000, 0.0020, t(37488)], [0.0000, 0.0010, t(37492)], [0.0000, 0.0000, t(37496)], RMS: 12
11-12 12:31:50.563  1151  1376 D InputReader: Btn_touch(9): value=1 when=110504.174895
11-12 12:31:50.563  1151  1376 I InputReader: Touch event's action is 0x0 (id=2, t=0) [pCnt=1, s=0.45418 ] when=110504.174895
11-12 12:31:50.567  1151  1375 I InputDispatcher: Delivering touch to (1596): action: 0x4, f=0x0, d=0, '35b8c1f', t=1 
11-12 12:31:50.567  1151  1375 I InputDispatcher: Delivering touch to (19396): action: 0x4, f=0x0, d=0, 'd0cd922', t=1 
11-12 12:31:50.567  1151  1375 I InputDispatcher: Delivering touch to (1938): action: 0x0, f=0x0, d=0, 'aefa52a', t=1 
11-12 12:31:50.568  1938  1938 I ViewRootImpl@557e5d6[LauncherActivity]: ViewPostIme pointer 0
11-12 12:31:50.568  1938  1938 W BaseDragLayer: dispatchTouchEvent, ACTION_DOWN - mTouchDispatchState = 9
11-12 12:31:50.568  1151  1375 D PowerManagerService: [api] userActivityFromNative :  (event: 2 flags: 0 displayId: 0) eventTime = 110504174
11-12 12:31:50.568  1938  1938 W SearchLauncherServiceMover: isMoving : false
11-12 12:31:50.568  1938  1938 W BaseDragLayer: findActiveController return false mTouchDispatchState = 9
11-12 12:31:50.569  1151  1230 I GestureDetector: obtain mCurrentDownEvent. id: 1070873664 caller: com.android.server.wm.SystemGesturesPointerEventListener.onPointerEvent:203 com.android.server.wm.PointerEventDispatcher.onInputEvent:53 android.view.InputEventReceiver.dispatchInputEvent:285 
11-12 12:31:50.569  1938  1938 I TouchInteractionService: onInputEvent, inputConsumer = com.android.quickstep.l2@706dcca
11-12 12:31:50.569  1596  1596 D TwoFingerGesture: onDetecting in EdgeBackGestureHandler
11-12 12:31:50.569  1151  1230 I MultiWindowEdgeDetector: isTopTaskHomeOrRecents
11-12 12:31:50.570  1151  1230 I GestureDetector: obtain mCurrentDownEvent. id: 1070873664 caller: com.android.server.wm.SystemPerformancePointerEventListener.onPointerEvent:89 com.android.server.wm.PointerEventDispatcher.onInputEvent:53 android.view.InputEventReceiver.dispatchInputEvent:285 
11-12 12:31:50.570  1151  1375 D PowerManagerService: UserActivityStateListenerState: 1
11-12 12:31:50.571  3410  3410 I SemDvfsHyPerManager: acquire hyper - BaseTABoost/3410@23, type = 1090523139
11-12 12:31:50.571  1151  1230 I MultiWindowEdgeDetector: isTopTaskHomeOrRecents
11-12 12:31:50.571  3410  3410 I SemDvfsHyPerManager: acquire hyper - BaseTAToouchBoost/3410@25, type = 1090523139
11-12 12:31:50.572   745   771 I HYPER-HAL: [RequestManager.cpp]acquire(): Acquired ID : 5894484  [3410 / 23]    HINT :      list : [TABoost / 5] 
11-12 12:31:50.572   745   771 I HYPER-HAL: [RequestManager.cpp]acquire(): Acquired ID : 5901355  [3410 / 25]    HINT :      list : [TABoost / 20] [TIMEOUT / 1500] 
11-12 12:31:50.579  1151  1230 I GestureDetector: obtain mCurrentMotionEventRaw. action: 2 id: 86152325
11-12 12:31:50.579  1151  1230 I GestureDetector: obtain mCurrentMotionEventRaw. action: 2 id: 86152325
11-12 12:31:50.595  1938  1938 W BaseDragLayer: findActiveController return false mTouchDispatchState = 9
11-12 12:31:50.605  1938  1938 W BaseDragLayer: findActiveController return false mTouchDispatchState = 9
11-12 12:31:50.622  1938  1938 W BaseDragLayer: findActiveController return false mTouchDispatchState = 9
11-12 12:31:50.639  1938  1938 W SearchLauncherServiceMover: isMoving : false
11-12 12:31:50.639  1938  1938 I StateManager: createAnimationToNewWorkspaceInternal : AllApps
11-12 12:31:50.639  1938  1938 I AppsTransitionController: setStateWithAnimation - toState : AllApps
11-12 12:31:50.640  1938  1938 I HomeStateTransitionController: workspace child count: 2
11-12 12:31:50.640  1938  1938 I PartialBlurUtils: finishExitingPageEdit
11-12 12:31:50.640  1938  1938 I PartialBlurUtils: finishExitingPageEdit
11-12 12:31:50.641  1938  1938 I SuggestedAppsAnimationCreator: createAnimator: show = false
11-12 12:31:50.641  1938  1938 I SuggestedAppsAnimationCreator: resetAnimatorProperty: return already toAlpha
11-12 12:31:50.641  1938  1938 I SuggestedAppsAnimationCreator: cancelAnimator
11-12 12:31:50.641  1938  1938 I FolderTransitionController: setStateWithAnimation : AllApps
11-12 12:31:50.641  1938  1938 I FolderTransitionController: setFolderProperty : AllApps,Normal,Normal
11-12 12:31:50.641  1938  1938 I PageEditTransitionController: setStateWithAnimation - from : Normal to : AllApps
11-12 12:31:50.641  1938  1938 I StateManager: onAnimationStart state : AllApps
11-12 12:31:50.641  1938  1938 I StateManager: onStateTransitionStart mState = AllApps
11-12 12:31:50.642  1938  1938 I Launcher.AppsPagedView: setLayout(), l: 38, r: 38, b: 106, spacing: 39
11-12 12:31:50.642  1938  1938 I CustomPageIndicator: setPageIndicatorSize : 50
11-12 12:31:50.642  1938  1938 W HsDeviceProfile: invIconSizeRatio apps: 6.9
11-12 12:31:50.642  1938  1938 I Launcher: onStateSetEnd for widget host, state : AllApps
11-12 12:31:50.642  1938  1938 W LauncherAppWidgetHost: setShouldListenFlag, mFlags:15 flag:resume on:false isFront:false
11-12 12:31:50.642  1938  1938 I BaseActivity: addActivityFlags, flags : 64
11-12 12:31:50.643 21512 21536 I BWU@Recorder: Ph_input stream available : 6400 ==> flush  [ForkJoinPool.commonPool-worker-1] 
11-12 12:31:50.643  1938  1938 I RecentsView: setOverviewStateEnabled false
11-12 12:31:50.643  1938  1938 I RecentsOrientedState: current RecentsOrientedState: [this=RecentsOrientedState@220800523 mOrientationHandler=PortraitPagedViewHandler@194952424 mDisplayRotation=0 mTouchRotation=0 mRecentsActivityRotation=0 mRecentsRotation=0 isRecentsActivityRotationAllowed=false mSystemRotation=true mStateId=38272 mFlags=299]
11-12 12:31:50.644  1938  1938 I WallpaperBlurController: dispatchTransactionSurface: mCurrentBlur = 2
11-12 12:31:50.644  1938  1938 I BaseDragLayer: founded touch controller : com.android.launcher3.uioverrides.touchcontrollers.NoButtonNavbarToOverviewTouchController@4181daf
11-12 12:31:50.644  1938  1938 I BaseDragLayer: findActiveController - com.android.launcher3.uioverrides.touchcontrollers.NoButtonNavbarToOverviewTouchController
11-12 12:31:50.645  1938  1938 I Launcher.AppsPagedView: setLayout(), l: 38, r: 38, b: 106, spacing: 39
11-12 12:31:50.645  1938  1938 I Launcher.AppsPagedView: setLayout(), l: 38, r: 38, b: 106, spacing: 39
11-12 12:31:50.645  1938  1938 I Launcher.AppsPagedView: setLayout(), l: 38, r: 38, b: 106, spacing: 39
11-12 12:31:50.645 21512 21537 I ISG_Wakeup_Verify: [KWD] Normal - scores: [0.0000, 0.0010, t(37500)], [0.0000, 0.0010, t(37504)], [0.0000, 0.0000, t(37508)], [0.0010, 0.0010, t(37512)], [0.0059, 0.0010, t(37516)], RMS: 10
11-12 12:31:50.650  1938  2170 I SPayUpdater: updateSpayHandler, show = false, defaultPage = false
11-12 12:31:50.651  9376  9376 I SAMSUNGWALLET: [Hint_PayHintService] onReceive() action=com.sec.android.app.launcher.intent.action.UPDATE_SPAY_HANDLER
11-12 12:31:50.651  9376  9376 I SAMSUNGWALLET: [Hint_PayHintService] home change, s home : false , default : false , gesture : true , s result : false , prev : true
11-12 12:31:50.652  9376  9376 I SAMSUNGWALLET: [Hint_PayHintService] Hint Status - already invisible, skip hide : [4000000] - 4000000
11-12 12:31:50.655   816   816 D Layer   : [SEC_SF_EFFECTS] setBlurRegions ## {radius=2u, cornerRadii=[0.000000, 0.000000, 0.000000, 0.000000], alpha=0.039216, rect=[0, 0, 1080, 2400]
11-12 12:31:50.655  1938  1938 I WallpaperBlurController: dispatchTransactionSurface: mCurrentBlur = 16
11-12 12:31:50.657   816  2324 D NativeSemDvfsManager: acquire:: timeout = 2000 mIsAcquired = 1  mTagName : SurfaceFlinger 
11-12 12:31:50.657   816  2324 E NativeCustomFrequencyManager: [NativeCFMS] BpCustomFrequencyManager::acquire()
11-12 12:31:50.658   745   771 I HYPER-HAL: [RequestManager.cpp]acquire(): Acquired ID : 1650836  [816 / 1000]    HINT : SF_GPU_MINLOCK    list : [TIMEOUT / 2000] 
11-12 12:31:50.670  3410  3410 I SemDvfsHyPerManager: acquire hyper - BaseTABoost/3410@23, type = 1090523139
11-12 12:31:50.671  3410  3410 I SemDvfsHyPerManager: acquire hyper - BaseTAToouchBoost/3410@25, type = 1090523139
11-12 12:31:50.671   745   771 I HYPER-HAL: [RequestManager.cpp]acquire(): Acquired ID : 5894484  [3410 / 23]    HINT :      list : [TABoost / 5] 
11-12 12:31:50.671   745   771 I HYPER-HAL: [RequestManager.cpp]acquire(): Acquired ID : 5901355  [3410 / 25]    HINT :      list : [TABoost / 20] [TIMEOUT / 1500] 
11-12 12:31:50.672   816   816 D Layer   : [SEC_SF_EFFECTS] setBlurRegions ## {radius=16u, cornerRadii=[0.000000, 0.000000, 0.000000, 0.000000], alpha=0.317647, rect=[0, 0, 1080, 2400]
11-12 12:31:50.672  1938  1938 I WallpaperBlurController: dispatchTransactionSurface: mCurrentBlur = 38
11-12 12:31:50.688   816   816 D Layer   : [SEC_SF_EFFECTS] setBlurRegions ## {radius=38u, cornerRadii=[0.000000, 0.000000, 0.000000, 0.000000], alpha=0.756863, rect=[0, 0, 1080, 2400]
11-12 12:31:50.689  1938  1938 I WallpaperBlurController: dispatchTransactionSurface: mCurrentBlur = 62
11-12 12:31:50.705   816   816 D Layer   : [SEC_SF_EFFECTS] setBlurRegions ## {radius=62u, cornerRadii=[0.000000, 0.000000, 0.000000, 0.000000], alpha=1.239216, rect=[0, 0, 1080, 2400]
11-12 12:31:50.705  1938  1938 I WallpaperBlurController: dispatchTransactionSurface: mCurrentBlur = 88
11-12 12:31:50.722   816   816 D Layer   : [SEC_SF_EFFECTS] setBlurRegions ## {radius=88u, cornerRadii=[0.000000, 0.000000, 0.000000, 0.000000], alpha=1.756863, rect=[0, 0, 1080, 2400]
11-12 12:31:50.722  1938  1938 I WallpaperBlurController: dispatchTransactionSurface: mCurrentBlur = 123
11-12 12:31:50.728  1151  1376 D InputReader: Btn_touch(9): value=0 when=110504.340903
11-12 12:31:50.728  1151  1376 I InputReader: Touch event's action is 0x1 (id=2, t=0) [pCnt=1, s=] when=110504.340903
11-12 12:31:50.729  1151  1375 I InputDispatcher: Delivering touch to (1938): action: 0x1, f=0x0, d=0, 'aefa52a', t=1 
11-12 12:31:50.729  1938  1938 I WallpaperBlurController: dispatchTransactionSurface: mCurrentBlur = 130
11-12 12:31:50.730  1938  1938 I ViewRootImpl@557e5d6[LauncherActivity]: ViewPostIme pointer 1
11-12 12:31:50.730  1938  1938 W PortraitStatesTouchCtrl: updateSwipeCompleteAnimation, isFling = true, targetState = AllApps
11-12 12:31:50.730  1938  1938 I StateManager: onAnimationStart state : AllApps
11-12 12:31:50.730  1151  1151 I SemDvfsHyPerManager: acquire hyper - SMOOTH_SCROLL/1151@22, type = -999
11-12 12:31:50.730  1938  1938 I StateManager: onStateTransitionStart mState = AllApps
11-12 12:31:50.730  1596  1596 D TwoFingerGesture: onEnd EdgeBackGestureHandler
11-12 12:31:50.730  1938  1938 I Launcher.AppsPagedView: setLayout(), l: 38, r: 38, b: 106, spacing: 39
11-12 12:31:50.730  1938  1938 I CustomPageIndicator: setPageIndicatorSize : 50
11-12 12:31:50.730  1938  1938 W HsDeviceProfile: invIconSizeRatio apps: 6.9
11-12 12:31:50.730   745   771 I HYPER-HAL: [RequestManager.cpp]acquire(): Acquired ID : 688573  [1151 / 22]    HINT : SMOOTH_SCROLL    list : 
11-12 12:31:50.730  1938  1938 I Launcher: onStateSetEnd for widget host, state : AllApps
