11-12 12:31:53.878  1596  1671 D InsetsController: onStateChanged: InsetsState: {mDisplayFrame=Rect(0, 0 - 1080, 2400), mDisplayCutout=DisplayCutout{insets=Rect(0, 92 - 0, 0) waterfall=Insets{left=0, top=0, right=0, bottom=0} boundingRect={Bounds=[Rect(0, 0 - 0, 0), Rect(478, 0 - 602, 92), Rect(0, 0 - 0, 0), Rect(0, 0 - 0, 0)]} cutoutPathParserInfo={CutoutPathParserInfo{displayWidth=1080 displayHeight=2400 physicalDisplayWidth=1080 physicalDisplayHeight=2400 density={2.8125} cutoutSpec={M 0,0 H -22.0444444444444 V 32.71111111111111 H 22.0444444444444 V 0 H 0 Z @dp} rotation={0} scale={1.0} physicalPixelDisplaySizeRatio={1.0}}}}, mRoundedCorners=RoundedCorners{[RoundedCorner{position=TopLeft, radius=90, center=Point(90, 90)}, RoundedCorner{position=TopRight, radius=90, center=Point(990, 90)}, RoundedCorner{position=BottomRight, radius=90, center=Point(990, 2310)}, RoundedCorner{position=BottomLeft, radius=90, center=Point(90, 2310)}]}  mRoundedCornerFrame=Rect(0, 0 - 1080, 2400), mPrivacyIndicatorBounds=PrivacyIndicatorBounds {static bounds=Rect(956, 0 - 1080, 92) rotation=0}, mSources= { InsetsSource: {mType=ITYPE_STATUS_BAR, mFrame=[0,0][1080,92], mVisible=true, mInsetsRoundedCornerFrame=false}, InsetsSource: {mType=ITYPE_NAVIGATION_BAR, mFrame=[0,2358][1080,2400], mVisible=true, mInsetsRoundedCornerFrame=false}, InsetsSource: {mType=ITYPE_LEFT_GESTURES, mFrame=[0,0][84,2400], mVisible=true, mInsetsRoundedCornerFrame=false}, InsetsSource: {mType=ITYPE_RIGHT_GESTURES, mFrame=[996,0][1080,2400], mVisible=true, mInsetsRoundedCornerFrame=false}, InsetsSource: {mType=ITYPE_TOP_MANDATORY_GESTURES, mFrame=[0,0][1080,126], mVisible=true, mInsetsRoundedCornerFrame=false}, InsetsSource: {mType=ITYPE_BOTTOM_MANDATORY_GESTURES, mFrame=[0,2310][1080,2400], mVisible=true, mInsetsRoundedCornerFrame=false}, InsetsSource: {mType=ITYPE_LEFT_DISPLAY_CUTOUT, mFrame=[0,0][-100000,2400], mVisible=true, mInsetsRoundedCornerFrame=false}, InsetsSource: {mType=ITYPE_TOP_DISPLAY_CUTOUT, mFrame=[0,0][1080,92], mVisible=true, mInsetsRoundedCornerFrame=false}, InsetsSource: {mType=ITYPE_RIGHT_DISPLAY_CUTOUT, mFrame=[100000,0][1080,2400], mVisible=true, mInsetsRoundedCornerFrame=false}, InsetsSource: {mType=ITYPE_BOTTOM_DISPLAY_CUTOUT, mFrame=[0,100000][1080,2400], mVisible=true, mInsetsRoundedCornerFrame=false}, InsetsSource: {mType=ITYPE_TOP_TAPPABLE_ELEMENT, mFrame=[0,0][1080,92], mVisible=true, mInsetsRoundedCornerFrame=false}, InsetsSource: {mType=ITYPE_BOTTOM_TAPPABLE_ELEMENT, mFrame=[0,0][0,0], mVisible=true, mInsetsRoundedCornerFrame=false}, InsetsSource: {mType=ITYPE_IME, mFrame=[0,0][0,0], mVisibleFrame=[0,1392][1080,2400], mVisible=false, mInsetsRoundedCornerFrame=false} } host=Splash Screen com.empresa.meuapp from=android.view.ViewRootImpl.relayoutWindow:9802
11-12 12:31:53.878  1596  1671 I ViewRootImpl@5880026[meuapp]: updateBlastSurfaceIfNeeded mBlastBufferQueue=0xb40000735f572cf0 isSameSurfaceControl=true
11-12 12:31:53.878  1596  1671 I BLASTBufferQueue: update, w= 1080 h= 2400 mName = ViewRootImpl@5880026[meuapp] mNativeObject= 0xb40000735f572cf0 sc.mNativeObject= 0xb4000072ef5ac4e0 format= -3 caller= android.view.ViewRootImpl.updateBlastSurfaceIfNeeded:2898 android.view.ViewRootImpl.relayoutWindow:9847 android.view.ViewRootImpl.performTraversals:3884 android.view.ViewRootImpl.doTraversal:3116 android.view.ViewRootImpl$TraversalRunnable.run:10885 android.view.Choreographer$CallbackRecord.run:1301 
11-12 12:31:53.879  1596  1671 I ViewRootImpl@5880026[meuapp]: Relayout returned: old=(0,0,1080,2400) new=(0,0,1080,2400) req=(1080,2400)0 dur=7 res=0x0 s={true 0xb4000073ef626130} ch=false seqId=0
11-12 12:31:53.879  1151  3528 D InputMethodManagerService: isImeSwitcherDisabledPackage : false
11-12 12:31:53.879  1151  3528 D InputMethodManagerService: shouldShowImeSwitcherLocked : checking vis : 3
11-12 12:31:53.879  1151  3528 D InputMethodManagerService: checkDisplayOfStartInputAndUpdateKeyboard: displayId=0, mFocusedDisplayId=0
11-12 12:31:53.879  1151  3528 D InputTransport: Input channel constructed: 'ClientS', fd=888
11-12 12:31:53.879  1151  3528 D InputTransport: Input channel destroyed: 'ClientS', fd=888
11-12 12:31:53.879 23288 23288 D InputMethodManager: startInputInner - Id : 0
11-12 12:31:53.880  1151  3528 D RestrictionPolicy: isScreenCaptureEnabled : ret=true userId=0
11-12 12:31:53.880  6926  6926 I HBD     : HoneyBoardService onFinishInput 
11-12 12:31:53.880  1151  3528 I WindowManager: Cancelling animation restarting=true, leash=Surface(name=Surface(name=f599ee6 InputMethod)/@0xb5c23c3 - animation-leash of insets_animation)/@0x5af9599
11-12 12:31:53.880  1151  3528 I WindowManager: Reparenting to original parent: Surface(name=WindowToken{f589521 type=2011 android.os.Binder@e28c788})/@0x4f2d440, destroy=false, surface=Surface(name=f599ee6 InputMethod)/@0xb5c23c3
11-12 12:31:53.881  1151  3528 I WindowManager: Reparenting to leash, surface=Surface(name=f599ee6 InputMethod)/@0xb5c23c3, leashParent=Surface(name=WindowToken{f589521 type=2011 android.os.Binder@e28c788})/@0x4f2d440
11-12 12:31:53.881  6926  6926 I HBD     : a IC have been unbinding,  RemoteInputConnection{idHash=#cd1c57}
11-12 12:31:53.881  6926  6926 I HBD     : HoneyBoardService [PF_CL][onFinishInput]  1 ms 
11-12 12:31:53.881   816   843 I SurfaceFlinger: id=39869 createSurf flag=24004, Surface(name=f599ee6 InputMethod)/@0xb5c23c3 - animation-leash of insets_animation#39869
11-12 12:31:53.881  6926  6926 I HBD     : HoneyBoardService [IMI] onStartInput - caller pid : 23288 , caller uid : 10643 
11-12 12:31:53.881  6926  6926 I HBD     : j updateConfigs 
11-12 12:31:53.881  6926  6926 I HBD     : j isEnabledNightMode : true 
11-12 12:31:53.881  6926  6926 I HBD     : a IC have been binding, RemoteInputConnection{idHash=#841c344} 
11-12 12:31:53.881  6926  6926 I HBD     : h [EditorInputType]setPrivateImeOptionsToTable privateImeOptions ( null )
11-12 12:31:53.881  1151  3528 D WindowManager: makeSurface duration=1 leash=Surface(name=Surface(name=f599ee6 InputMethod)/@0xb5c23c3 - animation-leash of insets_animation)/@0x8939428
11-12 12:31:53.881   816   816 D SurfaceFlinger: Display 0 HWC layers:
11-12 12:31:53.881   816   816 D SurfaceFlinger:      CLIENT | 0xb4000078a0092e10 | 0100 | RGBx_8888    |    0.0    0.0 1200.0  540.0 |    0    0 1080 2400 | Wallpaper BBQ wrapper#81
11-12 12:31:53.881   816   816 D SurfaceFlinger:      CLIENT | 0xb4000078a00ac5d0 | 0100 | RGBA_8888    |    0.0    0.0 1080.0 2400.0 |    0    0 1080 2400 | com.sec.android.app.launcher/com.sec[...]erActivity$_1938#39848 (blurRegions)
11-12 12:31:53.881   816   816 D SurfaceFlinger:      CLIENT | 0xb4000078a00aaf10 | 0102 | RGBA_8888    |    0.0  300.0 1080.0 2277.0 |  182  682  976 2136 | com.empresa.meuapp/com.empresa.meuapp.MainActivity$_23288#39865
11-12 12:31:53.881   816   816 D SurfaceFlinger:      CLIENT | 0xb4000078a00ac250 | 0100 | RGBA_8888    |    0.0  300.0 1080.0 2277.0 |  182  682  976 2136 | Splash Screen com.empresa.meuapp$_1596#39858
11-12 12:31:53.881   816   816 D SurfaceFlinger:      DEVICE | 0xb4000078a00b0a10 | 0100 | RGBA_8888    |    0.0    0.0 1080.0   92.0 |    0    0 1080   92 | StatusBar$_1596#92
11-12 12:31:53.881   816   816 D SurfaceFlinger:      DEVICE | 0xb4000078a00b1110 | 0100 | RGBA_8888    |    0.0    0.0 1080.0  135.0 |    0 2265 1080 2400 | NavigationBar0$_1596#87
11-12 12:31:53.881   816   816 D SurfaceFlinger: 
11-12 12:31:53.881  6926  6926 I HBD     : b incognitoMode : false 
11-12 12:31:53.881  6926  6926 I HBD     : b needOff = true , isForceOff = false, isNullInputClass : true 
11-12 12:31:53.881  6926  6926 I HBD     : h getDefaultInputRange : UNKNOWN 
11-12 12:31:53.881  6926  6926 I HBD     : h getDefaultInputRange : UNKNOWN 
11-12 12:31:53.881  6926  6926 I HBD     : h getDefaultInputRange : UNKNOWN 
11-12 12:31:53.884  6926  6926 I HBD     : b needOff = true , isForceOff = false, isNullInputClass : true 
11-12 12:31:53.884  6926  6926 I HBD     : b update cached prediction status : false 
11-12 12:31:53.884  6926  6926 I HBD     : h getDefaultInputRange : UNKNOWN 
11-12 12:31:53.884  6926  6926 I HBD     : a currentState : 0 
11-12 12:31:53.885  1151  3528 D InputMethodManagerService: isImeSwitcherDisabledPackage : false
11-12 12:31:53.886  6926  6926 I HBD     : a [UpdatePolicy] [post] a: 0 cl: 3276809 kit: [0/0] vt: 0 ir: 1 
11-12 12:31:53.886  6926  6926 I HBD     : a [NRIC] resetNoResponseState 
11-12 12:31:53.886  6926  6926 I HBD     : b needOff = true , isForceOff = false, isNullInputClass : true 
11-12 12:31:53.886  6926  6926 I HBD     : b update cached prediction status : false 
11-12 12:31:53.886  6926  6926 I HBD     : HoneyBoardService [PF_OP][onStartInput]  5 ms 
11-12 12:31:53.887  6926  6926 I InputMethodService: removeImeSurface
11-12 12:31:53.887   816   816 I Layer   : id=39853 removeFromCurrentState Surface(name=f599ee6 InputMethod)/@0xb5c23c3 - animation-leash of insets_animation#39853 (117)
11-12 12:31:53.887   816   816 I SurfaceFlinger: id=39853 Removed Surface(name=f599ee6 InputMethod)/@0xb5c23c3 - animation-leash of insets_animation#39853 (117)
11-12 12:31:53.887   816   816 I Layer   : id=39853 Destroyed Surface(name=f599ee6 InputMethod)/@0xb5c23c3 - animation-leash of insets_animation#39853
11-12 12:31:53.888  6926  6926 I MSHandlerLifeCycle: check: return. pkg=com.samsung.android.honeyboard isActivity=false callers=com.android.internal.policy.DecorView.setVisibility:4412 android.app.Dialog.hide:767 android.inputmethodservice.InputMethodService.removeImeSurface:1290 android.inputmethodservice.InputMethodService.scheduleImeSurfaceRemoval:1279 android.inputmethodservice.InputMethodService.-$$Nest$mscheduleImeSurfaceRemoval:0 
11-12 12:31:53.888  6926  6926 I MSHandlerLifeCycle: removeMultiSplitHandler: no exist. decor=DecorView@518b972[InputMethod]
11-12 12:31:53.890  1938  4364 I ViewRootImpl@557e5d6[LauncherActivity]: mWNT: t=0xb40000731f554210 mBlastBufferQueue=0xb40000735f4e9e50 fn= 186 caller= com.android.systemui.shared.launcher.ViewRootImplCompat.mergeWithNextTransaction:2 com.android.quickstep.util.SurfaceTransactionApplier.lambda$scheduleApply$0:2 com.android.quickstep.util.SurfaceTransactionApplier.b:0 
11-12 12:31:53.893  1596  1596 I ViewRootImpl@cf6bda1[NotificationShade]: performTraversals mFirst=false windowShouldResize=false viewVisibilityChanged=false mForceNextWindowRelayout=false params={(0,0)(fillxfill) gr=TOP CENTER_VERTICAL sim={adjust=resize} layoutInDisplayCutoutMode=always ty=NOTIFICATION_SHADE fmt=TRANSLUCENT
11-12 12:31:53.893  1596  1596 I ViewRootImpl@cf6bda1[NotificationShade]:   fl=81840048
11-12 12:31:53.893  1596  1596 I ViewRootImpl@cf6bda1[NotificationShade]:   pfl=1b000000
11-12 12:31:53.893  1596  1596 I ViewRootImpl@cf6bda1[NotificationShade]:   bhv=SHOW_TRANSIENT_BARS_BY_SWIPE
11-12 12:31:53.893  1596  1596 I ViewRootImpl@cf6bda1[NotificationShade]:  dimAmount=0.0 naviIconColor=0
11-12 12:31:53.893  1596  1596 I ViewRootImpl@cf6bda1[NotificationShade]:   sfl=40000}
11-12 12:31:53.893  1151  3528 V WindowManager: Relayout Window{f9198cb u0 NotificationShade}: viewVisibility=4 req=1080x2400 d0
11-12 12:31:53.894  1151  3528 V WindowManager: Relayout hash=f9198cb, pid=1596, syncId=-1: mAttrs={(0,0)(fillxfill) gr=TOP CENTER_VERTICAL sim={adjust=resize} layoutInDisplayCutoutMode=always ty=NOTIFICATION_SHADE fmt=TRANSLUCENT
11-12 12:31:53.894  1151  3528 V WindowManager:   fl=81840048
11-12 12:31:53.894  1151  3528 V WindowManager:   pfl=1b000000
11-12 12:31:53.894  1151  3528 V WindowManager:   bhv=SHOW_TRANSIENT_BARS_BY_SWIPE
11-12 12:31:53.894  1151  3528 V WindowManager:  dimAmount=0.0 naviIconColor=0
11-12 12:31:53.894  1151  3528 V WindowManager:   sfl=40000}
11-12 12:31:53.895  1596  1596 I ViewRootImpl@cf6bda1[NotificationShade]: Relayout returned: old=(0,0,1080,2400) new=(0,0,1080,2400) req=(1080,2400)4 dur=2 res=0x0 s={false 0x0} ch=false seqId=7
11-12 12:31:53.897  1596  1596 I FaceWidgetPositionAlgorithm: getClockContainerHeight() supplier = 290, bottom margin = 0, real height = 358
11-12 12:31:53.897  1596  1596 I FaceWidgetPositionAlgorithm: getClockContainerHeight() supplier = 290, bottom margin = 68, real height = 358
11-12 12:31:53.897  1596  1596 I FaceWidgetPositionAlgorithm: getMediaContainerHeight() height = 0 container Visibility = 8, isValid = false, mIsDozing = false, fraction = 1.0, source = 0, target = 0
11-12 12:31:53.897  1596  1596 I FaceWidgetPositionAlgorithm: getMediaContainerHeight() supplier = 0
11-12 12:31:53.905  1938  4363 I ViewRootImpl@557e5d6[LauncherActivity]: mWNT: t=0xb40000731f4a09f0 mBlastBufferQueue=0xb40000735f4e9e50 fn= 187 caller= com.android.systemui.shared.launcher.ViewRootImplCompat.mergeWithNextTransaction:2 com.android.quickstep.util.SurfaceTransactionApplier.lambda$scheduleApply$0:2 com.android.quickstep.util.SurfaceTransactionApplier.b:0 
11-12 12:31:53.922  1596  1751 I ViewRootImpl@5880026[meuapp]: mWNT: t=0xb40000731f54dbb0 mBlastBufferQueue=0xb40000735f572cf0 fn= 2 caller= android.view.SyncRtSurfaceTransactionApplier.applyTransaction:96 android.view.SyncRtSurfaceTransactionApplier.lambda$scheduleApply$0$android-view-SyncRtSurfaceTransactionApplier:69 android.view.SyncRtSurfaceTransactionApplier$$ExternalSyntheticLambda0.onFrameDraw:4 
11-12 12:31:53.922  1596  1751 I ViewRootImpl@5880026[meuapp]: mWNT: t=0xb40000731f56a110 mBlastBufferQueue=0xb40000735f572cf0 fn= 2 caller= android.view.SyncRtSurfaceTransactionApplier.applyTransaction:96 android.view.SyncRtSurfaceTransactionApplier.lambda$scheduleApply$0$android-view-SyncRtSurfaceTransactionApplier:69 android.view.SyncRtSurfaceTransactionApplier$$ExternalSyntheticLambda0.onFrameDraw:4 
11-12 12:31:53.924  1938  4364 I ViewRootImpl@557e5d6[LauncherActivity]: mWNT: t=0xb40000731f51bbd0 mBlastBufferQueue=0xb40000735f4e9e50 fn= 188 caller= com.android.systemui.shared.launcher.ViewRootImplCompat.mergeWithNextTransaction:2 com.android.quickstep.util.SurfaceTransactionApplier.lambda$scheduleApply$0:2 com.android.quickstep.util.SurfaceTransactionApplier.b:0 
11-12 12:31:53.924  1151  1230 I GestureDetector: handleMessage TAP
11-12 12:31:53.924  1151  1151 I GestureDetector: handleMessage TAP
11-12 12:31:53.938  1596  1750 I ViewRootImpl@5880026[meuapp]: mWNT: t=0xb40000731f5ba4b0 mBlastBufferQueue=0xb40000735f572cf0 fn= 3 caller= android.view.SyncRtSurfaceTransactionApplier.applyTransaction:96 android.view.SyncRtSurfaceTransactionApplier.lambda$scheduleApply$0$android-view-SyncRtSurfaceTransactionApplier:69 android.view.SyncRtSurfaceTransactionApplier$$ExternalSyntheticLambda0.onFrameDraw:4 
11-12 12:31:53.939  1938  4363 I ViewRootImpl@557e5d6[LauncherActivity]: mWNT: t=0xb40000731f51a1f0 mBlastBufferQueue=0xb40000735f4e9e50 fn= 189 caller= com.android.systemui.shared.launcher.ViewRootImplCompat.mergeWithNextTransaction:2 com.android.quickstep.util.SurfaceTransactionApplier.lambda$scheduleApply$0:2 com.android.quickstep.util.SurfaceTransactionApplier.b:0 
11-12 12:31:53.954  1596  1751 I ViewRootImpl@5880026[meuapp]: mWNT: t=0xb40000731f57b810 mBlastBufferQueue=0xb40000735f572cf0 fn= 4 caller= android.view.SyncRtSurfaceTransactionApplier.applyTransaction:96 android.view.SyncRtSurfaceTransactionApplier.lambda$scheduleApply$0$android-view-SyncRtSurfaceTransactionApplier:69 android.view.SyncRtSurfaceTransactionApplier$$ExternalSyntheticLambda0.onFrameDraw:4 
11-12 12:31:53.956  1938  4364 I ViewRootImpl@557e5d6[LauncherActivity]: mWNT: t=0xb40000731f50fed0 mBlastBufferQueue=0xb40000735f4e9e50 fn= 190 caller= com.android.systemui.shared.launcher.ViewRootImplCompat.mergeWithNextTransaction:2 com.android.quickstep.util.SurfaceTransactionApplier.lambda$scheduleApply$0:2 com.android.quickstep.util.SurfaceTransactionApplier.b:0 
11-12 12:31:53.958  1151  1804 V MdnieScenarioControlService: mAclOffEnabled : false mAclPreviewState : false mAclCompensationState : false
11-12 12:31:53.971  1596  1684 D OpenGLRenderer: setSurface called with nullptr
11-12 12:31:53.971  1596  1684 D OpenGLRenderer: setSurface() destroyed EGLSurface
11-12 12:31:53.971  1596  1684 D OpenGLRenderer: destroyEglSurface
11-12 12:31:53.972  1596  1671 I ViewRootImpl@5880026[meuapp]: performTraversals params={(0,0)(fillxfill) sim={adjust=pan} ty=APPLICATION_STARTING fmt=TRANSLUCENT wanim=0x1030309 alpha=0.0
11-12 12:31:53.972  1596  1671 I ViewRootImpl@5880026[meuapp]:   fl=81030118
11-12 12:31:53.972  1596  1671 I ViewRootImpl@5880026[meuapp]:   pfl=16000010
11-12 12:31:53.972  1596  1671 I ViewRootImpl@5880026[meuapp]:   bhv=DEFAULT
11-12 12:31:53.972  1596  1671 I ViewRootImpl@5880026[meuapp]:   fitSides= naviIconColor=0}
11-12 12:31:53.973  1151  3528 I AppOps  : updateUidProcState uid: 10063 procState: 0 capability:15
11-12 12:31:53.973   957  4328 I CameraService: onUidStateChanged: uid=10063, procState is changed. (1 -> 0)
11-12 12:31:53.973   805 15957 V APM_AudioPolicyManager: setAppState(portId:4257, state:2)
11-12 12:31:53.974  1151  1246 W libprocessgroup: Failed to open /dev/blkio//cgroup.procs: No such file or directory
11-12 12:31:53.974  1938  4363 I ViewRootImpl@557e5d6[LauncherActivity]: mWNT: t=0xb40000731f497d50 mBlastBufferQueue=0xb40000735f4e9e50 fn= 191 caller= com.android.systemui.shared.launcher.ViewRootImplCompat.mergeWithNextTransaction:2 com.android.quickstep.util.SurfaceTransactionApplier.lambda$scheduleApply$0:2 com.android.quickstep.util.SurfaceTransactionApplier.b:0 
11-12 12:31:53.974  1596  1671 I ViewRootImpl@5880026[meuapp]: performTraversals mFirst=false windowShouldResize=false viewVisibilityChanged=true mForceNextWindowRelayout=false params={(0,0)(fillxfill) sim={adjust=pan} ty=APPLICATION_STARTING fmt=TRANSLUCENT wanim=0x1030309 alpha=0.0
11-12 12:31:53.974  1596  1671 I ViewRootImpl@5880026[meuapp]:   fl=81030118
11-12 12:31:53.974  1596  1671 I ViewRootImpl@5880026[meuapp]:   pfl=16000010
11-12 12:31:53.974  1596  1671 I ViewRootImpl@5880026[meuapp]:   bhv=DEFAULT
11-12 12:31:53.974  1596  1671 I ViewRootImpl@5880026[meuapp]:   fitSides= naviIconColor=0}
11-12 12:31:53.975  1151  3516 V WindowManager: Relayout Window{847aaf1 u0 Splash Screen com.empresa.meuapp}: viewVisibility=8 req=1080x2400 d0
11-12 12:31:53.975  1151  3516 D WindowManager: Set animatingExit: reason=startExitingAnimation/isExitAnimationRunningSelfOrParent win=Window{847aaf1 u0 Splash Screen com.empresa.meuapp EXITING}
11-12 12:31:53.977  1151  3516 V WindowManager: Relayout hash=847aaf1, pid=1596, syncId=-1: mAttrs={(0,0)(fillxfill) sim={adjust=pan} ty=APPLICATION_STARTING fmt=TRANSLUCENT wanim=0x1030309 alpha=0.0
11-12 12:31:53.977  1151  3516 V WindowManager:   fl=81030118
11-12 12:31:53.977  1151  3516 V WindowManager:   pfl=16000010
11-12 12:31:53.977  1151  3516 V WindowManager:   bhv=DEFAULT
11-12 12:31:53.977  1151  3516 V WindowManager:   fitSides= naviIconColor=0}
11-12 12:31:53.978  1596  1671 I ViewRootImpl@5880026[meuapp]: Relayout returned: old=(0,0,1080,2400) new=(0,0,1080,2400) req=(1080,2400)8 dur=4 res=0x2 s={false 0x0} ch=true seqId=0
11-12 12:31:53.978  1596  1671 I ViewRootImpl@5880026[meuapp]: dispatchDetachedFromWindow
11-12 12:31:53.978  1151  3516 D CoreBackPreview: Window{847aaf1 u0 Splash Screen com.empresa.meuapp EXITING}: Setting back callback null
11-12 12:31:53.978  1151  3528 D WindowManager: Starting window removed Window{847aaf1 u0 Splash Screen com.empresa.meuapp EXITING}
11-12 12:31:53.978  1151  3528 I WindowManager: Cancelling animation restarting=false, leash=Surface(name=Surface(name=43e5f6a com.empresa.meuapp/com.empresa.meuapp.MainActivity)/@0x2dc7310 - animation-leash of starting_reveal)/@0xd9ee80e
11-12 12:31:53.978  1151  3528 I WindowManager: Reparenting to original parent: Surface(name=ActivityRecord{9e095fe u0 com.empresa.meuapp/.MainActivity} t488})/@0x14c0e09, destroy=false, surface=Surface(name=43e5f6a com.empresa.meuapp/com.empresa.meuapp.MainActivity)/@0x2dc7310
11-12 12:31:53.978  1151  3528 D InputTransport: Input channel destroyed: '847aaf1', fd=708
11-12 12:31:53.978  1151  3528 W InputManager-JNI: Input channel object '847aaf1 Splash Screen com.empresa.meuapp (client)' was disposed without first being removed with the input manager!
11-12 12:31:53.978  1151  3528 D InputTransport: Input channel destroyed: '847aaf1', fd=718
11-12 12:31:53.978  1151  3528 V WindowManager: Remove Window{847aaf1 u0 Splash Screen com.empresa.meuapp EXITING}: mSurfaceController=Surface(name=Splash Screen com.empresa.meuapp$_1596)/@0xfb14827 mAnimatingExit=true mRemoveOnExit=false mHasSurface=true surfaceShowing=true animating=true app-animation=true mWillReplaceWindow=false mDisplayFrozen=false callers=com.android.server.wm.WindowState.removeIfPossible:3041 com.android.server.wm.WindowManagerService.removeWindow:2289 com.android.server.wm.Session.remove:236 android.view.IWindowSession$Stub.onTransact:743 com.android.server.wm.Session.onTransact:188 android.os.Binder.execTransactInternal:1316 
11-12 12:31:53.980  1596  1671 D InputTransport: Input channel destroyed: '847aaf1', fd=313
11-12 12:31:53.987   816   816 I Layer   : id=39868 removeFromCurrentState Surface(name=43e5f6a com.empresa.meuapp/com.empresa.meuapp.MainActivity)/@0x2dc7310 - animation-leash of starting_reveal#39868 (116)
11-12 12:31:53.989  1938  4364 I ViewRootImpl@557e5d6[LauncherActivity]: mWNT: t=0xb40000731f4c62b0 mBlastBufferQueue=0xb40000735f4e9e50 fn= 192 caller= com.android.systemui.shared.launcher.ViewRootImplCompat.mergeWithNextTransaction:2 com.android.quickstep.util.SurfaceTransactionApplier.lambda$scheduleApply$0:2 com.android.quickstep.util.SurfaceTransactionApplier.b:0 
11-12 12:31:53.997   816   816 D SurfaceFlinger: Display 0 HWC layers:
11-12 12:31:53.997   816   816 D SurfaceFlinger:      CLIENT | 0xb4000078a0092e10 | 0100 | RGBx_8888    |    0.0    0.0 1200.0  540.0 |    0    0 1080 2400 | Wallpaper BBQ wrapper#81
11-12 12:31:53.997   816   816 D SurfaceFlinger:      CLIENT | 0xb4000078a00b3790 | 0100 | RGBA_8888    |    0.0    0.0 1080.0 2400.0 |    0    0 1080 2400 | com.sec.android.app.launcher/com.sec[...]erActivity$_1938#39848 (blurRegions)
11-12 12:31:53.997   816   816 D SurfaceFlinger:      CLIENT | 0xb4000078a00aaf10 | 0102 | RGBA_8888    |    0.0    0.0 1080.0 2400.0 |   10   24 1075 2391 | com.empresa.meuapp/com.empresa.meuapp.MainActivity$_23288#39865
11-12 12:31:53.997   816   816 D SurfaceFlinger:      DEVICE | 0xb4000078a00b6510 | 0100 | RGBA_8888    |    0.0    0.0 1080.0   92.0 |    0    0 1080   92 | StatusBar$_1596#92
11-12 12:31:53.997   816   816 D SurfaceFlinger:      DEVICE | 0xb4000078a00b1110 | 0100 | RGBA_8888    |    0.0    0.0 1080.0  135.0 |    0 2265 1080 2400 | NavigationBar0$_1596#87
11-12 12:31:53.997   816   816 D SurfaceFlinger: 
11-12 12:31:54.005  1938  4363 I ViewRootImpl@557e5d6[LauncherActivity]: mWNT: t=0xb40000731f4b6a10 mBlastBufferQueue=0xb40000735f4e9e50 fn= 193 caller= com.android.systemui.shared.launcher.ViewRootImplCompat.mergeWithNextTransaction:2 com.android.quickstep.util.SurfaceTransactionApplier.lambda$scheduleApply$0:2 com.android.quickstep.util.SurfaceTransactionApplier.b:0 
11-12 12:31:54.021  1938  1938 W AppTransitionAnimatorImpl: onAnimationEnd - APP IN, Execution time for each frame : Start-(30)-0-(16)-1-(16)-0-(16)-1-(16)-1-(16)-0-(16)-1-(17)-1-(15)-0-(17)-1-(15)-1-(16)-0-(16)-1-(16)-1-(16)-0-(16)-1-End
11-12 12:31:54.021  1938  1938 I AnimationResult: AnimationResult finish : onAnimationEnd
11-12 12:31:54.021  1938  1938 I AnimationResult: finish : false, com.android.launcher3.g@a824d2e
11-12 12:31:54.021  1938  2168 I AnimationResult: finish callback : com.android.launcher3.g@a824d2e
11-12 12:31:54.021  1151  3528 D WindowManager: app-onAnimationFinished(): mOuter=RemoteAnimationController@d7993ba
11-12 12:31:54.021  1151  3528 D WindowManager: onAnimationFinished(RemoteAnimationController@d7993ba): mPendingAnimations=2, caller=
11-12 12:31:54.021  1151  3528 D WindowManager: app-release(): mOuter=RemoteAnimationController@d7993ba
11-12 12:31:54.021  1151  3528 D WindowManager: onAnimationFinished(): Notify animation finished:
11-12 12:31:54.022  1151  3528 I WindowManager: Reparenting to original parent: Surface(name=DefaultTaskDisplayArea)/@0x8adf877, destroy=true, surface=Surface(name=Task=488)/@0x5b313dc
11-12 12:31:54.022 23288 23339 I ExpoModulesCore:  AppContext was initialized
11-12 12:31:54.022  1938  4364 I ViewRootImpl@557e5d6[LauncherActivity]: mWNT: t=0xb40000731f515450 mBlastBufferQueue=0xb40000735f4e9e50 fn= 194 caller= com.android.systemui.shared.launcher.ViewRootImplCompat.mergeWithNextTransaction:2 com.android.quickstep.util.SurfaceTransactionApplier.lambda$scheduleApply$0:2 com.android.quickstep.util.SurfaceTransactionApplier.b:0 
11-12 12:31:54.023  1938  1938 I AppTransitionAnimatorImpl: resetContentView
11-12 12:31:54.023  1151  3528 E WindowManager: win=Window{847aaf1 u0 Splash Screen com.empresa.meuapp EXITING} destroySurfaces: appStopped=false cleanupOnResume=false win.mWindowRemovalAllowed=true win.mRemoveOnExit=true win.mViewVisibility=8 caller=com.android.server.wm.WindowState.onExitAnimationDone:6000 com.android.server.wm.ActivityRecord$$ExternalSyntheticLambda10.accept:2 java.util.ArrayList.forEach:1613 com.android.server.wm.ActivityRecord.onAnimationFinished:8607 com.android.server.wm.WindowContainer.doAnimationFinished:3483 com.android.server.wm.WindowContainer.onAnimationFinished:3495 com.android.server.wm.Task.onAnimationFinished:8636 
11-12 12:31:54.024  1151  3528 I WindowManager: Destroying surface Surface(name=Splash Screen com.empresa.meuapp$_1596)/@0xfb14827 called by com.android.server.wm.WindowStateAnimator.destroySurface:942 com.android.server.wm.WindowStateAnimator.destroySurfaceLocked:536 com.android.server.wm.WindowState.destroySurfaceUnchecked:4309 com.android.server.wm.WindowState.destroySurface:4283 com.android.server.wm.WindowState.onExitAnimationDone:6000 com.android.server.wm.ActivityRecord$$ExternalSyntheticLambda10.accept:2 java.util.ArrayList.forEach:1613 com.android.server.wm.ActivityRecord.onAnimationFinished:8607 
11-12 12:31:54.025  1151  1232 D PowerManagerService: [api] setScreenDimDurationOverrideFromWindowManagerInternal: timeoutMillis: -1
11-12 12:31:54.025  1151  3528 D WindowManager: 	container=Task{2c7715f #488 type=standard A=10643:com.empresa.meuapp U=0 visible=true visibleRequested=true mode=fullscreen translucent=false sz=1}
11-12 12:31:54.025  1151  3528 I WindowManager: Reparenting to original parent: Surface(name=DefaultTaskDisplayArea)/@0x8adf877, destroy=true, surface=Surface(name=Task=1)/@0xc2eea76
11-12 12:31:54.025  1151  3528 V WindowManager: Setting visibility of Window{d0cd922 u0 com.sec.android.app.launcher/com.sec.android.app.launcher.activities.LauncherActivity}: false, caller=com.android.server.wm.WindowContainer.sendAppVisibilityToClients:1246 com.android.server.wm.WindowToken.setClientVisible:431 com.android.server.wm.ActivityRecord.setClientVisible:7691 com.android.server.wm.ActivityRecord.onAnimationFinished:8590 com.android.server.wm.WindowContainer.doAnimationFinished:3483 
11-12 12:31:54.025  1151  3528 V WindowManager: Setting visibility of Window{aefa52a u0 com.sec.android.app.launcher/com.sec.android.app.launcher.activities.LauncherActivity}: false, caller=com.android.server.wm.WindowContainer.sendAppVisibilityToClients:1246 com.android.server.wm.WindowToken.setClientVisible:431 com.android.server.wm.ActivityRecord.setClientVisible:7691 com.android.server.wm.ActivityRecord.onAnimationFinished:8590 com.android.server.wm.WindowContainer.doAnimationFinished:3483 
11-12 12:31:54.026  1151  3528 D WindowManager: 	container=Task{8ed22d0 #1 type=home ?? U=0 visible=false visibleRequested=false mode=fullscreen translucent=true sz=1}
11-12 12:31:54.026  1151  3528 I WindowManager: Reparenting to original parent: Surface(name=Leaf:0:1)/@0xcffa513, destroy=true, surface=Surface(name=WallpaperWindowToken{a039e71 token=android.os.Binder@fffe418})/@0xe973802
11-12 12:31:54.026  1151  3528 D WindowManager: 	wallpaper=WallpaperWindowToken{a039e71 token=android.os.Binder@fffe418}
11-12 12:31:54.026  1151  3528 I WindowManager: Reparenting to original parent: Surface(name=Leaf:24:25)/@0x6fd449c, destroy=true, surface=Surface(name=WindowToken{cf546c3 type=2019 android.os.BinderProxy@88e137d})/@0x6748a42
11-12 12:31:54.026  1151  3528 D WindowManager: 	nonApp=WindowToken{cf546c3 type=2019 android.os.BinderProxy@88e137d}
11-12 12:31:54.026 19396 19396 I ViewRootImpl@ef4b8e1[LauncherActivity]: handleAppVisibility mAppVisible = true visible = false
11-12 12:31:54.026  1151  3528 I WindowManager: Finishing remote animation
11-12 12:31:54.028  1151  1233 V WindowManager: Setting visibility of Window{116636f u0 com.android.systemui.ImageWallpaper}: false, caller=com.android.server.wm.WindowContainer.sendAppVisibilityToClients:1246 com.android.server.wm.WindowToken.setClientVisible:431 com.android.server.wm.WallpaperWindowToken.setVisible:160 com.android.server.wm.WallpaperWindowToken.updateWallpaperWindows:154 com.android.server.wm.WallpaperController.updateWallpaperTokens:676 
11-12 12:31:54.028  1596  2741 D WallpaperService: dispatchAppVisibility onVisibilityChanged(): false
11-12 12:31:54.028  1596  1596 D WallpaperService: reportVisibility onVisibilityChanged visible: false
11-12 12:31:54.028  1596  1825 I ImageWallpaper[GLEngine]:  onVisibilityChanged false , 0
11-12 12:31:54.031  1151  1232 I ActivityManager: Changes in 10140 2 to 5, 15 to 8
11-12 12:31:54.032  1151  1246 W libprocessgroup: Failed to open /dev/blkio//cgroup.procs: No such file or directory
11-12 12:31:54.033  1151  1232 I AppOps  : updateUidProcState uid: 10230 procState: 5 capability:15
11-12 12:31:54.033  1151  1232 I AppOps  : updateUidProcState uid: 10229 procState: 5 capability:15
11-12 12:31:54.034  1151  1246 W libprocessgroup: Failed to open /dev/blkio//cgroup.procs: No such file or directory
11-12 12:31:54.034  1151  1246 W libprocessgroup: Failed to open /dev/blkio//cgroup.procs: No such file or directory
11-12 12:31:54.035 23288 23339 W unknown:BridgelessReact: ReactHost{0}.getOrCreateReactInstanceTask(): Loading JS Bundle
11-12 12:31:54.035 21512 21536 I BWU@Recorder: Ph_input stream available : 6400 ==> flush  [ForkJoinPool.commonPool-worker-1] 
11-12 12:31:54.035   805 15957 V APM_AudioPolicyManager: setAppState(portId:4257, state:2)
11-12 12:31:54.035   805 15957 V APM_AudioPolicyManager: setAppState(portId:4257, state:2)
11-12 12:31:54.035   805 15957 V APM_AudioPolicyManager: setAppState(portId:4257, state:2)
11-12 12:31:54.036   805 15957 V APM_AudioPolicyManager: setAppState(portId:4257, state:2)
11-12 12:31:54.036   957  4328 I CameraService: onUidStateChanged: uid=10230, procState is changed. (3 -> 5)
11-12 12:31:54.036  1151  1495 W SemWifiTransportLayerUtils: getApplicationCategory - IOException com.empresa.meuapp
11-12 12:31:54.036  1151  1495 W System.err: java.io.FileNotFoundException: https://play.google.com/store/apps/details?id=com.empresa.meuapp&hl=en
11-12 12:31:54.036  1151  1495 W System.err: 	at com.android.okhttp.internal.huc.HttpURLConnectionImpl.getInputStream(HttpURLConnectionImpl.java:255)
11-12 12:31:54.036  1151  1495 W System.err: 	at com.android.okhttp.internal.huc.DelegatingHttpsURLConnection.getInputStream(DelegatingHttpsURLConnection.java:211)
11-12 12:31:54.036  1151  1495 W System.err: 	at com.android.okhttp.internal.huc.HttpsURLConnectionImpl.getInputStream(HttpsURLConnectionImpl.java:30)
11-12 12:31:54.036  1151  1495 W System.err: 	at com.samsung.android.server.wifi.tcp.SemWifiTransportLayerUtils.getApplicationCategory(SemWifiTransportLayerUtils.java:104)
11-12 12:31:54.036  1151  1495 W System.err: 	at com.samsung.android.server.wifi.tcp.SemWifiTransportLayerMonitor$TcpMonitorHandler.handleMessage(SemWifiTransportLayerMonitor.java:244)
11-12 12:31:54.036  1151  1495 W System.err: 	at android.os.Handler.dispatchMessage(Handler.java:106)
11-12 12:31:54.036  1151  1495 W System.err: 	at android.os.Looper.loopOnce(Looper.java:226)
11-12 12:31:54.036  1151  1495 W System.err: 	at android.os.Looper.loop(Looper.java:313)
11-12 12:31:54.036  1151  1495 W System.err: 	at android.os.HandlerThread.run(HandlerThread.java:67)
11-12 12:31:54.037  1151  1495 D SemWifiPackageInfo: isSkipCategory - skip:FAILED
11-12 12:31:54.037  1151  1495 D SemWifiTransportLayerMonitor.TcpMonitorHandler: MSG_SAVE_PACKAGE_INFO
11-12 12:31:54.037  1151  1495 D SemWifiTransportLayerFileManager: saveWifiPackageInfoToFile
11-12 12:31:54.037  1151  1495 D SemWifiTransportLayerFileManager: writeWifiPackageInfoList
11-12 12:31:54.037   816   816 I Layer   : id=39858 removeFromCurrentState Splash Screen com.empresa.meuapp$_1596#39858 (116)
11-12 12:31:54.037   816   816 I Layer   : id=39860 removeFromCurrentState Surface(name=Task=488)/@0x5b313dc - animation-leash of app_transition#39860 (116)
11-12 12:31:54.037   816   816 I Layer   : id=39857 removeFromCurrentState 847aaf1 Splash Screen com.empresa.meuapp#39857 (116)
11-12 12:31:54.037   816   816 I Layer   : Layer [Splash Screen com.empresa.meuapp$_1596#39858] hidden!! flag(1)
11-12 12:31:54.037   816   816 I Layer   : id=39859 removeFromCurrentState Surface(name=Task=1)/@0xc2eea76 - animation-leash of app_transition#39859 (116)
11-12 12:31:54.037   816   816 I Layer   : id=39861 removeFromCurrentState Surface(name=WallpaperWindowToken{a039e71 token=android.os.Binder@fffe418})/@0xe973802 - animation-leash of window_animation#39861 (116)
11-12 12:31:54.038   816   816 I Layer   : id=39862 removeFromCurrentState Surface(name=WindowToken{cf546c3 type=2019 android.os.BinderProxy@88e137d})/@0x6748a42 - animation-leash of window_animation#39862 (116)
11-12 12:31:54.038   816   816 I Layer   : Layer [com.sec.android.app.launcher/com.sec.android.app.launcher.activities.LauncherActivity$_1938#39848] hidden!! flag(1)
11-12 12:31:54.038   816   816 I Layer   : Layer [com.sec.android.app.launcher/com.sec.android.app.launcher.activities.LauncherActivity$_19396#39847] hidden!! flag(1)
11-12 12:31:54.038 21512 21537 I ISG_Wakeup_Verify: [KWD] Normal - scores: [0.0039, 0.0137, t(37840)], [0.0166, 0.0078, t(37844)], [0.0010, 0.0146, t(37848)], [0.0137, 0.0117, t(37852)], [0.0039, 0.0176, t(37856)], RMS: 43
11-12 12:31:54.038   816   816 I SurfaceFlinger: id=39857 Removed 847aaf1 Splash Screen com.empresa.meuapp#39857 (116)
11-12 12:31:54.038   816   816 I SurfaceFlinger: id=39858 Removed Splash Screen com.empresa.meuapp$_1596#39858 (116)
11-12 12:31:54.038   816   816 I Layer   : id=39857 Destroyed 847aaf1 Splash Screen com.empresa.meuapp#39857
11-12 12:31:54.039   816   816 I Layer   : id=39858 Destroyed Splash Screen com.empresa.meuapp$_1596#39858
11-12 12:31:54.039 19396 19432 D OpenGLRenderer: setSurface called with nullptr
11-12 12:31:54.039 19396 19432 D OpenGLRenderer: setSurface() destroyed EGLSurface
11-12 12:31:54.039 19396 19432 D OpenGLRenderer: destroyEglSurface
11-12 12:31:54.039 19396 19396 I ViewRootImpl@ef4b8e1[LauncherActivity]: performTraversals mFirst=false windowShouldResize=false viewVisibilityChanged=true mForceNextWindowRelayout=false params=null
11-12 12:31:54.040  1151  3516 V WindowManager: Relayout Window{d0cd922 u0 com.sec.android.app.launcher/com.sec.android.app.launcher.activities.LauncherActivity}: viewVisibility=8 req=1080x2400 d0
11-12 12:31:54.040 23288 23339 W unknown:BridgelessReact: ReactHost{0}.getOrCreateReactInstanceTask(): Calling DevSupportManagerBase.onNewReactContextCreated(reactContext)
11-12 12:31:54.040 23288 23339 W unknown:BridgelessReact: ReactHost{0}.startSurface(surfaceId = 0): Execute
11-12 12:31:54.040 23288 23288 W unknown:BridgelessReact: ReactContext.onHostResume()
11-12 12:31:54.041 23288 23288 W unknown:BridgelessReact: ReactHost{0}.getOrCreateReactInstanceTask(): Executing ReactInstanceEventListeners
11-12 12:31:54.043  1151  3516 V WindowManager: Relayout hash=d0cd922, pid=19396, syncId=-1: mAttrs={(0,0)(fillxfill) gr=LEFT CENTER_HORIZONTAL sim={adjust=resize} layoutInDisplayCutoutMode=always ty=DRAWN_APPLICATION fmt=TRANSPARENT wanim=0x10302f4 alpha=0.0
11-12 12:31:54.043  1151  3516 V WindowManager:   fl=81850118
11-12 12:31:54.043  1151  3516 V WindowManager:   pfl=16020040
11-12 12:31:54.043  1151  3516 V WindowManager:   bhv=DEFAULT
11-12 12:31:54.043  1151  3516 V WindowManager:   fitSides=
11-12 12:31:54.043  1151  3516 V WindowManager:  dimAmount=0.0 naviIconColor=0}
11-12 12:31:54.043  1938  1938 I ViewRootImpl@557e5d6[LauncherActivity]: handleAppVisibility mAppVisible = true visible = false
11-12 12:31:54.044 19396 19396 D InsetsController: onStateChanged: InsetsState: {mDisplayFrame=Rect(0, 0 - 1080, 2400), mDisplayCutout=DisplayCutout{insets=Rect(0, 92 - 0, 0) waterfall=Insets{left=0, top=0, right=0, bottom=0} boundingRect={Bounds=[Rect(0, 0 - 0, 0), Rect(478, 0 - 602, 92), Rect(0, 0 - 0, 0), Rect(0, 0 - 0, 0)]} cutoutPathParserInfo={CutoutPathParserInfo{displayWidth=1080 displayHeight=2400 physicalDisplayWidth=1080 physicalDisplayHeight=2400 density={2.8125} cutoutSpec={M 0,0 H -22.0444444444444 V 32.71111111111111 H 22.0444444444444 V 0 H 0 Z @dp} rotation={0} scale={1.0} physicalPixelDisplaySizeRatio={1.0}}}}, mRoundedCorners=RoundedCorners{[RoundedCorner{position=TopLeft, radius=90, center=Point(90, 90)}, RoundedCorner{position=TopRight, radius=90, center=Point(990, 90)}, RoundedCorner{position=BottomRight, radius=90, center=Point(990, 2310)}, RoundedCorner{position=BottomLeft, radius=90, center=Point(90, 2310)}]}  mRoundedCornerFrame=Rect(0, 0 - 1080, 2400), mPrivacyIndicatorBounds=PrivacyIndicatorBounds {static bounds=Rect(956, 0 - 1080, 92) rotation=0}, mSources= { InsetsSource: {mType=ITYPE_STATUS_BAR, mFrame=[0,0][1080,92], mVisible=true, mInsetsRoundedCornerFrame=false}, InsetsSource: {mType=ITYPE_NAVIGATION_BAR, mFrame=[0,2358][1080,2400], mVisible=true, mInsetsRoundedCornerFrame=false}, InsetsSource: {mType=ITYPE_LEFT_GESTURES, mFrame=[0,0][84,2400], mVisible=true, mInsetsRoundedCornerFrame=false}, InsetsSource: {mType=ITYPE_RIGHT_GESTURES, mFrame=[996,0][1080,2400], mVisible=true, mInsetsRoundedCornerFrame=false}, InsetsSource: {mType=ITYPE_TOP_MANDATORY_GESTURES, mFrame=[0,0][1080,126], mVisible=true, mInsetsRoundedCornerFrame=false}, InsetsSource: {mType=ITYPE_BOTTOM_MANDATORY_GESTURES, mFrame=[0,2310][1080,2400], mVisible=true, mInsetsRoundedCornerFrame=false}, InsetsSource: {mType=ITYPE_LEFT_DISPLAY_CUTOUT, mFrame=[0,0][-100000,2400], mVisible=true, mInsetsRoundedCornerFrame=false}, InsetsSource: {mType=ITYPE_TOP_DISPLAY_CUTOUT, mFrame=[0,0][1080,92], mVisible=true, mInsetsRoundedCornerFrame=false}, InsetsSource: {mType=ITYPE_RIGHT_DISPLAY_CUTOUT, mFrame=[100000,0][1080,2400], mVisible=true, mInsetsRoundedCornerFrame=false}, InsetsSource: {mType=ITYPE_BOTTOM_DISPLAY_CUTOUT, mFrame=[0,100000][1080,2400], mVisible=true, mInsetsRoundedCornerFrame=false}, InsetsSource: {mType=ITYPE_TOP_TAPPABLE_ELEMENT, mFrame=[0,0][1080,92], mVisible=true, mInsetsRoundedCornerFrame=false}, InsetsSource: {mType=ITYPE_BOTTOM_TAPPABLE_ELEMENT, mFrame=[0,0][0,0], mVisible=true, mInsetsRoundedCornerFrame=false} } host=com.sec.android.app.launcher/com.sec.android.app.launcher.activities.LauncherActivity from=android.view.ViewRootImpl.relayoutWindow:9802
11-12 12:31:54.044  1938  1938 I ViewRootImpl@557e5d6[LauncherActivity]: stopped(true) old = false
11-12 12:31:54.044  1938  1938 I ViewRootImpl@557e5d6[LauncherActivity]: WindowStopped on com.sec.android.app.launcher/com.sec.android.app.launcher.activities.LauncherActivity set to true
11-12 12:31:54.045   816   816 D SurfaceFlinger: Display 0 HWC layers:
11-12 12:31:54.045   816   816 D SurfaceFlinger:      DEVICE | 0xb4000078a00aaf10 | 0102 | RGBA_8888    |    0.0    0.0 1080.0 2400.0 |    0    0 1080 2400 | com.empresa.meuapp/com.empresa.meuapp.MainActivity$_23288#39865
11-12 12:31:54.045   816   816 D SurfaceFlinger:      DEVICE | 0xb4000078a00b6510 | 0100 | RGBA_8888    |    0.0    0.0 1080.0   92.0 |    0    0 1080   92 | StatusBar$_1596#92
11-12 12:31:54.045   816   816 D SurfaceFlinger:      DEVICE | 0xb4000078a00b1110 | 0100 | RGBA_8888    |    0.0    0.0 1080.0  135.0 |    0 2265 1080 2400 | NavigationBar0$_1596#87
11-12 12:31:54.045   816   816 D SurfaceFlinger: 
11-12 12:31:54.046   816   951 I SurfaceFlinger: id=39861 Removed Surface(name=WallpaperWindowToken{a039e71 token=android.os.Binder@fffe418})/@0xe973802 - animation-leash of window_animation#39861 (114)
11-12 12:31:54.046   816   951 I SurfaceFlinger: id=39860 Removed Surface(name=Task=488)/@0x5b313dc - animation-leash of app_transition#39860 (114)
11-12 12:31:54.046   816   843 I SurfaceFlinger: id=39859 Removed Surface(name=Task=1)/@0xc2eea76 - animation-leash of app_transition#39859 (114)
11-12 12:31:54.047 19396 19396 I ViewRootImpl@ef4b8e1[LauncherActivity]: Relayout returned: old=(0,0,1080,2400) new=(0,0,1080,2400) req=(1080,2400)8 dur=4 res=0x2 s={false 0x0} ch=true seqId=0
11-12 12:31:54.047 19396 19396 I bnxn    : (REDACTED) onApplyWindowInsets: systemWindowInsets=%s
11-12 12:31:54.047 19396 19396 I bnxn    : (REDACTED) onApplyWindowInsets: systemWindowInsets=%s
11-12 12:31:54.047  1938  1938 I Launcher: !@Boot_DEBUG: Launcher.onStop()
11-12 12:31:54.047  1938  1938 I Launcher: !@Boot_EBS_D: Launcher.onStop()
11-12 12:31:54.047  1938  1938 I BaseActivity: removeActivityFlags, flags : 17
11-12 12:31:54.047  1938  1938 I WallpaperBlurController: dispatchTransactionSurface: mCurrentBlur = 150
11-12 12:31:54.048  1938  1938 W LauncherAppWidgetHost: setShouldListenFlag, mFlags:7 flag:start on:false isFront:false
11-12 12:31:54.048  1938  2168 I IMM_LC  : hsifw() - flag : 0
11-12 12:31:54.048  1938  2168 I IMM_LC  : hsifw() - mService.hideSoftInput
11-12 12:31:54.048  1151  3514 D InputMethodManagerService: hideSoftInput
11-12 12:31:54.048  1151  3516 I AppWidgetServiceImpl: stopListening callbacks : null
11-12 12:31:54.048  1151  3514 W InputMethodManagerService: Ignoring hideSoftInput of uid 10140: com.android.internal.view.IInputMethodClient$Stub$Proxy@daba06c
11-12 12:31:54.049  1938  1938 W LauncherAppWidgetHost: stopListening, mFlags:2 isFront:false
11-12 12:31:54.049  1938  1938 W Launcher.NotificationListener: removeNotificationsChangedListener
11-12 12:31:54.049  1938  1938 I Launcher.NotificationListener: unregisterObserver, this is not notificationService!!
11-12 12:31:54.049  1938  1938 I BadgeCountUpdaterImpl: onNotificationsChangedDisConnected
11-12 12:31:54.049  1938  1938 I DecorView: notifyKeepScreenOnChanged: keepScreenOn=false
11-12 12:31:54.050  1938  2170 I LiveIconUpdateEventHandler: cancelMinuteChangeAlarm
11-12 12:31:54.050  1938  1938 I MSHandlerLifeCycle: removeMultiSplitHandler: no exist. decor=DecorView@5891ee6[LauncherActivity]
11-12 12:31:54.051  1938  2170 I LiveIconUpdateEventHandler: cancelDateChangeAlarm
11-12 12:31:54.051 23288 23340 D nativeloader: Load /data/app/~~P1LF31MeG-gLjO4oAOs8kQ==/com.empresa.meuapp-mXiFF7IXKqXCUPd6xUHdOw==/base.apk!/lib/arm64-v8a/libexpo-modules-core.so using class loader ns clns-6 (caller=/data/app/~~P1LF31MeG-gLjO4oAOs8kQ==/com.empresa.meuapp-mXiFF7IXKqXCUPd6xUHdOw==/base.apk!classes3.dex): ok
11-12 12:31:54.054   816   816 I Layer   : id=39859 Destroyed Surface(name=Task=1)/@0xc2eea76 - animation-leash of app_transition#39859
11-12 12:31:54.054   816   816 I Layer   : id=39861 Destroyed Surface(name=WallpaperWindowToken{a039e71 token=android.os.Binder@fffe418})/@0xe973802 - animation-leash of window_animation#39861
11-12 12:31:54.054   816   816 I Layer   : id=39860 Destroyed Surface(name=Task=488)/@0x5b313dc - animation-leash of app_transition#39860
11-12 12:31:54.055  1938  1938 I ViewRootImpl@557e5d6[LauncherActivity]: performTraversals params={(0,0)(fillxfill) sim={adjust=nothing} layoutInDisplayCutoutMode=shortEdges ty=BASE_APPLICATION fmt=TRANSPARENT wanim=0x10302f4
11-12 12:31:54.055  1938  1938 I ViewRootImpl@557e5d6[LauncherActivity]:   fl=81910100
11-12 12:31:54.055  1938  1938 I ViewRootImpl@557e5d6[LauncherActivity]:   pfl=1e020040
11-12 12:31:54.055  1938  1938 I ViewRootImpl@557e5d6[LauncherActivity]:   vsysui=1700
11-12 12:31:54.055  1938  1938 I ViewRootImpl@557e5d6[LauncherActivity]:   bhv=SHOW_TRANSIENT_BARS_BY_SWIPE
11-12 12:31:54.055  1938  1938 I ViewRootImpl@557e5d6[LauncherActivity]:   fitSides= naviIconColor=0}
11-12 12:31:54.056  1938  1938 I ViewRootImpl@557e5d6[LauncherActivity]: performTraversals mFirst=false windowShouldResize=false viewVisibilityChanged=true mForceNextWindowRelayout=false params={(0,0)(fillxfill) sim={adjust=nothing} layoutInDisplayCutoutMode=shortEdges ty=BASE_APPLICATION fmt=TRANSPARENT wanim=0x10302f4
11-12 12:31:54.056  1938  1938 I ViewRootImpl@557e5d6[LauncherActivity]:   fl=81910100
11-12 12:31:54.056  1938  1938 I ViewRootImpl@557e5d6[LauncherActivity]:   pfl=1e020040
11-12 12:31:54.056  1938  1938 I ViewRootImpl@557e5d6[LauncherActivity]:   vsysui=1700
11-12 12:31:54.056  1938  1938 I ViewRootImpl@557e5d6[LauncherActivity]:   bhv=SHOW_TRANSIENT_BARS_BY_SWIPE
11-12 12:31:54.056  1938  1938 I ViewRootImpl@557e5d6[LauncherActivity]:   fitSides= naviIconColor=0}
11-12 12:31:54.056 23288 23340 D CompatibilityChangeReporter: Compat change id reported: 210923482; UID 10643; state: ENABLED
11-12 12:31:54.056  1151  3514 V WindowManager: Relayout Window{aefa52a u0 com.sec.android.app.launcher/com.sec.android.app.launcher.activities.LauncherActivity}: viewVisibility=8 req=1080x2400 d0
11-12 12:31:54.058 23288 23340 W unknown:ViewManagerPropertyUpdater: Could not find generated setter for class com.rnmaps.maps.MapUrlTileManager
11-12 12:31:54.058  1151  3514 V WindowManager: Relayout hash=aefa52a, pid=1938, syncId=-1: mAttrs={(0,0)(fillxfill) sim={adjust=nothing} layoutInDisplayCutoutMode=shortEdges ty=BASE_APPLICATION fmt=TRANSPARENT wanim=0x10302f4
11-12 12:31:54.058  1151  3514 V WindowManager:   fl=81910100
11-12 12:31:54.058  1151  3514 V WindowManager:   pfl=1e020040
11-12 12:31:54.058  1151  3514 V WindowManager:   vsysui=1700
11-12 12:31:54.058  1151  3514 V WindowManager:   bhv=SHOW_TRANSIENT_BARS_BY_SWIPE
11-12 12:31:54.058  1151  3514 V WindowManager:   fitSides= naviIconColor=0}
11-12 12:31:54.059 23288 23340 W unknown:ViewManagerPropertyUpdater: Could not find generated setter for class com.facebook.react.uimanager.LayoutShadowNode
11-12 12:31:54.059  1938  1938 I ViewRootImpl@557e5d6[LauncherActivity]: Relayout returned: old=(0,0,1080,2400) new=(0,0,1080,2400) req=(1080,2400)8 dur=3 res=0x2 s={false 0x0} ch=false seqId=3
11-12 12:31:54.059  1151  3514 E WindowManager: win=Window{d0cd922 u0 com.sec.android.app.launcher/com.sec.android.app.launcher.activities.LauncherActivity} destroySurfaces: appStopped=true cleanupOnResume=false win.mWindowRemovalAllowed=false win.mRemoveOnExit=false win.mViewVisibility=8 caller=com.android.server.wm.ActivityRecord.destroySurfaces:6539 com.android.server.wm.ActivityRecord.destroySurfaces:6520 com.android.server.wm.ActivityRecord.notifyAppStopped:6584 com.android.server.wm.ActivityRecord.activityStopped:7172 com.android.server.wm.ActivityClientController.activityStopped:269 android.app.IActivityClientController$Stub.onTransact:613 com.android.server.wm.ActivityClientController.onTransact:147 
11-12 12:31:54.059 23288 23340 W unknown:ViewManagerPropertyUpdater: Could not find generated setter for class com.swmansion.rnscreens.ScreenFooterManager
11-12 12:31:54.060  1151  3514 I WindowManager: Destroying surface Surface(name=com.sec.android.app.launcher/com.sec.android.app.launcher.activities.LauncherActivity$_19396)/@0xc7c6635 called by com.android.server.wm.WindowStateAnimator.destroySurface:942 com.android.server.wm.WindowStateAnimator.destroySurfaceLocked:536 com.android.server.wm.WindowState.destroySurfaceUnchecked:4309 com.android.server.wm.WindowState.destroySurface:4283 com.android.server.wm.ActivityRecord.destroySurfaces:6539 com.android.server.wm.ActivityRecord.destroySurfaces:6520 com.android.server.wm.ActivityRecord.notifyAppStopped:6584 com.android.server.wm.ActivityRecord.activityStopped:7172 
11-12 12:31:54.060 23288 23340 W unknown:ViewManagerPropertyUpdater: Could not find generated setter for class com.swmansion.rnscreens.gamma.tabs.TabScreenViewManager
11-12 12:31:54.060  1151  3514 E WindowManager: win=Window{aefa52a u0 com.sec.android.app.launcher/com.sec.android.app.launcher.activities.LauncherActivity} destroySurfaces: appStopped=true cleanupOnResume=false win.mWindowRemovalAllowed=false win.mRemoveOnExit=false win.mViewVisibility=8 caller=com.android.server.wm.ActivityRecord.destroySurfaces:6539 com.android.server.wm.ActivityRecord.destroySurfaces:6520 com.android.server.wm.ActivityRecord.notifyAppStopped:6584 com.android.server.wm.ActivityRecord.activityStopped:7172 com.android.server.wm.ActivityClientController.activityStopped:269 android.app.IActivityClientController$Stub.onTransact:613 com.android.server.wm.ActivityClientController.onTransact:147 
11-12 12:31:54.060 23288 23340 W unknown:ViewManagerPropertyUpdater: Could not find generated setter for class com.rnmaps.maps.MapManager
11-12 12:31:54.060  1151  3514 I WindowManager: Destroying surface Surface(name=com.sec.android.app.launcher/com.sec.android.app.launcher.activities.LauncherActivity$_1938)/@0xa19daca called by com.android.server.wm.WindowStateAnimator.destroySurface:942 com.android.server.wm.WindowStateAnimator.destroySurfaceLocked:536 com.android.server.wm.WindowState.destroySurfaceUnchecked:4309 com.android.server.wm.WindowState.destroySurface:4283 com.android.server.wm.ActivityRecord.destroySurfaces:6539 com.android.server.wm.ActivityRecord.destroySurfaces:6520 com.android.server.wm.ActivityRecord.notifyAppStopped:6584 com.android.server.wm.ActivityRecord.activityStopped:7172 
11-12 12:31:54.061 23288 23340 W unknown:ViewManagerPropertyUpdater: Could not find generated setter for class com.swmansion.rnscreens.ScreenContainerViewManager
