--------- beginning of main
11-12 12:31:17.766 21512 21536 I BWU@Recorder: Ph_input stream available : 6400 ==> flush  [ForkJoinPool.commonPool-worker-1] 
11-12 12:31:17.770 21512 21537 I ISG_Wakeup_Verify: [KWD] Normal - scores: [0.0000, 0.0010, t(34220)], [0.0000, 0.0000, t(34224)], [0.0000, 0.0000, t(34228)], [0.0000, 0.0000, t(34232)], [0.0000, 0.0000, t(34236)], RMS: 14
11-12 12:31:17.795 21512 21550 I AsyncCachedReader: Ph_[increasing RB:, q3.a[pos=10000640 lim=10960640 cap=960000] inner::java.nio.HeapByteBuffer[pos=400640 lim=960000 cap=960000]] [VF-ATP-1] 
11-12 12:31:17.966 21512 21536 I BWU@Recorder: Ph_input stream available : 6400 ==> flush  [ForkJoinPool.commonPool-worker-1] 
11-12 12:31:17.971 21512 21537 I ISG_Wakeup_Verify: [KWD] Normal - scores: [0.0000, 0.0000, t(34240)], [0.0000, 0.0000, t(34244)], [0.0000, 0.0010, t(34248)], [0.0010, 0.0000, t(34252)], [0.0000, 0.0000, t(34256)], RMS: 25
11-12 12:31:18.162 21512 21536 I BWU@Recorder: Ph_input stream available : 6400 ==> flush  [ForkJoinPool.commonPool-worker-1] 
11-12 12:31:18.168 21512 21537 I ISG_Wakeup_Verify: [KWD] Normal - scores: [0.0000, 0.0000, t(34260)], [0.0010, 0.0029, t(34264)], [0.0303, 0.0029, t(34268)], [0.0020, 0.0010, t(34272)], [0.0000, 0.0010, t(34276)], RMS: 13
11-12 12:31:18.360 21512 21536 I BWU@Recorder: Ph_input stream available : 6400 ==> flush  [ForkJoinPool.commonPool-worker-1] 
11-12 12:31:18.366 21512 21537 I ISG_Wakeup_Verify: [KWD] Normal - scores: [0.0010, 0.0215, t(34280)], [0.0000, 0.0049, t(34284)], [0.0020, 0.0029, t(34288)], [0.0010, 0.0010, t(34292)], [0.0020, 0.0000, t(34296)], RMS: 16
11-12 12:31:18.567 21512 21536 I BWU@Recorder: Ph_input stream available : 6400 ==> flush  [ForkJoinPool.commonPool-worker-1] 
11-12 12:31:18.574 21512 21537 I ISG_Wakeup_Verify: [KWD] Normal - scores: [0.0049, 0.0000, t(34300)], [0.0000, 0.0000, t(34304)], [0.0029, 0.0000, t(34308)], [0.0000, 0.0010, t(34312)], [0.0000, 0.0049, t(34316)], RMS: 17
11-12 12:31:18.634  1151 23204 D WifiConnectivityMonitor.DnsThread:  [|413] []
11-12 12:31:18.638  1151  1501 D WifiConnectivityMonitor.NetworkStatsAnalyzer: DNS resultType : 0, responseTime : 413
11-12 12:31:18.638  1151  1499 D OpenNetworkQos[4.00]: updateBssidLatestDnsResultType - result: 0
11-12 12:31:18.638  1151  1499 D OpenNetworkQos[4.00]: updateBssidNoInternet: mBssidNoInternet = false
11-12 12:31:18.638  1151  1499 D OpenNetworkQos[4.00]: getOpenNetworkQosNoInternetStatus: false
11-12 12:31:18.638  1151  1499 D OpenNetworkQos[4.00]: getOpenNetworkQosScores: 30 0 0 
--------- beginning of system
11-12 12:31:18.639  1151  1499 D SettingsProvider: isChangeAllowed() : name = wifi_wcm_qos_sharing_score_summary
11-12 12:31:18.639  1151  1499 I WifiProfileShare: network QoS data was changed (internet), updateQoSData networkType: true, qosData: false
11-12 12:31:18.639  1151  2472 V WifiProfileShare.Caster: update wips network, size: 0
11-12 12:31:18.640  1151  2472 D WifiProfileShare: nearby scanning settings run
11-12 12:31:18.640  1151  2472 D WifiProfileShare: network score provider settings enabled
11-12 12:31:18.640  1151  2472 D OpenNetworkQos[4.00]: getOpenNetworkQosScores: 30 0 0 
11-12 12:31:18.640  1151  2472 D OpenNetworkQos[4.00]: getOpenNetworkQosNoInternetStatus: false
11-12 12:31:18.640  1151  2472 I WifiProfileShare.Caster: current network type: 0, score: [30, 0, 0]
11-12 12:31:18.641  1151  2472 V WifiProfileShare.Cache: update network score 06:20:84:**:**:3f
11-12 12:31:18.641  1151  2472 D WifiProfileShare.ScanMatcher: getMcfDataList size:1
11-12 12:31:18.642  1151  2472 I WifiProfileShare.Caster: qos data was updated , before:type:QOS, pBssid:3f:d3:39, qosData:64 after:type:QOS, pBssid:3f:d3:39, qosData:64
11-12 12:31:18.643  1151  2472 I [MCFSDK_android_1.2.4010]_4_b: isNetworkEnabled - type : 1 ret : true
11-12 12:31:18.643  1151  2472 D WifiProfileShare.McfCast: -ME--- mIsNetworkEnabled :true
11-12 12:31:18.643  1151  2472 D WifiProfileShare.McfCast: updateQoSData ignored, same contents
11-12 12:31:18.643  1151  2472 D WifiProfileShare.MCF: success update QosData !
11-12 12:31:18.644  1151  2472 I [MCFSDK_android_1.2.4010]_4_b: isNetworkEnabled - type : 1 ret : true
11-12 12:31:18.644  1151  2472 D WifiProfileShare.McfCast: -ME--- mIsNetworkEnabled :true
11-12 12:31:18.644  1151  2472 D WifiProfileShare.McfCast: -ME--- updatePasswordDate pwdData size:1
11-12 12:31:18.766 21512 21536 I BWU@Recorder: Ph_input stream available : 6400 ==> flush  [ForkJoinPool.commonPool-worker-1] 
11-12 12:31:18.773 21512 21537 I ISG_Wakeup_Verify: [KWD] Normal - scores: [0.0000, 0.0039, t(34320)], [0.0000, 0.0010, t(34324)], [0.0000, 0.0020, t(34328)], [0.0000, 0.0020, t(34332)], [0.0000, 0.0010, t(34336)], RMS: 19
11-12 12:31:18.794   475   475 D io_stats: !@   8,0 r 10042911 190726940 w 7069220 184592748 d 0 0 f 0 0 iot 2878180 0 th 0 0 0 pt 0 inp 0 0 110472.407
11-12 12:31:18.963 21512 21536 I BWU@Recorder: Ph_input stream available : 6400 ==> flush  [ForkJoinPool.commonPool-worker-1] 
11-12 12:31:18.970 21512 21537 I ISG_Wakeup_Verify: [KWD] Normal - scores: [0.0000, 0.0020, t(34340)], [0.0000, 0.0020, t(34344)], [0.0000, 0.0010, t(34348)], [0.0000, 0.0010, t(34352)], [0.0000, 0.0000, t(34356)], RMS: 18
11-12 12:31:19.162 21512 21536 I BWU@Recorder: Ph_input stream available : 6400 ==> flush  [ForkJoinPool.commonPool-worker-1] 
11-12 12:31:19.169 21512 21537 I ISG_Wakeup_Verify: [KWD] Normal - scores: [0.0000, 0.0000, t(34360)], [0.0000, 0.0000, t(34364)], [0.0000, 0.0000, t(34368)], [0.0000, 0.0000, t(34372)], [0.0020, 0.0000, t(34376)], RMS: 24
11-12 12:31:19.365 21512 21536 I BWU@Recorder: Ph_input stream available : 6400 ==> flush  [ForkJoinPool.commonPool-worker-1] 
11-12 12:31:19.372 21512 21537 I ISG_Wakeup_Verify: [KWD] Normal - scores: [0.0029, 0.0000, t(34380)], [0.0000, 0.0000, t(34384)], [0.0088, 0.0020, t(34388)], [0.0010, 0.0010, t(34392)], [0.0000, 0.0039, t(34396)], RMS: 24
11-12 12:31:19.566 21512 21536 I BWU@Recorder: Ph_input stream available : 6400 ==> flush  [ForkJoinPool.commonPool-worker-1] 
11-12 12:31:19.574 21512 21537 I ISG_Wakeup_Verify: [KWD] Normal - scores: [0.0000, 0.0029, t(34400)], [0.0000, 0.0010, t(34404)], [0.0010, 0.0020, t(34408)], [0.0000, 0.0010, t(34412)], [0.0000, 0.0078, t(34416)], RMS: 24
11-12 12:31:19.763 21512 21536 I BWU@Recorder: Ph_input stream available : 6400 ==> flush  [ForkJoinPool.commonPool-worker-1] 
11-12 12:31:19.771 21512 21537 I ISG_Wakeup_Verify: [KWD] Normal - scores: [0.0010, 0.0068, t(34420)], [0.0000, 0.0010, t(34424)], [0.0020, 0.0020, t(34428)], [0.0020, 0.0000, t(34432)], [0.0000, 0.0029, t(34436)], RMS: 38
11-12 12:31:19.964 21512 21536 I BWU@Recorder: Ph_input stream available : 6400 ==> flush  [ForkJoinPool.commonPool-worker-1] 
11-12 12:31:19.970 21512 21537 I ISG_Wakeup_Verify: [KWD] Normal - scores: [0.0000, 0.0029, t(34440)], [0.0000, 0.0029, t(34444)], [0.0000, 0.0000, t(34448)], [0.0000, 0.0000, t(34452)], [0.0010, 0.0010, t(34456)], RMS: 34
11-12 12:31:20.017  1151 10301 D SemWifiUsabilityStatsMonitor: onWifiUsabilityStats - seqNum 25136, isSameBssidAndFreq true
11-12 12:31:20.019  1151  1483 I SemWifiLinkQualityMonitor: Link Qos Query: 0,241 ms / 33,208 Mbps (72 / 0,009 / 2,000)
11-12 12:31:20.165 21512 21536 I BWU@Recorder: Ph_input stream available : 6400 ==> flush  [ForkJoinPool.commonPool-worker-1] 
11-12 12:31:20.171 21512 21537 I ISG_Wakeup_Verify: [KWD] Normal - scores: [0.0000, 0.0000, t(34460)], [0.0000, 0.0039, t(34464)], [0.0000, 0.0010, t(34468)], [0.0010, 0.0127, t(34472)], [0.0010, 0.0156, t(34476)], RMS: 29
11-12 12:31:20.363 21512 21536 I BWU@Recorder: Ph_input stream available : 6400 ==> flush  [ForkJoinPool.commonPool-worker-1] 
11-12 12:31:20.373 21512 21537 I ISG_Wakeup_Verify: [KWD] Normal - scores: [0.0010, 0.0039, t(34480)], [0.0068, 0.0820, t(34484)], [0.0000, 0.0938, t(34488)], [0.0000, 0.0010, t(34492)], [0.0000, 0.0010, t(34496)], RMS: 25
11-12 12:31:20.564 21512 21536 I BWU@Recorder: Ph_input stream available : 6400 ==> flush  [ForkJoinPool.commonPool-worker-1] 
11-12 12:31:20.572 21512 21537 I ISG_Wakeup_Verify: [KWD] Normal - scores: [0.0000, 0.0039, t(34500)], [0.0000, 0.0059, t(34504)], [0.0000, 0.0020, t(34508)], [0.0020, 0.0117, t(34512)], [0.0000, 0.0078, t(34516)], RMS: 31
11-12 12:31:20.767 21512 21536 I BWU@Recorder: Ph_input stream available : 6400 ==> flush  [ForkJoinPool.commonPool-worker-1] 
11-12 12:31:20.776 21512 21537 I ISG_Wakeup_Verify: [KWD] Normal - scores: [0.0010, 0.0078, t(34520)], [0.0049, 0.0029, t(34524)], [0.0000, 0.0010, t(34528)], [0.0039, 0.0020, t(34532)], [0.0000, 0.0010, t(34536)], RMS: 23
11-12 12:31:20.965 21512 21536 I BWU@Recorder: Ph_input stream available : 6400 ==> flush  [ForkJoinPool.commonPool-worker-1] 
11-12 12:31:20.973 21512 21537 I ISG_Wakeup_Verify: [KWD] Normal - scores: [0.0000, 0.0029, t(34540)], [0.0010, 0.0039, t(34544)], [0.0000, 0.0000, t(34548)], [0.0000, 0.0000, t(34552)], [0.0010, 0.0010, t(34556)], RMS: 20
11-12 12:31:21.161 21512 21536 I BWU@Recorder: Ph_input stream available : 6400 ==> flush  [ForkJoinPool.commonPool-worker-1] 
11-12 12:31:21.167 21512 21537 I ISG_Wakeup_Verify: [KWD] Normal - scores: [0.0000, 0.0020, t(34560)], [0.0000, 0.0010, t(34564)], [0.0010, 0.0010, t(34568)], [0.0000, 0.0000, t(34572)], [0.0000, 0.0010, t(34576)], RMS: 28
11-12 12:31:21.360 21512 21536 I BWU@Recorder: Ph_input stream available : 6400 ==> flush  [ForkJoinPool.commonPool-worker-1] 
11-12 12:31:21.367 21512 21537 I ISG_Wakeup_Verify: [KWD] Normal - scores: [0.0000, 0.0010, t(34580)], [0.0000, 0.0029, t(34584)], [0.0000, 0.0000, t(34588)], [0.0000, 0.0000, t(34592)], [0.0000, 0.0000, t(34596)], RMS: 24
11-12 12:31:21.556 21512 21536 I BWU@Recorder: Ph_input stream available : 6400 ==> flush  [ForkJoinPool.commonPool-worker-1] 
11-12 12:31:21.565 21512 21537 I ISG_Wakeup_Verify: [KWD] Normal - scores: [0.0000, 0.0000, t(34600)], [0.0000, 0.0000, t(34604)], [0.0000, 0.0000, t(34608)], [0.0000, 0.0000, t(34612)], [0.0010, 0.0000, t(34616)], RMS: 15
11-12 12:31:21.765 21512 21536 I BWU@Recorder: Ph_input stream available : 6400 ==> flush  [ForkJoinPool.commonPool-worker-1] 
11-12 12:31:21.773 21512 21537 I ISG_Wakeup_Verify: [KWD] Normal - scores: [0.0000, 0.0000, t(34620)], [0.0078, 0.0010, t(34624)], [0.0020, 0.0020, t(34628)], [0.0000, 0.0010, t(34632)], [0.0000, 0.0029, t(34636)], RMS: 13
11-12 12:31:21.825  1151  3514 D BatteryService: Sending ACTION_BATTERY_CHANGED: level:80, status:2, health:2, ac:false, usb:true, wireless:false, pogo:false, misc:0x10000, charge_type:1, charger_type:0, voltage:4104, temperature:326, online:4, current_avg:344, ps:false, hvc:false, capacity:280000, current_event:0x0, current_now:253, mcc:0, mcv:0, cc:4927542, present:true, scale:100, technology:Li-ion
11-12 12:31:21.827   756   756 E sehhealth-service: Could not open /sys/class/power_supply/battery/lrp
11-12 12:31:21.831  1151  1151 D PhoneWindowManagerExt: ACTION_BATTERY_CHANGED - Level=80, status=2
11-12 12:31:21.831  1151  1151 D AdaptiveBrightnessLongtermModelBuilder: Received android.intent.action.BATTERY_CHANGED
11-12 12:31:21.832  1151  1363 D MotionRecognitionService: [SAR]  onReceive : ACTION_BATTERY_CHANGED, Plugged: 2
11-12 12:31:21.832  1151  1514 I DeviceBatteryInfoService: action: android.intent.action.BATTERY_CHANGED
11-12 12:31:21.832  1151  1514 I DeviceBatteryInfoService: phone battery level: 80
11-12 12:31:21.832  1151  1514 I DeviceBatteryInfoService: phone battery status: 2
11-12 12:31:21.833  1151  1151 D SemWifiApBroadcastReceiver: Received : android.intent.action.BATTERY_CHANGED
11-12 12:31:21.835  1548  1548 D SemBigDataInfoController: Intent: android.intent.action.BATTERY_CHANGED
11-12 12:31:21.835  1548  1548 D SemBigDataInfoController: Intent: android.intent.action.BATTERY_CHANGED
11-12 12:31:21.837  1596  1596 D SamsungBatteryMeterDrawable: onBatteryLevelChanged isSomethingChanged: false
11-12 12:31:21.837  1596  1596 D SamsungBatteryMeterDrawable: onBatteryLevelChanged isSomethingChanged: false
11-12 12:31:21.838  1596  1596 D SamsungBatteryMeterDrawable: onBatteryLevelChanged isSomethingChanged: false
11-12 12:31:21.838  1596  1596 D SamsungBatteryMeterDrawable: onBatteryLevelChanged isSomethingChanged: false
11-12 12:31:21.838  1596  1596 I PowerUI : mBootCompleted = true |  mFullyConnected = true
11-12 12:31:21.838  1596  1596 I PowerUI : BATTERY_HEALTH_CHECK extraHealth=2 mBatteryMiscEvent=65536
11-12 12:31:21.838  1596  1596 W PowerUI : Plug reason
11-12 12:31:21.838  1596  1596 W PowerUI : Skip charging animation - by plug status
11-12 12:31:21.838  1596  1596 D PowerUI : priorPlugType = 2 mPlugType = 2 priorBatteryStatus = 2 mBatteryStatus = 2
11-12 12:31:21.838  1596  1596 W PowerUI : Plug reason
11-12 12:31:21.838  1596  1596 W PowerUI : Skip charging sound - by plug status
11-12 12:31:21.838  1596  1596 I PowerUI : oldMisalign : false, curMisalign : false
11-12 12:31:21.839  1596 13295 D SecPowerUI.Notification: dismissing low battery warning: level=80
11-12 12:31:21.839  1596 13295 D SecPowerUI.Notification: updateNotification mWarning=false mPlaySound=false
11-12 12:31:21.839  1596 13295 D SecPowerUI.Notification: SecBatteryStatsSnapshot{batteryLevel=80, currentBatteryMode=1, chargingTime=8541000, chargingType=11, batteryHealth=2, automaticTestMode=false, isHiccupState=false}
11-12 12:31:21.842  1596  1596 D SecPowerUI.Notification: showChargingNotice oldChargingType : 11 / currentChargingType : 11, oldChargingTime : 8541000 / mChargingTime : 8498000
11-12 12:31:21.842  1596  1596 D SecPowerUI.Notification: showChargingNotification()
11-12 12:31:21.842  1596  1596 D SecPowerUI.Notification: SecBatteryStatsSnapshot{batteryLevel=80, currentBatteryMode=1, chargingTime=8498000, chargingType=11, batteryHealth=2, automaticTestMode=false, isHiccupState=false}
11-12 12:31:21.843  1596 13295 D SecPowerUI.Notification: 1. restoreScreenTimeOut - saved_value : :
11-12 12:31:21.844  1596 13295 E SecPowerUI.Notification: no saved value, so we do nothing !!
11-12 12:31:21.849  1151  3514 D ApplicationPolicy: isStatusBarNotificationAllowedAsUser: packageName = com.android.systemui,userId = 0
11-12 12:31:21.849  1151  3514 D ApplicationPolicy: isStatusBarNotificationAllowedAsUser: packageName = com.android.systemui,userId = -1
11-12 12:31:21.849  1151  3514 D ApplicationPolicy: isStatusBarNotificationAllowedAsUser: converting userId from USER_ALLto 0
11-12 12:31:21.857  1596  1596 D PowerUI : Battery swelling mode - priorBatterySwellingMode = 0 mBatterySwellingMode = 0 mBatteryStatus = 2
11-12 12:31:21.857  1596  1596 I PowerUI : mBatteryMiscEvent = 65536
11-12 12:31:21.857  1596  1596 D KeyguardUpdateMonitor: received broadcast android.intent.action.BATTERY_CHANGED
11-12 12:31:21.858  1596  1596 I AODBatteryManager: updateBatteryData: ACTION_BATTERY_CHANGED
11-12 12:31:21.860  1596  1596 I AODBatteryManager: saveBatteryData : AOD BatteryData [mBatteryLevel=80, mBatteryStatus=CHARGING, mBatteryPlugType=USB, mBatteryPlugged=true, mRemainingChargeTime=8498000, mBatteryChargingType=1, mBatteryChargerType=NORMAL, mBatteryOnline=USB, mBatterySwellingMode=NONE, mBatteryProtectMode=false]
11-12 12:31:21.860  1596  1596 I ChargingInfoManager: updateChargingInfo: newState = AOD ChargingInfo [mState=BATTERY_AND_REMAIN_TIME, mIsCharging=true, mIsFullyCharged=false, mIsBatteryProtectMode=false], oldState = AOD ChargingInfo [mState=BATTERY_AND_REMAIN_TIME, mIsCharging=true, mIsFullyCharged=false, mIsBatteryProtectMode=false]
11-12 12:31:21.861  1596  1596 D KeyguardUpdateMonitor: handleBatteryUpdate
11-12 12:31:21.866  1596  1596 D KeyguardSecIndicationController: addIndicationTimeout() returned - unlocking
11-12 12:31:21.866  1596  1596 D KeyguardSecIndicationController: addIndication() returned - unlocking
11-12 12:31:21.866  1596  1596 D KeyguardSecIndicationPolicy:  remove Item pos = DEFAULT, type =           OWNER_INFO
11-12 12:31:21.866  1596  1596 D KeyguardSecIndicationController: addBatteryAndOwnerInfoIndication() battery status = BatteryStatus{status=2,level=80,plugged=2,health=2,maxChargingWattage=-1,remaining=8498000ultraFastCharger=0}
11-12 12:31:21.926   700   700 E audit   : type=1400 audit(1762961481.921:345453): avc:  denied  { write } for  pid=2530 comm="ThreadPoolForeg" name="traced_producer" dev="tmpfs" ino=7950 scontext=u:r:gmscore_app:s0:c512,c768 tcontext=u:object_r:traced_producer_socket:s0 tclass=sock_file permissive=0 SEPF_SM-M625F_13_0001 audit_filtered
11-12 12:31:21.926   700   700 E audit   : type=1300 audit(1762961481.921:345453): arch=c00000b7 syscall=203 success=no exit=-13 a0=a9 a1=b40000728f543cb0 a2=1e a3=ffffffff96ed0741 items=1 ppid=722 pid=2530 auid=4294967295 uid=10229 gid=10229 euid=10229 suid=10229 fsuid=10229 egid=10229 sgid=10229 fsgid=10229 tty=(none) ses=4294967295 comm="ThreadPoolForeg" exe="/system/bin/app_process64" subj=u:r:gmscore_app:s0:c512,c768 key=(null)
11-12 12:31:21.926   700   700 E audit   : type=1306 audit(1762961481.921:345453): saddr=01002F6465762F736F636B65742F7472616365645F70726F647563657200
11-12 12:31:21.926   700   700 E audit   : type=1302 audit(1762961481.921:345453): item=0 name="/dev/socket/traced_producer" inode=7950 dev=00:11 mode=0140666 ouid=0 ogid=0 rdev=00:00 obj=u:object_r:traced_producer_socket:s0 nametype=NORMAL cap_fp=0000000000000000 cap_fi=0000000000000000 cap_fe=0 cap_fver=0
11-12 12:31:21.926   700   700 E audit   : type=1327 audit(1762961481.921:345453): proctitle="com.google.android.gms"
11-12 12:31:21.957 21512 21536 I BWU@Recorder: Ph_input stream available : 6400 ==> flush  [ForkJoinPool.commonPool-worker-1] 
11-12 12:31:21.964 21512 21537 I ISG_Wakeup_Verify: [KWD] Normal - scores: [0.0000, 0.0010, t(34640)], [0.0000, 0.0010, t(34644)], [0.0039, 0.0049, t(34648)], [0.0000, 0.0068, t(34652)], [0.0020, 0.0098, t(34656)], RMS: 15
11-12 12:31:22.056  1151  1151 I Telecom:SamsungTelecomServiceImpl: isInManagedCall - callingPackage : android
11-12 12:31:22.064  1596  1596 D InterruptionStateProvider: Group alert behavior is suppressed but we want to alert bubble
11-12 12:31:22.067  1938  1938 I Launcher.NotificationListener: onNotificationPosted : com.android.systemui number : 0
11-12 12:31:22.161 21512 21536 I BWU@Recorder: Ph_input stream available : 6400 ==> flush  [ForkJoinPool.commonPool-worker-1] 
11-12 12:31:22.167 21512 21537 I ISG_Wakeup_Verify: [KWD] Normal - scores: [0.0000, 0.0010, t(34660)], [0.0000, 0.0010, t(34664)], [0.0029, 0.0000, t(34668)], [0.0039, 0.0029, t(34672)], [0.0020, 0.0068, t(34676)], RMS: 22
11-12 12:31:22.248 27541 27568 I ContactsProvider_EventLog: cp_s: [CONTACT con(105) dat(807) acc({sim(3)=14, google(2)=78, com.whatsapp(24)=75, sec(9)=12}) calls([logtype:100 cnt:52, logtype:1000 cnt:1948]) Iso(BR) uId(0) ]
11-12 12:31:22.248 27541 27568 I ContactsProvider_EventLog: cp_s: [ agr({[3 ,24]=1, [9 ,24]=12, [3]=13, [2]=17, [2 ,24]=61, [24]=1}) ]
11-12 12:31:22.248 27541 27568 I ContactsProvider_EventLog: cp_s: [ cnt({acore(27541)=1}) ]
11-12 12:31:22.248 27541 27568 I ContactsProvider_EventLog: cp_s: [PROFILE ] [SAPROFILE con(1) acc({phone(1)=1}) ]
11-12 12:31:22.248 27541 27568 I ContactsProvider_EventLog: cp_s: [STATE R(F) ]
11-12 12:31:22.265  1596  1596 D BubblesManager: onEntryUpdated : shouldBubbleUp=false ,key=-1|com.android.systemui|2131428972|charging_state|10063
11-12 12:31:22.266  1596  1596 D InterruptionStateProvider:  no Heads up : edgelighting enabled app. -1|com.android.systemui|2131428972|charging_state|10063
11-12 12:31:22.290  1596  1596 I FaceWidgetPositionAlgorithm: getClockContainerHeight() supplier = 290, bottom margin = 0, real height = 358
11-12 12:31:22.291  1596  1596 I FaceWidgetPositionAlgorithm: getClockContainerHeight() supplier = 290, bottom margin = 68, real height = 358
11-12 12:31:22.291  1596  1596 I FaceWidgetPositionAlgorithm: getMediaContainerHeight() height = 0 container Visibility = 8, isValid = false, mIsDozing = false, fraction = 1.0, source = 0, target = 0
11-12 12:31:22.291  1596  1596 I FaceWidgetPositionAlgorithm: getMediaContainerHeight() supplier = 0
11-12 12:31:22.351  1596  1596 I FaceWidgetPositionAlgorithm: getClockContainerHeight() supplier = 290, bottom margin = 0, real height = 358
11-12 12:31:22.352  1596  1596 I FaceWidgetPositionAlgorithm: getClockContainerHeight() supplier = 290, bottom margin = 68, real height = 358
11-12 12:31:22.352  1596  1596 I FaceWidgetPositionAlgorithm: getMediaContainerHeight() height = 0 container Visibility = 8, isValid = false, mIsDozing = false, fraction = 1.0, source = 0, target = 0
11-12 12:31:22.352  1596  1596 I FaceWidgetPositionAlgorithm: getMediaContainerHeight() supplier = 0
11-12 12:31:22.358 21512 21536 I BWU@Recorder: Ph_input stream available : 6400 ==> flush  [ForkJoinPool.commonPool-worker-1] 
11-12 12:31:22.363 21512 21537 I ISG_Wakeup_Verify: [KWD] Normal - scores: [0.0010, 0.0078, t(34680)], [0.0127, 0.0195, t(34684)], [0.0000, 0.0010, t(34688)], [0.0000, 0.0010, t(34692)], [0.0000, 0.0010, t(34696)], RMS: 12
11-12 12:31:22.382  1596  1596 I FaceWidgetPositionAlgorithm: getClockContainerHeight() supplier = 290, bottom margin = 0, real height = 358
11-12 12:31:22.383  1596  1596 I FaceWidgetPositionAlgorithm: getClockContainerHeight() supplier = 290, bottom margin = 68, real height = 358
11-12 12:31:22.383  1596  1596 I FaceWidgetPositionAlgorithm: getMediaContainerHeight() height = 0 container Visibility = 8, isValid = false, mIsDozing = false, fraction = 1.0, source = 0, target = 0
11-12 12:31:22.383  1596  1596 I FaceWidgetPositionAlgorithm: getMediaContainerHeight() supplier = 0
11-12 12:31:22.558 21512 21536 I BWU@Recorder: Ph_input stream available : 6400 ==> flush  [ForkJoinPool.commonPool-worker-1] 
11-12 12:31:22.565 21512 21537 I ISG_Wakeup_Verify: [KWD] Normal - scores: [0.0000, 0.0000, t(34700)], [0.0000, 0.0020, t(34704)], [0.0000, 0.0000, t(34708)], [0.0000, 0.0000, t(34712)], [0.0000, 0.0010, t(34716)], RMS: 8
11-12 12:31:22.768 21512 21536 I BWU@Recorder: Ph_input stream available : 6400 ==> flush  [ForkJoinPool.commonPool-worker-1] 
11-12 12:31:22.776 21512 21537 I ISG_Wakeup_Verify: [KWD] Normal - scores: [0.0000, 0.0000, t(34720)], [0.0000, 0.0010, t(34724)], [0.0000, 0.0000, t(34728)], [0.0000, 0.0000, t(34732)], [0.0000, 0.0000, t(34736)], RMS: 8
11-12 12:31:22.796   475   475 D io_stats: !@   8,0 r 10042911 190726940 w 7069227 184592864 d 0 0 f 0 0 iot 2878184 0 th 0 0 0 pt 0 inp 0 0 110476.409
11-12 12:31:22.968 21512 21536 I BWU@Recorder: Ph_input stream available : 6400 ==> flush  [ForkJoinPool.commonPool-worker-1] 
11-12 12:31:22.977 21512 21537 I ISG_Wakeup_Verify: [KWD] Normal - scores: [0.0000, 0.0000, t(34740)], [0.0000, 0.0010, t(34744)], [0.0029, 0.0000, t(34748)], [0.0020, 0.0000, t(34752)], [0.0010, 0.0000, t(34756)], RMS: 13
11-12 12:31:23.123  1151 10301 D SemWifiUsabilityStatsMonitor: onWifiUsabilityStats - seqNum 25137, isSameBssidAndFreq true
11-12 12:31:23.126  1151  1483 I SemWifiLinkQualityMonitor: Link Qos query: inf. ms / 0 Mbps
11-12 12:31:23.128  1596  1596 D NetworkController.WifiSignalController: notifyListener: visible=true, connected=true, inetCondition=1, isDefault=true, wifiTestReported=true, receivedInetCondition=-1, hideDuringMobileSwitching=false
11-12 12:31:23.162   816   816 I SurfaceFlinger: SFWD update time=110476775387326
11-12 12:31:23.169 21512 21536 I BWU@Recorder: Ph_input stream available : 6400 ==> flush  [ForkJoinPool.commonPool-worker-1] 
11-12 12:31:23.179 21512 21537 I ISG_Wakeup_Verify: [KWD] Normal - scores: [0.0234, 0.0039, t(34760)], [0.0029, 0.0000, t(34764)], [0.0039, 0.0137, t(34768)], [0.0010, 0.1055, t(34772)], [0.0000, 0.0488, t(34776)], RMS: 11
11-12 12:31:23.359 21512 21536 I BWU@Recorder: Ph_input stream available : 6400 ==> flush  [ForkJoinPool.commonPool-worker-1] 
11-12 12:31:23.366 21512 21537 I ISG_Wakeup_Verify: [KWD] Normal - scores: [0.0039, 0.0605, t(34780)], [0.0000, 0.0166, t(34784)], [0.0000, 0.0039, t(34788)], [0.0000, 0.0010, t(34792)], [0.0000, 0.0039, t(34796)], RMS: 8
11-12 12:31:23.559 21512 21536 I BWU@Recorder: Ph_input stream available : 6400 ==> flush  [ForkJoinPool.commonPool-worker-1] 
11-12 12:31:23.568 21512 21537 I ISG_Wakeup_Verify: [KWD] Normal - scores: [0.0000, 0.0020, t(34800)], [0.0000, 0.0010, t(34804)], [0.0010, 0.0039, t(34808)], [0.0000, 0.0049, t(34812)], [0.0000, 0.0000, t(34816)], RMS: 12
11-12 12:31:23.764 21512 21536 I BWU@Recorder: Ph_input stream available : 6400 ==> flush  [ForkJoinPool.commonPool-worker-1] 
11-12 12:31:23.772 21512 21537 I ISG_Wakeup_Verify: [KWD] Normal - scores: [0.0000, 0.0000, t(34820)], [0.0010, 0.0010, t(34824)], [0.0000, 0.0000, t(34828)], [0.0000, 0.0000, t(34832)], [0.0010, 0.0000, t(34836)], RMS: 33
11-12 12:31:23.966 21512 21536 I BWU@Recorder: Ph_input stream available : 6400 ==> flush  [ForkJoinPool.commonPool-worker-1] 
11-12 12:31:23.975 21512 21537 I ISG_Wakeup_Verify: [KWD] Normal - scores: [0.0020, 0.0010, t(34840)], [0.0000, 0.0000, t(34844)], [0.0010, 0.0010, t(34848)], [0.0000, 0.0010, t(34852)], [0.0000, 0.0000, t(34856)], RMS: 21
11-12 12:31:24.038 21512 21550 I AsyncCachedReader: Ph_[increasing RB:, q3.a[pos=10200320 lim=11160320 cap=960000] inner::java.nio.HeapByteBuffer[pos=600320 lim=960000 cap=960000]] [VF-ATP-1] 
11-12 12:31:24.168 21512 21536 I BWU@Recorder: Ph_input stream available : 6400 ==> flush  [ForkJoinPool.commonPool-worker-1] 
11-12 12:31:24.176 21512 21537 I ISG_Wakeup_Verify: [KWD] Normal - scores: [0.1299, 0.0020, t(34860)], [0.0684, 0.0176, t(34864)], [0.3057, 0.0020, t(34868)], [0.1865, 0.0049, t(34872)], [0.0801, 0.0137, t(34876)], RMS: 33
11-12 12:31:24.368 21512 21536 I BWU@Recorder: Ph_input stream available : 6400 ==> flush  [ForkJoinPool.commonPool-worker-1] 
11-12 12:31:24.377 21512 21537 I ISG_Wakeup_Verify: [KWD] Normal - scores: [0.0010, 0.0117, t(34880)], [0.0010, 0.0010, t(34884)], [0.0117, 0.0078, t(34888)], [0.0000, 0.0020, t(34892)], [0.0000, 0.0010, t(34896)], RMS: 41
11-12 12:31:24.557 21512 21536 I BWU@Recorder: Ph_input stream available : 6400 ==> flush  [ForkJoinPool.commonPool-worker-1] 
11-12 12:31:24.564 21512 21537 I ISG_Wakeup_Verify: [KWD] Normal - scores: [0.0000, 0.0137, t(34900)], [0.0000, 0.0146, t(34904)], [0.0000, 0.0000, t(34908)], [0.0830, 0.0010, t(34912)], [0.0635, 0.0020, t(34916)], RMS: 56
11-12 12:31:24.766 21512 21536 I BWU@Recorder: Ph_input stream available : 6400 ==> flush  [ForkJoinPool.commonPool-worker-1] 
11-12 12:31:24.774 21512 21537 I ISG_Wakeup_Verify: [KWD] Normal - scores: [0.0293, 0.0010, t(34920)], [0.0020, 0.0039, t(34924)], [0.1006, 0.0029, t(34928)], [0.0703, 0.0430, t(34932)], [0.0361, 0.0703, t(34936)], RMS: 50
11-12 12:31:24.965 21512 21536 I BWU@Recorder: Ph_input stream available : 6400 ==> flush  [ForkJoinPool.commonPool-worker-1] 
11-12 12:31:24.973 21512 21537 I ISG_Wakeup_Verify: [KWD] Normal - scores: [0.0000, 0.2549, t(34940)], [0.0010, 0.0518, t(34944)], [0.0000, 0.0137, t(34948)], [0.0000, 0.0020, t(34952)], [0.0000, 0.0010, t(34956)], RMS: 35
11-12 12:31:25.164 21512 21536 I BWU@Recorder: Ph_input stream available : 6400 ==> flush  [ForkJoinPool.commonPool-worker-1] 
11-12 12:31:25.172 21512 21537 I ISG_Wakeup_Verify: [KWD] Normal - scores: [0.0000, 0.0020, t(34960)], [0.0000, 0.0029, t(34964)], [0.0000, 0.0029, t(34968)], [0.0000, 0.0000, t(34972)], [0.0059, 0.0010, t(34976)], RMS: 32
11-12 12:31:25.364 21512 21536 I BWU@Recorder: Ph_input stream available : 6400 ==> flush  [ForkJoinPool.commonPool-worker-1] 
11-12 12:31:25.373 21512 21537 I ISG_Wakeup_Verify: [KWD] Normal - scores: [0.0000, 0.0010, t(34980)], [0.0029, 0.0000, t(34984)], [0.0010, 0.0029, t(34988)], [0.0107, 0.0029, t(34992)], [0.0117, 0.0029, t(34996)], RMS: 11
11-12 12:31:25.564 21512 21536 I BWU@Recorder: Ph_input stream available : 6400 ==> flush  [ForkJoinPool.commonPool-worker-1] 
11-12 12:31:25.570 21512 21537 I ISG_Wakeup_Verify: [KWD] Normal - scores: [0.0244, 0.0020, t(35000)], [0.1035, 0.0020, t(35004)], [0.0225, 0.0088, t(35008)], [0.0029, 0.0117, t(35012)], [0.0039, 0.0146, t(35016)], RMS: 17
11-12 12:31:25.733  1619  1619 I wpa_supplicant: Heartbeat 11527
11-12 12:31:25.762 21512 21536 I BWU@Recorder: Ph_input stream available : 6400 ==> flush  [ForkJoinPool.commonPool-worker-1] 
11-12 12:31:25.770 21512 21537 I ISG_Wakeup_Verify: [KWD] Normal - scores: [0.0127, 0.0264, t(35020)], [0.0000, 0.0059, t(35024)], [0.0010, 0.0010, t(35028)], [0.0010, 0.0000, t(35032)], [0.0059, 0.0020, t(35036)], RMS: 22
11-12 12:31:25.877  1151  1501 D WifiConnectivityMonitor.NetworkStatsAnalyzer: Backhaul result - RSSI:-38, CE:3, PE:5, TI:10, PTI:10, TW:1, PTW:1, Tx:6, Rx:6, TxS:3, RxS:3, RESULT:true, IC:0, ICT:5, WC:0, WCT:5, R:0, RC:5, IE:0, EC:0
11-12 12:31:25.971 21512 21536 I BWU@Recorder: Ph_input stream available : 6400 ==> flush  [ForkJoinPool.commonPool-worker-1] 
11-12 12:31:25.979 21512 21537 I ISG_Wakeup_Verify: [KWD] Normal - scores: [0.0439, 0.0010, t(35040)], [0.0234, 0.0010, t(35044)], [0.0029, 0.0010, t(35048)], [0.0098, 0.0010, t(35052)], [0.0166, 0.0010, t(35056)], RMS: 20
11-12 12:31:26.163 21512 21536 I BWU@Recorder: Ph_input stream available : 6400 ==> flush  [ForkJoinPool.commonPool-worker-1] 
11-12 12:31:26.169 21512 21537 I ISG_Wakeup_Verify: [KWD] Normal - scores: [0.0557, 0.0127, t(35060)], [0.0322, 0.0586, t(35064)], [0.0029, 0.0713, t(35068)], [0.0000, 0.0537, t(35072)], [0.0000, 0.0039, t(35076)], RMS: 15
11-12 12:31:26.242  1151 10301 D SemWifiUsabilityStatsMonitor: onWifiUsabilityStats - seqNum 25138, isSameBssidAndFreq true
11-12 12:31:26.246  1596  1596 D NetworkController.WifiSignalController: notifyListener: visible=true, connected=true, inetCondition=1, isDefault=true, wifiTestReported=true, receivedInetCondition=-1, hideDuringMobileSwitching=false
11-12 12:31:26.248  1151  1483 I SemWifiLinkQualityMonitor: Link Qos Query: 0,720 ms / 11,107 Mbps (72 / 0,009 / 6,000)
11-12 12:31:26.364 21512 21536 I BWU@Recorder: Ph_input stream available : 6400 ==> flush  [ForkJoinPool.commonPool-worker-1] 
11-12 12:31:26.369 21512 21537 I ISG_Wakeup_Verify: [KWD] Normal - scores: [0.0000, 0.0020, t(35080)], [0.0000, 0.0010, t(35084)], [0.0000, 0.0000, t(35088)], [0.0000, 0.0000, t(35092)], [0.0000, 0.0000, t(35096)], RMS: 11
11-12 12:31:26.563 21512 21536 I BWU@Recorder: Ph_input stream available : 6400 ==> flush  [ForkJoinPool.commonPool-worker-1] 
11-12 12:31:26.571 21512 21537 I ISG_Wakeup_Verify: [KWD] Normal - scores: [0.0000, 0.0000, t(35100)], [0.0010, 0.0010, t(35104)], [0.0000, 0.0020, t(35108)], [0.0000, 0.0000, t(35112)], [0.0156, 0.0039, t(35116)], RMS: 11
11-12 12:31:26.770 21512 21536 I BWU@Recorder: Ph_input stream available : 6400 ==> flush  [ForkJoinPool.commonPool-worker-1] 
11-12 12:31:26.779 21512 21537 I ISG_Wakeup_Verify: [KWD] Normal - scores: [0.0000, 0.0000, t(35120)], [0.0000, 0.0000, t(35124)], [0.0000, 0.0000, t(35128)], [0.0000, 0.0000, t(35132)], [0.0000, 0.0000, t(35136)], RMS: 8
11-12 12:31:26.798   475   475 D io_stats: !@   8,0 r 10042911 190726940 w 7069232 184592996 d 0 0 f 0 0 iot 2878188 0 th 0 0 0 pt 0 inp 0 0 110480.411
11-12 12:31:26.861  1596  1596 D SecPowerUI.Notification: showChargingNotice oldChargingType : 11 / currentChargingType : 11, oldChargingTime : 8498000 / mChargingTime : 8498000
11-12 12:31:26.861  1596  1596 D SecPowerUI.Notification: There is no change about charging status, so return!
11-12 12:31:26.968 21512 21536 I BWU@Recorder: Ph_input stream available : 6400 ==> flush  [ForkJoinPool.commonPool-worker-1] 
11-12 12:31:26.977 21512 21537 I ISG_Wakeup_Verify: [KWD] Normal - scores: [0.0000, 0.0000, t(35140)], [0.0000, 0.0000, t(35144)], [0.0000, 0.0010, t(35148)], [0.0000, 0.0000, t(35152)], [0.0000, 0.0000, t(35156)], RMS: 10
11-12 12:31:27.166 21512 21536 I BWU@Recorder: Ph_input stream available : 6400 ==> flush  [ForkJoinPool.commonPool-worker-1] 
11-12 12:31:27.174 21512 21537 I ISG_Wakeup_Verify: [KWD] Normal - scores: [0.0010, 0.0049, t(35160)], [0.0000, 0.0000, t(35164)], [0.0000, 0.0010, t(35168)], [0.0000, 0.0000, t(35172)], [0.0000, 0.0000, t(35176)], RMS: 9
11-12 12:31:27.365 21512 21536 I BWU@Recorder: Ph_input stream available : 6400 ==> flush  [ForkJoinPool.commonPool-worker-1] 
11-12 12:31:27.370 21512 21537 I ISG_Wakeup_Verify: [KWD] Normal - scores: [0.0000, 0.0000, t(35180)], [0.0000, 0.0000, t(35184)], [0.0000, 0.0000, t(35188)], [0.0000, 0.0000, t(35192)], [0.0000, 0.0000, t(35196)], RMS: 13
11-12 12:31:27.562 21512 21536 I BWU@Recorder: Ph_input stream available : 6400 ==> flush  [ForkJoinPool.commonPool-worker-1] 
11-12 12:31:27.568 21512 21537 I ISG_Wakeup_Verify: [KWD] Normal - scores: [0.0020, 0.0000, t(35200)], [0.0029, 0.0020, t(35204)], [0.0020, 0.0029, t(35208)], [0.0059, 0.0020, t(35212)], [0.0000, 0.0010, t(35216)], RMS: 14
11-12 12:31:27.763 21512 21536 I BWU@Recorder: Ph_input stream available : 6400 ==> flush  [ForkJoinPool.commonPool-worker-1] 
11-12 12:31:27.775 21512 21537 I ISG_Wakeup_Verify: [KWD] Normal - scores: [0.0000, 0.0010, t(35220)], [0.0010, 0.0068, t(35224)], [0.0020, 0.0000, t(35228)], [0.0098, 0.0088, t(35232)], [0.0029, 0.0342, t(35236)], RMS: 22
11-12 12:31:27.963  3410  4308 I SDHMS:D : SIOP:: AP:329 BAT:326 USB:0 CHG:342 PA:337 WIFI:334 SKIN:328 SKINF:323 SKINB:328 LRP:328 LRF:323 LRB:328 
11-12 12:31:27.965 21512 21536 I BWU@Recorder: Ph_input stream available : 6400 ==> flush  [ForkJoinPool.commonPool-worker-1] 
11-12 12:31:27.975 21512 21537 I ISG_Wakeup_Verify: [KWD] Normal - scores: [0.0059, 0.0059, t(35240)], [0.0020, 0.0010, t(35244)], [0.0010, 0.0020, t(35248)], [0.0078, 0.4326, t(35252)], [0.0029, 0.0156, t(35256)], RMS: 19
11-12 12:31:28.169 21512 21536 I BWU@Recorder: Ph_input stream available : 6400 ==> flush  [ForkJoinPool.commonPool-worker-1] 
11-12 12:31:28.178 21512 21537 I ISG_Wakeup_Verify: [KWD] Normal - scores: [0.0059, 0.0010, t(35260)], [0.0049, 0.0117, t(35264)], [0.0010, 0.0029, t(35268)], [0.0010, 0.0039, t(35272)], [0.0010, 0.0020, t(35276)], RMS: 16
11-12 12:31:28.370 21512 21536 I BWU@Recorder: Ph_input stream available : 6400 ==> flush  [ForkJoinPool.commonPool-worker-1] 
11-12 12:31:28.379 21512 21537 I ISG_Wakeup_Verify: [KWD] Normal - scores: [0.0020, 0.0000, t(35280)], [0.0059, 0.0010, t(35284)], [0.0000, 0.0010, t(35288)], [0.0010, 0.0010, t(35292)], [0.0010, 0.0195, t(35296)], RMS: 10
11-12 12:31:28.561 21512 21536 I BWU@Recorder: Ph_input stream available : 6400 ==> flush  [ForkJoinPool.commonPool-worker-1] 
11-12 12:31:28.569 21512 21537 I ISG_Wakeup_Verify: [KWD] Normal - scores: [0.0010, 0.0039, t(35300)], [0.0010, 0.0010, t(35304)], [0.0098, 0.0000, t(35308)], [0.0020, 0.0010, t(35312)], [0.0000, 0.0029, t(35316)], RMS: 9
11-12 12:31:28.760 21512 21536 I BWU@Recorder: Ph_input stream available : 6400 ==> flush  [ForkJoinPool.commonPool-worker-1] 
11-12 12:31:28.767 21512 21537 I ISG_Wakeup_Verify: [KWD] Normal - scores: [0.0020, 0.0039, t(35320)], [0.0000, 0.0029, t(35324)], [0.0010, 0.0010, t(35328)], [0.0020, 0.0029, t(35332)], [0.0000, 0.0000, t(35336)], RMS: 9
11-12 12:31:28.800   475   475 D io_stats: !@   8,0 r 10042911 190726940 w 7069236 184593032 d 0 0 f 0 0 iot 2878192 0 th 0 0 0 pt 0 inp 0 0 110482.412
11-12 12:31:28.961 21512 21536 I BWU@Recorder: Ph_input stream available : 6400 ==> flush  [ForkJoinPool.commonPool-worker-1] 
11-12 12:31:28.969 21512 21537 I ISG_Wakeup_Verify: [KWD] Normal - scores: [0.0010, 0.0000, t(35340)], [0.0039, 0.0000, t(35344)], [0.0029, 0.0010, t(35348)], [0.0020, 0.0000, t(35352)], [0.0010, 0.0000, t(35356)], RMS: 11
11-12 12:31:29.161 21512 21536 I BWU@Recorder: Ph_input stream available : 6400 ==> flush  [ForkJoinPool.commonPool-worker-1] 
11-12 12:31:29.169 21512 21537 I ISG_Wakeup_Verify: [KWD] Normal - scores: [0.0000, 0.0000, t(35360)], [0.0010, 0.0020, t(35364)], [0.0010, 0.0020, t(35368)], [0.0000, 0.0010, t(35372)], [0.0029, 0.0049, t(35376)], RMS: 11
11-12 12:31:29.363 21512 21536 I BWU@Recorder: Ph_input stream available : 6400 ==> flush  [ForkJoinPool.commonPool-worker-1] 
11-12 12:31:29.371 21512 21537 I ISG_Wakeup_Verify: [KWD] Normal - scores: [0.0020, 0.0039, t(35380)], [0.0010, 0.0010, t(35384)], [0.0391, 0.0029, t(35388)], [0.0029, 0.0010, t(35392)], [0.0000, 0.0000, t(35396)], RMS: 8
11-12 12:31:29.378  1151 10301 D SemWifiUsabilityStatsMonitor: onWifiUsabilityStats - seqNum 25139, isSameBssidAndFreq true
11-12 12:31:29.381  1596  1596 D NetworkController.WifiSignalController: notifyListener: visible=true, connected=true, inetCondition=1, isDefault=true, wifiTestReported=true, receivedInetCondition=-1, hideDuringMobileSwitching=false
11-12 12:31:29.385  1151  1483 I SemWifiLinkQualityMonitor: Link Qos query: inf. ms / 0 Mbps
11-12 12:31:29.566 21512 21536 I BWU@Recorder: Ph_input stream available : 6400 ==> flush  [ForkJoinPool.commonPool-worker-1] 
11-12 12:31:29.575 21512 21537 I ISG_Wakeup_Verify: [KWD] Normal - scores: [0.0039, 0.0000, t(35400)], [0.0010, 0.0000, t(35404)], [0.0010, 0.0020, t(35408)], [0.0000, 0.0000, t(35412)], [0.0010, 0.0010, t(35416)], RMS: 12
11-12 12:31:29.764 21512 21536 I BWU@Recorder: Ph_input stream available : 6400 ==> flush  [ForkJoinPool.commonPool-worker-1] 
11-12 12:31:29.770 21512 21537 I ISG_Wakeup_Verify: [KWD] Normal - scores: [0.0010, 0.0010, t(35420)], [0.0000, 0.0000, t(35424)], [0.0000, 0.0000, t(35428)], [0.0000, 0.0000, t(35432)], [0.0000, 0.0039, t(35436)], RMS: 11
11-12 12:31:29.963 21512 21536 I BWU@Recorder: Ph_input stream available : 6400 ==> flush  [ForkJoinPool.commonPool-worker-1] 
11-12 12:31:29.969 21512 21537 I ISG_Wakeup_Verify: [KWD] Normal - scores: [0.0000, 0.0010, t(35440)], [0.0000, 0.0000, t(35444)], [0.0010, 0.0000, t(35448)], [0.0000, 0.0010, t(35452)], [0.0000, 0.0000, t(35456)], RMS: 9
11-12 12:31:30.172 21512 21536 I BWU@Recorder: Ph_input stream available : 6400 ==> flush  [ForkJoinPool.commonPool-worker-1] 
11-12 12:31:30.181 21512 21537 I ISG_Wakeup_Verify: [KWD] Normal - scores: [0.0000, 0.0000, t(35460)], [0.0000, 0.0000, t(35464)], [0.0000, 0.0000, t(35468)], [0.0020, 0.0000, t(35472)], [0.0010, 0.0010, t(35476)], RMS: 10
11-12 12:31:30.296 21512 21600 I AsyncCachedReader: Ph_[increasing RB:, q3.a[pos=10400640 lim=11360640 cap=960000] inner::java.nio.HeapByteBuffer[pos=800640 lim=960000 cap=960000]] [VF-ATP-3] 
11-12 12:31:30.360 21512 21536 I BWU@Recorder: Ph_input stream available : 6400 ==> flush  [ForkJoinPool.commonPool-worker-1] 
11-12 12:31:30.369 21512 21537 I ISG_Wakeup_Verify: [KWD] Normal - scores: [0.0010, 0.0020, t(35480)], [0.0029, 0.0000, t(35484)], [0.0039, 0.0000, t(35488)], [0.0000, 0.0000, t(35492)], [0.0010, 0.0010, t(35496)], RMS: 8
11-12 12:31:30.571 21512 21536 I BWU@Recorder: Ph_input stream available : 6400 ==> flush  [ForkJoinPool.commonPool-worker-1] 
11-12 12:31:30.579 21512 21537 I ISG_Wakeup_Verify: [KWD] Normal - scores: [0.0000, 0.0010, t(35500)], [0.0000, 0.0000, t(35504)], [0.0010, 0.0010, t(35508)], [0.0000, 0.0000, t(35512)], [0.0000, 0.0010, t(35516)], RMS: 11
11-12 12:31:30.759 21512 21536 I BWU@Recorder: Ph_input stream available : 6400 ==> flush  [ForkJoinPool.commonPool-worker-1] 
11-12 12:31:30.766 21512 21537 I ISG_Wakeup_Verify: [KWD] Normal - scores: [0.0020, 0.0000, t(35520)], [0.0029, 0.0000, t(35524)], [0.0000, 0.0000, t(35528)], [0.0010, 0.0010, t(35532)], [0.0000, 0.0000, t(35536)], RMS: 11
11-12 12:31:30.960 21512 21536 I BWU@Recorder: Ph_input stream available : 6400 ==> flush  [ForkJoinPool.commonPool-worker-1] 
11-12 12:31:30.967 21512 21537 I ISG_Wakeup_Verify: [KWD] Normal - scores: [0.0000, 0.0000, t(35540)], [0.0000, 0.0010, t(35544)], [0.0000, 0.0000, t(35548)], [0.0000, 0.0000, t(35552)], [0.0000, 0.0000, t(35556)], RMS: 8
11-12 12:31:31.159 21512 21536 I BWU@Recorder: Ph_input stream available : 6400 ==> flush  [ForkJoinPool.commonPool-worker-1] 
11-12 12:31:31.166 21512 21537 I ISG_Wakeup_Verify: [KWD] Normal - scores: [0.0000, 0.0000, t(35560)], [0.0000, 0.0000, t(35564)], [0.0000, 0.0000, t(35568)], [0.0000, 0.0000, t(35572)], [0.0000, 0.0000, t(35576)], RMS: 7
11-12 12:31:31.368 21512 21536 I BWU@Recorder: Ph_input stream available : 6400 ==> flush  [ForkJoinPool.commonPool-worker-1] 
11-12 12:31:31.377 21512 21537 I ISG_Wakeup_Verify: [KWD] Normal - scores: [0.0000, 0.0000, t(35580)], [0.0000, 0.0000, t(35584)], [0.0000, 0.0000, t(35588)], [0.0000, 0.0000, t(35592)], [0.0000, 0.0000, t(35596)], RMS: 8
11-12 12:31:31.565 21512 21536 I BWU@Recorder: Ph_input stream available : 6400 ==> flush  [ForkJoinPool.commonPool-worker-1] 
11-12 12:31:31.574 21512 21537 I ISG_Wakeup_Verify: [KWD] Normal - scores: [0.0000, 0.0020, t(35600)], [0.0000, 0.0010, t(35604)], [0.0000, 0.0000, t(35608)], [0.0000, 0.0000, t(35612)], [0.0000, 0.0000, t(35616)], RMS: 7
11-12 12:31:31.762 21512 21536 I BWU@Recorder: Ph_input stream available : 6400 ==> flush  [ForkJoinPool.commonPool-worker-1] 
11-12 12:31:31.769 21512 21537 I ISG_Wakeup_Verify: [KWD] Normal - scores: [0.0000, 0.0000, t(35620)], [0.0000, 0.0000, t(35624)], [0.0000, 0.0000, t(35628)], [0.0000, 0.0000, t(35632)], [0.0000, 0.0000, t(35636)], RMS: 7
11-12 12:31:31.962 21512 21536 I BWU@Recorder: Ph_input stream available : 6400 ==> flush  [ForkJoinPool.commonPool-worker-1] 
11-12 12:31:31.970 21512 21537 I ISG_Wakeup_Verify: [KWD] Normal - scores: [0.0010, 0.0000, t(35640)], [0.0000, 0.0000, t(35644)], [0.0000, 0.0000, t(35648)], [0.0000, 0.0000, t(35652)], [0.0000, 0.0049, t(35656)], RMS: 13
11-12 12:31:31.995   756   756 E sehhealth-service: Could not open /sys/class/power_supply/battery/lrp
11-12 12:31:31.996  1151  1575 D BatteryService: Sending ACTION_BATTERY_CHANGED: level:80, status:2, health:2, ac:false, usb:true, wireless:false, pogo:false, misc:0x10000, charge_type:1, charger_type:0, voltage:4108, temperature:326, online:4, current_avg:364, ps:false, hvc:false, capacity:280000, current_event:0x0, current_now:430, mcc:0, mcv:0, cc:4933648, present:true, scale:100, technology:Li-ion
11-12 12:31:31.999  1151  1514 I DeviceBatteryInfoService: action: android.intent.action.BATTERY_CHANGED
11-12 12:31:31.999  1151  1514 I DeviceBatteryInfoService: phone battery level: 80
11-12 12:31:31.999  1151  1514 I DeviceBatteryInfoService: phone battery status: 2
11-12 12:31:32.002  1151  1363 D MotionRecognitionService: [SAR]  onReceive : ACTION_BATTERY_CHANGED, Plugged: 2
11-12 12:31:32.004  1151  1151 D PhoneWindowManagerExt: ACTION_BATTERY_CHANGED - Level=80, status=2
11-12 12:31:32.004  1151  1151 D AdaptiveBrightnessLongtermModelBuilder: Received android.intent.action.BATTERY_CHANGED
11-12 12:31:32.004  1151  1151 D SemWifiApBroadcastReceiver: Received : android.intent.action.BATTERY_CHANGED
11-12 12:31:32.005  1596  1596 I AODBatteryManager: updateBatteryData: ACTION_BATTERY_CHANGED
11-12 12:31:32.006  1548  1548 D SemBigDataInfoController: Intent: android.intent.action.BATTERY_CHANGED
11-12 12:31:32.006  1548  1548 D SemBigDataInfoController: Intent: android.intent.action.BATTERY_CHANGED
11-12 12:31:32.007  1596  1596 I AODBatteryManager: saveBatteryData : AOD BatteryData [mBatteryLevel=80, mBatteryStatus=CHARGING, mBatteryPlugType=USB, mBatteryPlugged=true, mRemainingChargeTime=8498000, mBatteryChargingType=1, mBatteryChargerType=NORMAL, mBatteryOnline=USB, mBatterySwellingMode=NONE, mBatteryProtectMode=false]
11-12 12:31:32.008  1596  1596 D SamsungBatteryMeterDrawable: onBatteryLevelChanged isSomethingChanged: false
11-12 12:31:32.008  1596  1596 D SamsungBatteryMeterDrawable: onBatteryLevelChanged isSomethingChanged: false
11-12 12:31:32.008  1596  1596 D SamsungBatteryMeterDrawable: onBatteryLevelChanged isSomethingChanged: false
11-12 12:31:32.008  1596  1596 D SamsungBatteryMeterDrawable: onBatteryLevelChanged isSomethingChanged: false
11-12 12:31:32.009  1596  1596 I PowerUI : mBootCompleted = true |  mFullyConnected = true
11-12 12:31:32.009  1596  1596 I PowerUI : BATTERY_HEALTH_CHECK extraHealth=2 mBatteryMiscEvent=65536
11-12 12:31:32.009  1596  1596 W PowerUI : Plug reason
11-12 12:31:32.009  1596  1596 W PowerUI : Skip charging animation - by plug status
11-12 12:31:32.009  1596  1596 D PowerUI : priorPlugType = 2 mPlugType = 2 priorBatteryStatus = 2 mBatteryStatus = 2
11-12 12:31:32.009  1596  1596 W PowerUI : Plug reason
11-12 12:31:32.009  1596  1596 W PowerUI : Skip charging sound - by plug status
11-12 12:31:32.009  1596  1596 I PowerUI : oldMisalign : false, curMisalign : false
11-12 12:31:32.009  1596 16247 D SecPowerUI.Notification: dismissing low battery warning: level=80
11-12 12:31:32.009  1596 16247 D SecPowerUI.Notification: updateNotification mWarning=false mPlaySound=false
11-12 12:31:32.009  1596 16247 D SecPowerUI.Notification: SecBatteryStatsSnapshot{batteryLevel=80, currentBatteryMode=1, chargingTime=8498000, chargingType=11, batteryHealth=2, automaticTestMode=false, isHiccupState=false}
11-12 12:31:32.011  1596 16247 D SecPowerUI.Notification: 1. restoreScreenTimeOut - saved_value : :
11-12 12:31:32.011  1596 16247 E SecPowerUI.Notification: no saved value, so we do nothing !!
11-12 12:31:32.012  1596  1596 D SecPowerUI.Notification: showChargingNotice oldChargingType : 11 / currentChargingType : 11, oldChargingTime : 8498000 / mChargingTime : 8498000
11-12 12:31:32.013  1596  1596 D SecPowerUI.Notification: There is no change about charging status, so return!
11-12 12:31:32.013  1596  1596 D PowerUI : Battery swelling mode - priorBatterySwellingMode = 0 mBatterySwellingMode = 0 mBatteryStatus = 2
11-12 12:31:32.013  1596  1596 I PowerUI : mBatteryMiscEvent = 65536
11-12 12:31:32.013  1596  1596 D KeyguardUpdateMonitor: received broadcast android.intent.action.BATTERY_CHANGED
11-12 12:31:32.013  1596  1596 D KeyguardUpdateMonitor: handleBatteryUpdate
11-12 12:31:32.167 21512 21536 I BWU@Recorder: Ph_input stream available : 6400 ==> flush  [ForkJoinPool.commonPool-worker-1] 
11-12 12:31:32.175 21512 21537 I ISG_Wakeup_Verify: [KWD] Normal - scores: [0.0000, 0.0020, t(35660)], [0.0000, 0.0000, t(35664)], [0.0010, 0.0000, t(35668)], [0.0010, 0.0010, t(35672)], [0.0010, 0.0010, t(35676)], RMS: 10
11-12 12:31:32.369 21512 21536 I BWU@Recorder: Ph_input stream available : 6400 ==> flush  [ForkJoinPool.commonPool-worker-1] 
11-12 12:31:32.378 21512 21537 I ISG_Wakeup_Verify: [KWD] Normal - scores: [0.0000, 0.0000, t(35680)], [0.0010, 0.0000, t(35684)], [0.0000, 0.0010, t(35688)], [0.0000, 0.0000, t(35692)], [0.0000, 0.0000, t(35696)], RMS: 9
11-12 12:31:32.515  1151 10301 D SemWifiUsabilityStatsMonitor: onWifiUsabilityStats - seqNum 25140, isSameBssidAndFreq true
11-12 12:31:32.518  1151  1483 I SemWifiLinkQualityMonitor: Link Qos query: inf. ms / 0 Mbps
11-12 12:31:32.569 21512 21536 I BWU@Recorder: Ph_input stream available : 6400 ==> flush  [ForkJoinPool.commonPool-worker-1] 
11-12 12:31:32.576 21512 21537 I ISG_Wakeup_Verify: [KWD] Normal - scores: [0.0000, 0.0010, t(35700)], [0.0000, 0.0000, t(35704)], [0.0000, 0.0000, t(35708)], [0.0000, 0.0000, t(35712)], [0.0010, 0.0000, t(35716)], RMS: 7
11-12 12:31:32.770 21512 21536 I BWU@Recorder: Ph_input stream available : 6400 ==> flush  [ForkJoinPool.commonPool-worker-1] 
11-12 12:31:32.778 21512 21537 I ISG_Wakeup_Verify: [KWD] Normal - scores: [0.0000, 0.0000, t(35720)], [0.0000, 0.0000, t(35724)], [0.0000, 0.0000, t(35728)], [0.0000, 0.0000, t(35732)], [0.0010, 0.0000, t(35736)], RMS: 7
11-12 12:31:32.802   475   475 D io_stats: !@   8,0 r 10042911 190726940 w 7069240 184593136 d 0 0 f 0 0 iot 2878196 0 th 0 0 0 pt 0 inp 0 0 110486.414
11-12 12:31:32.968 21512 21536 I BWU@Recorder: Ph_input stream available : 6400 ==> flush  [ForkJoinPool.commonPool-worker-1] 
11-12 12:31:32.977 21512 21537 I ISG_Wakeup_Verify: [KWD] Normal - scores: [0.0000, 0.0000, t(35740)], [0.0010, 0.0000, t(35744)], [0.0000, 0.0039, t(35748)], [0.0000, 0.0010, t(35752)], [0.0000, 0.0010, t(35756)], RMS: 7
11-12 12:31:33.165 21512 21536 I BWU@Recorder: Ph_input stream available : 6400 ==> flush  [ForkJoinPool.commonPool-worker-1] 
11-12 12:31:33.174 21512 21537 I ISG_Wakeup_Verify: [KWD] Normal - scores: [0.0000, 0.0010, t(35760)], [0.0000, 0.0000, t(35764)], [0.0000, 0.0010, t(35768)], [0.0000, 0.0020, t(35772)], [0.0010, 0.0000, t(35776)], RMS: 5
11-12 12:31:33.358 21512 21536 I BWU@Recorder: Ph_input stream available : 6400 ==> flush  [ForkJoinPool.commonPool-worker-1] 
11-12 12:31:33.364 21512 21537 I ISG_Wakeup_Verify: [KWD] Normal - scores: [0.0000, 0.0000, t(35780)], [0.0010, 0.0039, t(35784)], [0.0039, 0.0029, t(35788)], [0.0029, 0.0146, t(35792)], [0.0000, 0.0039, t(35796)], RMS: 7
11-12 12:31:33.475   700   700 E audit   : type=1400 audit(1762961493.469:345454): avc:  denied  { write } for  pid=9080 comm="ThreadPoolForeg" name="traced_producer" dev="tmpfs" ino=7950 scontext=u:r:gmscore_app:s0:c512,c768 tcontext=u:object_r:traced_producer_socket:s0 tclass=sock_file permissive=0 SEPF_SM-M625F_13_0001 audit_filtered
11-12 12:31:33.475   700   700 E audit   : type=1300 audit(1762961493.469:345454): arch=c00000b7 syscall=203 success=no exit=-13 a0=57 a1=b40000728f4e5a20 a2=1e a3=ffffffff96ed0741 items=1 ppid=722 pid=9080 auid=4294967295 uid=10229 gid=10229 euid=10229 suid=10229 fsuid=10229 egid=10229 sgid=10229 fsgid=10229 tty=(none) ses=4294967295 comm="ThreadPoolForeg" exe="/system/bin/app_process64" subj=u:r:gmscore_app:s0:c512,c768 key=(null)
11-12 12:31:33.475   700   700 E audit   : type=1306 audit(1762961493.469:345454): saddr=01002F6465762F736F636B65742F7472616365645F70726F647563657200
11-12 12:31:33.476   700   700 E audit   : type=1302 audit(1762961493.469:345454): item=0 name="/dev/socket/traced_producer" inode=7950 dev=00:11 mode=0140666 ouid=0 ogid=0 rdev=00:00 obj=u:object_r:traced_producer_socket:s0 nametype=NORMAL cap_fp=0000000000000000 cap_fi=0000000000000000 cap_fe=0 cap_fver=0
11-12 12:31:33.476   700   700 E audit   : type=1327 audit(1762961493.469:345454): proctitle="com.google.android.gms.persistent"
