11-12 12:31:53.741  1151  1233 I WindowManager:   taskInfo=TaskInfo{userId=0 taskId=7 displayId=0 isRunning=true baseIntent=Intent { act=android.intent.action.MAIN cat=[android.intent.category.HOME] flg=0x10000100 cmp=com.sec.android.app.launcher/.activities.LauncherActivity } baseActivity=ComponentInfo{com.sec.android.app.launcher/com.sec.android.app.launcher.activities.LauncherActivity} topActivity=ComponentInfo{com.sec.android.app.launcher/com.android.launcher3.uioverrides.QuickstepLauncher} origActivity=ComponentInfo{com.sec.android.app.launcher/com.sec.android.app.launcher.activities.LauncherActivity} realActivity=ComponentInfo{com.sec.android.app.launcher/com.android.launcher3.uioverrides.QuickstepLauncher} numActivities=1 lastActiveTime=235673001 supportsSplitScreenMultiWindow=true supportsMultiWindow=true resizeMode=2 isResizeable=true minWidth=-1 minHeight=-1 defaultMinSize=220 token=WCT{RemoteToken{d6bd021 Task{8b2cebf #7 type=home A=10140:com.sec.android.app.launcher.activities.LauncherActivity U=0 rootTaskId=1 visible=false visibleRequested=false mode=fullscreen translucent=true sz=1}}} topActivityType=2 pictureInPictureParams=null shouldDockBigOverlays=false launchIntoPipHostTaskId=0 displayCutoutSafeInsets=Rect(0, 92 - 0, 0) topActivityInfo=ActivityInfo{ad7dc46 com.sec.android.app.launcher.activities.LauncherActivity} launchCookies=[] positionInParent=Point(0, 0) parentTaskId=-1 isFocused=false isVisible=false isSleeping=false topActivityInSizeCompat=false topActivityEligibleForLetterboxEducation= false locusId=LocusId[17_chars] displayAreaFeatureId=1 cameraCompatControlState=hidden originallySupportedSplitScreen=true hasWallpaper=false isTopTransparentActivity=false topActivityInFixedAspectRatio=false topActivityInDisplayCompat=false topActivityInBoundsCompat=false topActivityBounds=null}
11-12 12:31:53.741  1151  1233 I WindowManager:   allowEnterPip=true
11-12 12:31:53.741  1151  1233 I WindowManager:   windowType=-1  hasAnimatingParent=false  backgroundColor=0
11-12 12:31:53.741  1938  1938 W AppTransitionAnimatorImpl: animation with floating icon
11-12 12:31:53.741  1938  1938 I FloatingIconView: drawable is not adaptive icon: false
11-12 12:31:53.741  1938  1938 I RemoteAnimationTargets: RemoteAnimationTargets : 488 - 0, 0
11-12 12:31:53.741  1938  1938 I RemoteAnimationTargets: RemoteAnimationTargets : 7 - 1, 0
11-12 12:31:53.741  1938  1938 I QuickstepTransition: onCreateAnimation : com.android.launcher3.util.RunnableList@8f753a9 - com.android.launcher3.g@a824d2e
11-12 12:31:53.741  1938  1938 I AnimationResult: setAnimation : com.android.launcher3.g@a824d2e
11-12 12:31:53.742  1596  1658 D Bubbles : onLocusVisibilityChanged: LocusId[16_chars] visible=false
11-12 12:31:53.742 23288 23288 V GraphicsEnvironment: ANGLE Developer option for 'com.empresa.meuapp' set to: 'default'
11-12 12:31:53.742 23288 23288 V GraphicsEnvironment: ANGLE GameManagerService for com.empresa.meuapp: false
11-12 12:31:53.742 23288 23288 V GraphicsEnvironment: Neither updatable production driver nor prerelease driver is supported.
11-12 12:31:53.744 23288 23288 D NetworkSecurityConfig: No Network Security Config specified, using platform default
11-12 12:31:53.745 23288 23288 D NetworkSecurityConfig: No Network Security Config specified, using platform default
11-12 12:31:53.753 23288 23288 D WM-WrkMgrInitializer: Initializing WorkManager with default configuration.
11-12 12:31:53.754   816   816 I Layer   : Layer [Splash Screen com.empresa.meuapp$_1596#39858] hidden!! flag(0)
11-12 12:31:53.754  1151  3514 D PackageManager: setEnabledSetting : userId = 0 packageName = com.empresa.meuapp cmp = androidx.work.impl.background.systemjob.SystemJobService newState = 1 callingPackage = 10643/com.empresa.meuapp
11-12 12:31:53.754  1151  3514 D ApplicationPolicy: getApplicationStateEnabled : pkg = com.empresa.meuapp userId : 0
11-12 12:31:53.755  1151  3514 D ApplicationPolicy: getApplicationComponentState : pkg = com.empresa.meuapp userId : 0
11-12 12:31:53.755  1938  1938 I BadgeRenderer: Invalid count : 0
11-12 12:31:53.755  1938  1938 I BadgeRenderer: Invalid count : 0
11-12 12:31:53.757  1938  1938 I BadgeRenderer: Invalid count : 0
11-12 12:31:53.757  1938  1938 I BadgeRenderer: Invalid count : 0
11-12 12:31:53.758  1151  3514 I GenerationRegistry: mBackingStore.isClosed() : false
11-12 12:31:53.759 23288 23288 W SoLoader: Initializing SoLoader: 0
11-12 12:31:53.760 23288 23288 W SoLoader: Recording new base apk path: /data/app/~~P1LF31MeG-gLjO4oAOs8kQ==/com.empresa.meuapp-mXiFF7IXKqXCUPd6xUHdOw==/base.apk
11-12 12:31:53.760 23288 23288 W SoLoader: Previously recorded 0 base apk paths.
11-12 12:31:53.760 23288 23288 I SoLoader: Preparing SO source: DirectorySoSource[root = /vendor/lib64 flags = 2]
11-12 12:31:53.760 23288 23288 I SoLoader: Preparing SO source: DirectorySoSource[root = /system/lib64 flags = 2]
11-12 12:31:53.760 23288 23288 I SoLoader: Preparing SO source: DirectApkSoSource[root = [/data/app/~~P1LF31MeG-gLjO4oAOs8kQ==/com.empresa.meuapp-mXiFF7IXKqXCUPd6xUHdOw==/base.apk!/lib/arm64-v8a]]
11-12 12:31:53.762 23288 23288 I SoLoader: Preparing SO source: ApplicationSoSource[DirectorySoSource[root = /data/app/~~P1LF31MeG-gLjO4oAOs8kQ==/com.empresa.meuapp-mXiFF7IXKqXCUPd6xUHdOw==/lib/arm64 flags = 0]]
11-12 12:31:53.762 23288 23288 I SoLoader: init finish: 4 SO sources prepared
11-12 12:31:53.762 23288 23288 W SoLoader: SoLoader initialized: 8
11-12 12:31:53.766 23288 23313 D CompatibilityChangeReporter: Compat change id reported: 160794467; UID 10643; state: ENABLED
11-12 12:31:53.768 23288 23288 D nativeloader: Load /data/app/~~P1LF31MeG-gLjO4oAOs8kQ==/com.empresa.meuapp-mXiFF7IXKqXCUPd6xUHdOw==/base.apk!/lib/arm64-v8a/libc++_shared.so using class loader ns clns-6 (caller=/data/app/~~P1LF31MeG-gLjO4oAOs8kQ==/com.empresa.meuapp-mXiFF7IXKqXCUPd6xUHdOw==/base.apk!classes3.dex): ok
11-12 12:31:53.771  1938  1938 W AppTransitionAnimatorImpl: onAnimationStart - APP IN
11-12 12:31:53.771 23288 23288 D nativeloader: Load /data/app/~~P1LF31MeG-gLjO4oAOs8kQ==/com.empresa.meuapp-mXiFF7IXKqXCUPd6xUHdOw==/base.apk!/lib/arm64-v8a/libjsi.so using class loader ns clns-6 (caller=/data/app/~~P1LF31MeG-gLjO4oAOs8kQ==/com.empresa.meuapp-mXiFF7IXKqXCUPd6xUHdOw==/base.apk!classes3.dex): ok
11-12 12:31:53.772  1938  4363 I ViewRootImpl@557e5d6[LauncherActivity]: mWNT: t=0xb40000731f52b350 mBlastBufferQueue=0xb40000735f4e9e50 fn= 179 caller= com.android.systemui.shared.launcher.ViewRootImplCompat.mergeWithNextTransaction:2 com.android.quickstep.util.SurfaceTransactionApplier.lambda$scheduleApply$0:2 com.android.quickstep.util.SurfaceTransactionApplier.b:0 
11-12 12:31:53.774 23288 23288 D nativeloader: Load /data/app/~~P1LF31MeG-gLjO4oAOs8kQ==/com.empresa.meuapp-mXiFF7IXKqXCUPd6xUHdOw==/base.apk!/lib/arm64-v8a/libfbjni.so using class loader ns clns-6 (caller=/data/app/~~P1LF31MeG-gLjO4oAOs8kQ==/com.empresa.meuapp-mXiFF7IXKqXCUPd6xUHdOw==/base.apk!classes3.dex): ok
11-12 12:31:53.776 23288 23288 D nativeloader: Load /data/app/~~P1LF31MeG-gLjO4oAOs8kQ==/com.empresa.meuapp-mXiFF7IXKqXCUPd6xUHdOw==/base.apk!/lib/arm64-v8a/libreactnative.so using class loader ns clns-6 (caller=/data/app/~~P1LF31MeG-gLjO4oAOs8kQ==/com.empresa.meuapp-mXiFF7IXKqXCUPd6xUHdOw==/base.apk!classes3.dex): ok
11-12 12:31:53.776 23288 23288 D jni_lib_merge: Entering merged library JNI_OnLoad.
11-12 12:31:53.776 23288 23288 D jni_lib_merge: Preparing 12 pre-merged libs (including stub)
11-12 12:31:53.776 23288 23288 D jni_lib_merge: Preparing to register libfabricjni_so.  onload_func: 0x71f2ce0edc
11-12 12:31:53.776 23288 23288 D jni_lib_merge: Preparing to register libreact_devsupportjni_so.  onload_func: 0x71f2db1f40
11-12 12:31:53.776 23288 23288 D jni_lib_merge: Preparing to register libreact_featureflagsjni_so.  onload_func: 0x71f2dc49f8
11-12 12:31:53.776 23288 23288 D jni_lib_merge: Preparing to register libreact_newarchdefaults_so.  onload_func: 0x71f2de9e30
11-12 12:31:53.776 23288 23288 D jni_lib_merge: Preparing to register libreactnativeblob_so.  onload_func: 0x71f2e7c5b0
11-12 12:31:53.776 23288 23288 D jni_lib_merge: Preparing to register libreactnativejni_so.  onload_func: 0x71f2e96b24
11-12 12:31:53.776 23288 23288 D jni_lib_merge: Preparing to register libreactnativejni_common_so.  onload_func: 0x71f2e9d458
11-12 12:31:53.776 23288 23288 D jni_lib_merge: Preparing to register librninstance_so.  onload_func: 0x71f2eb9070
11-12 12:31:53.776 23288 23288 D jni_lib_merge: Preparing to register libturbomodulejsijni_so.  onload_func: 0x71f2f511a4
11-12 12:31:53.776 23288 23288 D jni_lib_merge: Preparing to register libuimanagerjni_so.  onload_func: 0x71f2f587e0
11-12 12:31:53.776 23288 23288 D jni_lib_merge: Preparing to register libyoga_so.  onload_func: 0x71f2f5fda4
11-12 12:31:53.776 23288 23288 D jni_lib_merge: About to register 11 actual methods.
11-12 12:31:53.781 23288 23288 D nativeloader: Load /data/app/~~P1LF31MeG-gLjO4oAOs8kQ==/com.empresa.meuapp-mXiFF7IXKqXCUPd6xUHdOw==/base.apk!/lib/arm64-v8a/libreact_codegen_rnscreens.so using class loader ns clns-6 (caller=/data/app/~~P1LF31MeG-gLjO4oAOs8kQ==/com.empresa.meuapp-mXiFF7IXKqXCUPd6xUHdOw==/base.apk!classes3.dex): ok
11-12 12:31:53.781 23288 23288 D jni_lib_merge: Entering merged library JNI_OnLoad.
11-12 12:31:53.781 23288 23288 D jni_lib_merge: Preparing 12 pre-merged libs (including stub)
11-12 12:31:53.781 23288 23288 D jni_lib_merge: Preparing to register libfabricjni_so.  onload_func: 0x71f2ce0edc
11-12 12:31:53.781 23288 23288 D jni_lib_merge: Preparing to register libreact_devsupportjni_so.  onload_func: 0x71f2db1f40
11-12 12:31:53.781 23288 23288 D jni_lib_merge: Preparing to register libreact_featureflagsjni_so.  onload_func: 0x71f2dc49f8
11-12 12:31:53.781 23288 23288 D jni_lib_merge: Preparing to register libreact_newarchdefaults_so.  onload_func: 0x71f2de9e30
11-12 12:31:53.781 23288 23288 D jni_lib_merge: Preparing to register libreactnativeblob_so.  onload_func: 0x71f2e7c5b0
11-12 12:31:53.781 23288 23288 D jni_lib_merge: Preparing to register libreactnativejni_so.  onload_func: 0x71f2e96b24
11-12 12:31:53.781 23288 23288 D jni_lib_merge: Preparing to register libreactnativejni_common_so.  onload_func: 0x71f2e9d458
11-12 12:31:53.781 23288 23288 D jni_lib_merge: Preparing to register librninstance_so.  onload_func: 0x71f2eb9070
11-12 12:31:53.781 23288 23288 D jni_lib_merge: Preparing to register libturbomodulejsijni_so.  onload_func: 0x71f2f511a4
11-12 12:31:53.781 23288 23288 D jni_lib_merge: Preparing to register libuimanagerjni_so.  onload_func: 0x71f2f587e0
11-12 12:31:53.781 23288 23288 D jni_lib_merge: Preparing to register libyoga_so.  onload_func: 0x71f2f5fda4
11-12 12:31:53.781 23288 23288 D jni_lib_merge: About to register 11 actual methods.
11-12 12:31:53.784 23288 23288 D nativeloader: Load /data/app/~~P1LF31MeG-gLjO4oAOs8kQ==/com.empresa.meuapp-mXiFF7IXKqXCUPd6xUHdOw==/base.apk!/lib/arm64-v8a/libreact_codegen_safeareacontext.so using class loader ns clns-6 (caller=/data/app/~~P1LF31MeG-gLjO4oAOs8kQ==/com.empresa.meuapp-mXiFF7IXKqXCUPd6xUHdOw==/base.apk!classes3.dex): ok
11-12 12:31:53.785 23288 23288 D nativeloader: Load /data/app/~~P1LF31MeG-gLjO4oAOs8kQ==/com.empresa.meuapp-mXiFF7IXKqXCUPd6xUHdOw==/base.apk!/lib/arm64-v8a/libappmodules.so using class loader ns clns-6 (caller=/data/app/~~P1LF31MeG-gLjO4oAOs8kQ==/com.empresa.meuapp-mXiFF7IXKqXCUPd6xUHdOw==/base.apk!classes3.dex): ok
11-12 12:31:53.789  1938  4364 I ViewRootImpl@557e5d6[LauncherActivity]: mWNT: t=0xb40000731f512750 mBlastBufferQueue=0xb40000735f4e9e50 fn= 180 caller= com.android.systemui.shared.launcher.ViewRootImplCompat.mergeWithNextTransaction:2 com.android.quickstep.util.SurfaceTransactionApplier.lambda$scheduleApply$0:2 com.android.quickstep.util.SurfaceTransactionApplier.b:0 
11-12 12:31:53.790 23288 23316 D OpenGLRenderer: RenderThread::requireGlContext()
11-12 12:31:53.795 23288 23288 D AppCompatDelegate: Checking for metadata for AppLocalesMetadataHolderService : Service not found
11-12 12:31:53.796  1151  1519 D NetdEventListenerService: DNS Requested by : 131, 1000
11-12 12:31:53.799 23288 23316 D OpenGLRenderer: RenderThread::setGrContext()
11-12 12:31:53.805 23288 23326 W dev.expo.updates: {"timestamp":1762961513805,"message":"The expo-updates system is explicitly disabled. To enable it, set the enabled setting to true.","code":"InitializationError","level":"warn"}
11-12 12:31:53.805  1938  4363 I ViewRootImpl@557e5d6[LauncherActivity]: mWNT: t=0xb40000731f4f97f0 mBlastBufferQueue=0xb40000735f4e9e50 fn= 181 caller= com.android.systemui.shared.launcher.ViewRootImplCompat.mergeWithNextTransaction:2 com.android.quickstep.util.SurfaceTransactionApplier.lambda$scheduleApply$0:2 com.android.quickstep.util.SurfaceTransactionApplier.b:0 
11-12 12:31:53.808 23288 23288 I DecorView: [INFO] isPopOver=false config=true
11-12 12:31:53.808 23288 23288 I DecorView: updateCaptionType: isFloating=false isApplication=true hasWindowDecorCaption=false this=DecorView@92eb64b[]
11-12 12:31:53.808 23288 23288 D DecorView: setCaptionType = 0, this = DecorView@92eb64b[]
11-12 12:31:53.809 23288 23288 I DecorView: getCurrentDensityDpi: from real metrics. densityDpi=450 msg=resources_loaded
11-12 12:31:53.809 23288 23288 I DecorView: setWindowBackground: isPopOver=false color=ff303030 d=android.graphics.drawable.ColorDrawable@323f941
11-12 12:31:53.814 23288 23288 I MSHandlerLifeCycle: check: return. pkg=com.empresa.meuapp parent=null callers=com.android.internal.policy.DecorView.setVisibility:4412 android.app.ActivityThread.handleResumeActivity:5476 android.app.servertransaction.ResumeActivityItem.execute:54 android.app.servertransaction.ActivityTransactionItem.execute:45 android.app.servertransaction.TransactionExecutor.executeLifecycleState:176 
11-12 12:31:53.814 23288 23288 I MSHandlerLifeCycle: removeMultiSplitHandler: no exist. decor=DecorView@92eb64b[]
11-12 12:31:53.814   816   816 D SurfaceFlinger: Display 0 HWC layers:
11-12 12:31:53.814   816   816 D SurfaceFlinger:      CLIENT | 0xb4000078a0092e10 | 0100 | RGBx_8888    |    0.0    0.0 1200.0  540.0 |    0    0 1080 2400 | Wallpaper BBQ wrapper#81
11-12 12:31:53.814   816   816 D SurfaceFlinger:      CLIENT | 0xb4000078a00a8dd0 | 0100 | RGBA_8888    |    0.0    0.0 1080.0 2400.0 |    0    0 1080 2400 | com.sec.android.app.launcher/com.sec[...]erActivity$_1938#39848 (blurRegions)
11-12 12:31:53.814   816   816 D SurfaceFlinger:      CLIENT | 0xb4000078a00ac250 | 0100 | RGBA_8888    |    0.0  938.0 1080.0 2018.0 |  577 1616  750 1789 | Splash Screen com.empresa.meuapp$_1596#39858
11-12 12:31:53.814   816   816 D SurfaceFlinger:      DEVICE | 0xb4000078a00b6510 | 0100 | RGBA_8888    |    0.0    0.0 1080.0   92.0 |    0    0 1080   92 | StatusBar$_1596#92
11-12 12:31:53.814   816   816 D SurfaceFlinger:      DEVICE | 0xb4000078a00b1110 | 0100 | RGBA_8888    |    0.0    0.0 1080.0  135.0 |    0 2265 1080 2400 | NavigationBar0$_1596#87
11-12 12:31:53.814   816   816 D SurfaceFlinger: 
11-12 12:31:53.817 23288 23316 D NativeCustomFrequencyManager: [NativeCFMS] BpCustomFrequencyManager::BpCustomFrequencyManager()
11-12 12:31:53.818  1938 11523 I RecentModel: onTaskStackChangedBackground
11-12 12:31:53.819 23288 23288 I DecorView: notifyKeepScreenOnChanged: keepScreenOn=false
11-12 12:31:53.819  3410  3777 I SemDvfsHyPerManager: acquire hyper - BaseTABoost/3410@23, type = 1090523139
11-12 12:31:53.819  3410  3777 I SemDvfsHyPerManager: acquire hyper - BaseTAToouchBoost/3410@25, type = 1090523139
11-12 12:31:53.819  1151  3516 D InputTransport: Input channel constructed: '43e5f6a', fd=870
11-12 12:31:53.819  1151  3516 D InputTransport: Input channel constructed: '43e5f6a', fd=873
11-12 12:31:53.819  1151  3516 D InputTransport: Input channel constructed: '43e5f6a', fd=887
11-12 12:31:53.820   816   843 I SurfaceFlinger: id=39864 createSurf flag=80004, 43e5f6a com.empresa.meuapp/com.empresa.meuapp.MainActivity#39864
11-12 12:31:53.820   745   745 E HYPER-HAL: [SysfsControlManager.cpp]writeSysfs(): Couldn't Open Sysfs - /sys/power/boost_mode_change
11-12 12:31:53.820  1151  3516 D RestrictionPolicy: isScreenCaptureEnabled : ret=true userId=0
11-12 12:31:53.821  1151  3516 D InputTransport: Input channel destroyed: '43e5f6a', fd=887
11-12 12:31:53.821   745   771 I HYPER-HAL: [RequestManager.cpp]acquire(): Acquired ID : 5894484  [3410 / 23]    HINT :      list : [TABoost / 5] 
11-12 12:31:53.821   745   771 I HYPER-HAL: [RequestManager.cpp]acquire(): Acquired ID : 5901355  [3410 / 25]    HINT :      list : [TABoost / 20] [TIMEOUT / 1500] 
11-12 12:31:53.821 23288 23288 D InsetsController: onStateChanged: InsetsState: {mDisplayFrame=Rect(0, 0 - 1080, 2400), mDisplayCutout=DisplayCutout{insets=Rect(0, 92 - 0, 0) waterfall=Insets{left=0, top=0, right=0, bottom=0} boundingRect={Bounds=[Rect(0, 0 - 0, 0), Rect(478, 0 - 602, 92), Rect(0, 0 - 0, 0), Rect(0, 0 - 0, 0)]} cutoutPathParserInfo={CutoutPathParserInfo{displayWidth=1080 displayHeight=2400 physicalDisplayWidth=1080 physicalDisplayHeight=2400 density={2.8125} cutoutSpec={M 0,0 H -22.0444444444444 V 32.71111111111111 H 22.0444444444444 V 0 H 0 Z @dp} rotation={0} scale={1.0} physicalPixelDisplaySizeRatio={1.0}}}}, mRoundedCorners=RoundedCorners{[RoundedCorner{position=TopLeft, radius=90, center=Point(90, 90)}, RoundedCorner{position=TopRight, radius=90, center=Point(990, 90)}, RoundedCorner{position=BottomRight, radius=90, center=Point(990, 2310)}, RoundedCorner{position=BottomLeft, radius=90, center=Point(90, 2310)}]}  mRoundedCornerFrame=Rect(0, 0 - 1080, 2400), mPrivacyIndicatorBounds=PrivacyIndicatorBounds {static bounds=Rect(956, 0 - 1080, 92) rotation=0}, mSources= { InsetsSource: {mType=ITYPE_STATUS_BAR, mFrame=[0,0][1080,92], mVisible=true, mInsetsRoundedCornerFrame=false}, InsetsSource: {mType=ITYPE_NAVIGATION_BAR, mFrame=[0,2358][1080,2400], mVisible=true, mInsetsRoundedCornerFrame=false}, InsetsSource: {mType=ITYPE_LEFT_GESTURES, mFrame=[0,0][84,2400], mVisible=true, mInsetsRoundedCornerFrame=false}, InsetsSource: {mType=ITYPE_RIGHT_GESTURES, mFrame=[996,0][1080,2400], mVisible=true, mInsetsRoundedCornerFrame=false}, InsetsSource: {mType=ITYPE_TOP_MANDATORY_GESTURES, mFrame=[0,0][1080,126], mVisible=true, mInsetsRoundedCornerFrame=false}, InsetsSource: {mType=ITYPE_BOTTOM_MANDATORY_GESTURES, mFrame=[0,2310][1080,2400], mVisible=true, mInsetsRoundedCornerFrame=false}, InsetsSource: {mType=ITYPE_LEFT_DISPLAY_CUTOUT, mFrame=[0,0][-100000,2400], mVisible=true, mInsetsRoundedCornerFrame=false}, InsetsSource: {mType=ITYPE_TOP_DISPLAY_CUTOUT, mFrame=[0,0][1080,92], mVisible=true, mInsetsRoundedCornerFrame=false}, InsetsSource: {mType=ITYPE_RIGHT_DISPLAY_CUTOUT, mFrame=[100000,0][1080,2400], mVisible=true, mInsetsRoundedCornerFrame=false}, InsetsSource: {mType=ITYPE_BOTTOM_DISPLAY_CUTOUT, mFrame=[0,100000][1080,2400], mVisible=true, mInsetsRoundedCornerFrame=false}, InsetsSource: {mType=ITYPE_TOP_TAPPABLE_ELEMENT, mFrame=[0,0][1080,92], mVisible=true, mInsetsRoundedCornerFrame=false}, InsetsSource: {mType=ITYPE_BOTTOM_TAPPABLE_ELEMENT, mFrame=[0,0][0,0], mVisible=true, mInsetsRoundedCornerFrame=false}, InsetsSource: {mType=ITYPE_IME, mFrame=[0,0][0,0], mVisibleFrame=[0,1392][1080,2400], mVisible=false, mInsetsRoundedCornerFrame=false} } host=com.empresa.meuapp/com.empresa.meuapp.MainActivity from=android.view.ViewRootImpl.setView:1732
11-12 12:31:53.821  1938  4364 I ViewRootImpl@557e5d6[LauncherActivity]: mWNT: t=0xb40000731f524630 mBlastBufferQueue=0xb40000735f4e9e50 fn= 182 caller= com.android.systemui.shared.launcher.ViewRootImplCompat.mergeWithNextTransaction:2 com.android.quickstep.util.SurfaceTransactionApplier.lambda$scheduleApply$0:2 com.android.quickstep.util.SurfaceTransactionApplier.b:0 
11-12 12:31:53.822  1938  2168 I RecentTasksList: loadTasksInBackground : groupTask = GroupTask{task1=[id=488 windowingMode=1 user=0 lastActiveTime=235673096] null, task2=null, task3=null, mStagedSplitBounds=null}
11-12 12:31:53.823  1151  3528 D CoreBackPreview: Window{43e5f6a u0 com.empresa.meuapp/com.empresa.meuapp.MainActivity}: Setting back callback OnBackInvokedCallbackInfo{mCallback=android.window.IOnBackInvokedCallback$Stub$Proxy@beafcf8, mPriority=0}
11-12 12:31:53.823 23288 23288 I ViewRootImpl@63cb4b1[MainActivity]: setView = com.android.internal.policy.DecorView@92eb64b TM=true
11-12 12:31:53.825 23288 23288 I MSHandlerLifeCycle: removeMultiSplitHandler: no exist. decor=DecorView@92eb64b[MainActivity]
11-12 12:31:53.827 23288 23288 I ViewRootImpl@63cb4b1[MainActivity]: performTraversals params={(0,0)(fillxfill) sim={adjust=resize forwardNavigation} layoutInDisplayCutoutMode=always ty=BASE_APPLICATION wanim=0x1030309
11-12 12:31:53.827 23288 23288 I ViewRootImpl@63cb4b1[MainActivity]:   fl=81810100
11-12 12:31:53.827 23288 23288 I ViewRootImpl@63cb4b1[MainActivity]:   pfl=16020040
11-12 12:31:53.827 23288 23288 I ViewRootImpl@63cb4b1[MainActivity]:   vsysui=100
11-12 12:31:53.827 23288 23288 I ViewRootImpl@63cb4b1[MainActivity]:   bhv=DEFAULT
11-12 12:31:53.827 23288 23288 I ViewRootImpl@63cb4b1[MainActivity]:   fitSides= naviIconColor=0}
11-12 12:31:53.828 23288 23288 I ViewRootImpl@63cb4b1[MainActivity]: performTraversals mFirst=true windowShouldResize=true viewVisibilityChanged=false mForceNextWindowRelayout=false params={(0,0)(fillxfill) sim={adjust=resize forwardNavigation} layoutInDisplayCutoutMode=always ty=BASE_APPLICATION wanim=0x1030309
11-12 12:31:53.828 23288 23288 I ViewRootImpl@63cb4b1[MainActivity]:   fl=81810100
11-12 12:31:53.828 23288 23288 I ViewRootImpl@63cb4b1[MainActivity]:   pfl=16020040
11-12 12:31:53.828 23288 23288 I ViewRootImpl@63cb4b1[MainActivity]:   vsysui=100
11-12 12:31:53.828 23288 23288 I ViewRootImpl@63cb4b1[MainActivity]:   bhv=DEFAULT
11-12 12:31:53.828 23288 23288 I ViewRootImpl@63cb4b1[MainActivity]:   fitSides= naviIconColor=0}
11-12 12:31:53.828  1151  3528 V WindowManager: Relayout Window{43e5f6a u0 com.empresa.meuapp/com.empresa.meuapp.MainActivity}: viewVisibility=0 req=1080x2400 d0
11-12 12:31:53.828  1151  3528 D RestrictionPolicy: isScreenCaptureEnabled : ret=true userId=0
11-12 12:31:53.828   816   843 I SurfaceFlinger: id=39865 createSurf flag=40004, com.empresa.meuapp/com.empresa.meuapp.MainActivity$_23288#39865
11-12 12:31:53.828  1151  3528 D WindowManager: makeSurface duration=0 name=com.empresa.meuapp/com.empresa.meuapp.MainActivity$_23288
11-12 12:31:53.830  1151  3528 V WindowManager: Changing focus from null to Window{43e5f6a u0 com.empresa.meuapp/com.empresa.meuapp.MainActivity} displayId=0 Callers=com.android.server.wm.RootWindowContainer.updateFocusedWindowLocked:595 com.android.server.wm.WindowManagerService.updateFocusedWindowLocked:6810 com.android.server.wm.WindowManagerService.relayoutWindow:2820 com.android.server.wm.Session.relayout:274 
11-12 12:31:53.830  1151  3528 D MARsPolicyManager: onPackageResumedFG pkgName = com.empresa.meuapp, userId = 0
11-12 12:31:53.830  1151  3528 I WindowManager: Cancelling animation restarting=true, leash=Surface(name=Surface(name=657b4d9 StatusBar)/@0xa0f98b6 - animation-leash of insets_animation)/@0xf1068f3
11-12 12:31:53.830  1151  3528 I WindowManager: Reparenting to original parent: Surface(name=WindowToken{ee63320 type=2000 android.os.BinderProxy@a948f52})/@0xbefa9b7, destroy=false, surface=Surface(name=657b4d9 StatusBar)/@0xa0f98b6
11-12 12:31:53.830  1151  3528 I WindowManager: Reparenting to leash, surface=Surface(name=657b4d9 StatusBar)/@0xa0f98b6, leashParent=Surface(name=WindowToken{ee63320 type=2000 android.os.BinderProxy@a948f52})/@0xbefa9b7
11-12 12:31:53.830   816   843 I SurfaceFlinger: id=39866 createSurf flag=24000, Surface(name=657b4d9 StatusBar)/@0xa0f98b6 - animation-leash of insets_animation#39866
11-12 12:31:53.830  1151  3528 D WindowManager: makeSurface duration=0 leash=Surface(name=Surface(name=657b4d9 StatusBar)/@0xa0f98b6 - animation-leash of insets_animation)/@0xb072337
11-12 12:31:53.830  1151  3528 I WindowManager: Cancelling animation restarting=true, leash=Surface(name=Surface(name=35b8c1f NavigationBar0)/@0x90ec88d - animation-leash of insets_animation)/@0x7f5029
11-12 12:31:53.830  1151  3528 I WindowManager: Reparenting to original parent: Surface(name=WindowToken{cf546c3 type=2019 android.os.BinderProxy@88e137d})/@0x6748a42, destroy=false, surface=Surface(name=35b8c1f NavigationBar0)/@0x90ec88d
11-12 12:31:53.830  1151  3528 I WindowManager: Reparenting to leash, surface=Surface(name=35b8c1f NavigationBar0)/@0x90ec88d, leashParent=Surface(name=WindowToken{cf546c3 type=2019 android.os.BinderProxy@88e137d})/@0x6748a42
11-12 12:31:53.831   816   843 I SurfaceFlinger: id=39867 createSurf flag=24000, Surface(name=35b8c1f NavigationBar0)/@0x90ec88d - animation-leash of insets_animation#39867
11-12 12:31:53.831  1151  3528 D WindowManager: makeSurface duration=0 leash=Surface(name=Surface(name=35b8c1f NavigationBar0)/@0x90ec88d - animation-leash of insets_animation)/@0xbc69e0d
11-12 12:31:53.831  1151  3528 D WindowManager: updateSystemBarAttributes: displayId=0, win=Window{43e5f6a u0 com.empresa.meuapp/com.empresa.meuapp.MainActivity}, navColorWin=Window{847aaf1 u0 Splash Screen com.empresa.meuapp}, focusedCanBeNavColorWin=false, behavior=1, appearance=16, statusBarAppearanceRegions=[AppearanceRegion{LIGHT_STATUS_BARS bounds=[0,0][1080,2400]}], requestedVisibilities=, from=com.android.server.wm.DisplayPolicy.focusChangedLw:3247 com.android.server.wm.DisplayContent.updateFocusedWindowLocked:4632 com.android.server.wm.RootWindowContainer.updateFocusedWindowLocked:595 
11-12 12:31:53.831  1151  3528 D StatusBarManagerService: notifyRequestedSystemKey recent=false home=false
11-12 12:31:53.831  1596  1596 D SamsungLightBarControlHelper: onStatusBarAppearanceChanged() -  sbModeChanged:false, statusBarMode:MODE_TRANSPARENT, barState:SHADE, isKeyguardShowing:false, navbarColorManagedByIme:false, stackAppearancesChanged:true, (AppearanceRegion{LIGHT_STATUS_BARS bounds=[0,0][1080,2400]}, ), packageName:com.empresa.meuapp
11-12 12:31:53.831  1151  3528 V WindowManager: Relayout hash=43e5f6a, pid=23288, syncId=-1: mAttrs={(0,0)(fillxfill) sim={adjust=resize forwardNavigation} layoutInDisplayCutoutMode=always ty=BASE_APPLICATION wanim=0x1030309
11-12 12:31:53.831  1151  3528 V WindowManager:   fl=81810100
11-12 12:31:53.831  1151  3528 V WindowManager:   pfl=16020040
11-12 12:31:53.831  1151  3528 V WindowManager:   vsysui=100
11-12 12:31:53.831  1151  3528 V WindowManager:   bhv=DEFAULT
11-12 12:31:53.831  1151  3528 V WindowManager:   fitSides= naviIconColor=0}
11-12 12:31:53.831  1596  1596 D NavigationBar: onSystemBarAttributesChanged() -  displayId:0, appearance:16, packageName: com.empresa.meuapp (APPEARANCE_LIGHT_NAVIGATION_BARS ), navbarColorManagedByIme:false
11-12 12:31:53.832  1938 11523 I TouchInteractionService: onSystemUiStateChanged, stateFlags : 131072 |allow_gesture|
11-12 12:31:53.832  1938  1938 I RecentsAnimationDeviceState: setSystemUiFlags, stateFlags : 131072
11-12 12:31:53.832  1938  1938 I TouchInteractionService: onSystemUiFlagsChanged, lastSysUIFlags : 0
11-12 12:31:53.832  1596  1596 D SamsungLightBarControlHelper: updateStatus(BLACK icon) NumStacks:1, StatusBarMode:MODE_TRANSPARENT, lightBarBounds:[Rect(0, 0 - 1080, 2400)], StatusBarState:SHADE, packageName:com.empresa.meuapp, isWhiteKeyguardStatusBarBySettings:false
11-12 12:31:53.832 23288 23288 I ViewRootImpl@63cb4b1[MainActivity]: updateBlastSurfaceIfNeeded mBlastBufferQueue=null isSameSurfaceControl=false
11-12 12:31:53.833 23288 23288 I BLASTBufferQueue: new BLASTBufferQueue, mName= ViewRootImpl@63cb4b1[MainActivity] mNativeObject= 0xb40000735f474510 sc.mNativeObject= 0xb4000072ef495230 caller= android.view.ViewRootImpl.updateBlastSurfaceIfNeeded:2909 android.view.ViewRootImpl.relayoutWindow:9847 android.view.ViewRootImpl.performTraversals:3884 android.view.ViewRootImpl.doTraversal:3116 android.view.ViewRootImpl$TraversalRunnable.run:10885 android.view.Choreographer$CallbackRecord.run:1301 android.view.Choreographer$CallbackRecord.run:1309 android.view.Choreographer.doCallbacks:923 android.view.Choreographer.doFrame:852 android.view.Choreographer$FrameDisplayEventReceiver.run:1283 
11-12 12:31:53.833 23288 23288 I BLASTBufferQueue: update, w= 1080 h= 2400 mName = ViewRootImpl@63cb4b1[MainActivity] mNativeObject= 0xb40000735f474510 sc.mNativeObject= 0xb4000072ef495230 format= -1 caller= android.graphics.BLASTBufferQueue.<init>:84 android.view.ViewRootImpl.updateBlastSurfaceIfNeeded:2909 android.view.ViewRootImpl.relayoutWindow:9847 android.view.ViewRootImpl.performTraversals:3884 android.view.ViewRootImpl.doTraversal:3116 android.view.ViewRootImpl$TraversalRunnable.run:10885 
11-12 12:31:53.833 23288 23288 I ViewRootImpl@63cb4b1[MainActivity]: Relayout returned: old=(0,0,1080,2400) new=(0,0,1080,2400) req=(1080,2400)0 dur=4 res=0x3 s={true 0xb4000073ef491950} ch=true seqId=0
11-12 12:31:53.833 23288 23288 I ViewRootImpl@63cb4b1[MainActivity]: mThreadedRenderer.initialize() mSurface={isValid=true 0xb4000073ef491950} hwInitialized=true
11-12 12:31:53.834 23288 23288 I ViewRootImpl@63cb4b1[MainActivity]: reportNextDraw android.view.ViewRootImpl.performTraversals:4438 android.view.ViewRootImpl.doTraversal:3116 android.view.ViewRootImpl$TraversalRunnable.run:10885 android.view.Choreographer$CallbackRecord.run:1301 android.view.Choreographer$CallbackRecord.run:1309 
11-12 12:31:53.834 23288 23288 I ViewRootImpl@63cb4b1[MainActivity]: Setup new sync id=0
11-12 12:31:53.834 23288 23288 I ViewRootImpl@63cb4b1[MainActivity]: Setting syncFrameCallback
11-12 12:31:53.834 23288 23288 I ViewRootImpl@63cb4b1[MainActivity]: registerCallbacksForSync syncBuffer=false
11-12 12:31:53.834   737   737 I display : getColorModes:: Supported color modes (2)
11-12 12:31:53.834   737   737 I display : 	[0] mode 0
11-12 12:31:53.834   737   737 I display : 	[1] mode 9
11-12 12:31:53.835   816   844 E HWComposer: getSupportedContentTypes: getSupportedContentTypes failed for display 0: Unsupported (8)
11-12 12:31:53.835 23288 23316 D OpenGLRenderer: eglCreateWindowSurface
11-12 12:31:53.837 23288 23336 I ViewRootImpl@63cb4b1[MainActivity]: Received frameDrawingCallback syncResult=0 frameNum=1.
11-12 12:31:53.837 23288 23336 I ViewRootImpl@63cb4b1[MainActivity]: Setting up sync and frameCommitCallback
11-12 12:31:53.839  1938  4363 I ViewRootImpl@557e5d6[LauncherActivity]: mWNT: t=0xb40000731f496910 mBlastBufferQueue=0xb40000735f4e9e50 fn= 183 caller= com.android.systemui.shared.launcher.ViewRootImplCompat.mergeWithNextTransaction:2 com.android.quickstep.util.SurfaceTransactionApplier.lambda$scheduleApply$0:2 com.android.quickstep.util.SurfaceTransactionApplier.b:0 
11-12 12:31:53.839   436   997 I servicemanager: Could not find android.hardware.graphics.allocator.IAllocator/default in the VINTF manifest.
11-12 12:31:53.840  1596  1596 I ViewRootImpl@cf6bda1[NotificationShade]: performTraversals mFirst=false windowShouldResize=false viewVisibilityChanged=false mForceNextWindowRelayout=false params={(0,0)(fillxfill) gr=TOP CENTER_VERTICAL sim={adjust=resize} layoutInDisplayCutoutMode=always ty=NOTIFICATION_SHADE fmt=TRANSLUCENT
11-12 12:31:53.840  1596  1596 I ViewRootImpl@cf6bda1[NotificationShade]:   fl=81840048
11-12 12:31:53.840  1596  1596 I ViewRootImpl@cf6bda1[NotificationShade]:   pfl=1b000000
11-12 12:31:53.840  1596  1596 I ViewRootImpl@cf6bda1[NotificationShade]:   vsysui=2000
11-12 12:31:53.840  1596  1596 I ViewRootImpl@cf6bda1[NotificationShade]:   apr=LIGHT_STATUS_BARS
11-12 12:31:53.840  1596  1596 I ViewRootImpl@cf6bda1[NotificationShade]:   bhv=SHOW_TRANSIENT_BARS_BY_SWIPE
11-12 12:31:53.840  1596  1596 I ViewRootImpl@cf6bda1[NotificationShade]:  dimAmount=0.0 naviIconColor=0
11-12 12:31:53.840  1596  1596 I ViewRootImpl@cf6bda1[NotificationShade]:   sfl=40000}
11-12 12:31:53.841  1151  3528 V WindowManager: Relayout Window{f9198cb u0 NotificationShade}: viewVisibility=4 req=1080x2400 d0
11-12 12:31:53.843  1151  3528 V WindowManager: Relayout hash=f9198cb, pid=1596, syncId=-1: mAttrs={(0,0)(fillxfill) gr=TOP CENTER_VERTICAL sim={adjust=resize} layoutInDisplayCutoutMode=always ty=NOTIFICATION_SHADE fmt=TRANSLUCENT
11-12 12:31:53.843  1151  3528 V WindowManager:   fl=81840048
11-12 12:31:53.843  1151  3528 V WindowManager:   pfl=1b000000
11-12 12:31:53.843  1151  3528 V WindowManager:   vsysui=2000
11-12 12:31:53.843  1151  3528 V WindowManager:   apr=LIGHT_STATUS_BARS
11-12 12:31:53.843  1151  3528 V WindowManager:   bhv=SHOW_TRANSIENT_BARS_BY_SWIPE
11-12 12:31:53.843  1151  3528 V WindowManager:  dimAmount=0.0 naviIconColor=0
11-12 12:31:53.843  1151  3528 V WindowManager:   sfl=40000}
11-12 12:31:53.844  1596  1596 I ViewRootImpl@cf6bda1[NotificationShade]: Relayout returned: old=(0,0,1080,2400) new=(0,0,1080,2400) req=(1080,2400)4 dur=3 res=0x0 s={false 0x0} ch=false seqId=7
11-12 12:31:53.846  1596  1596 I FaceWidgetPositionAlgorithm: getClockContainerHeight() supplier = 290, bottom margin = 0, real height = 358
11-12 12:31:53.846  1596  1596 I FaceWidgetPositionAlgorithm: getClockContainerHeight() supplier = 290, bottom margin = 68, real height = 358
11-12 12:31:53.846  1596  1596 I FaceWidgetPositionAlgorithm: getMediaContainerHeight() height = 0 container Visibility = 8, isValid = false, mIsDozing = false, fraction = 1.0, source = 0, target = 0
11-12 12:31:53.846  1596  1596 I FaceWidgetPositionAlgorithm: getMediaContainerHeight() supplier = 0
11-12 12:31:53.846 21512 21536 I BWU@Recorder: Ph_input stream available : 6400 ==> flush  [ForkJoinPool.commonPool-worker-1] 
11-12 12:31:53.851 21512 21537 I ISG_Wakeup_Verify: [KWD] Normal - scores: [0.0000, 0.0010, t(37820)], [0.0010, 0.0020, t(37824)], [0.0020, 0.0049, t(37828)], [0.0010, 0.0234, t(37832)], [0.0020, 0.0059, t(37836)], RMS: 24
11-12 12:31:53.852 23288 23316 I BLASTBufferQueue: [ViewRootImpl@63cb4b1[MainActivity]#0](f:0,a:0) onFrameAvailable the first frame is available
11-12 12:31:53.852 23288 23316 I ViewRootImpl@63cb4b1[MainActivity]: Received frameCommittedCallback lastAttemptedDrawFrameNum=1 didProduceBuffer=true
11-12 12:31:53.853 23288 23316 D OpenGLRenderer: CFMS:: SetUp Pid : 23288    Tid : 23316
11-12 12:31:53.854   816   816 I Layer   : id=39851 removeFromCurrentState Surface(name=657b4d9 StatusBar)/@0xa0f98b6 - animation-leash of insets_animation#39851 (117)
11-12 12:31:53.854   816   816 I Layer   : id=39852 removeFromCurrentState Surface(name=35b8c1f NavigationBar0)/@0x90ec88d - animation-leash of insets_animation#39852 (117)
11-12 12:31:53.854   816   816 D SurfaceFlinger: [input] inputWindowCommands.focusRequests size is 1
11-12 12:31:53.854   816   816 I SurfaceFlinger: id=39851 Removed Surface(name=657b4d9 StatusBar)/@0xa0f98b6 - animation-leash of insets_animation#39851 (117)
11-12 12:31:53.854   816   816 I SurfaceFlinger: id=39852 Removed Surface(name=35b8c1f NavigationBar0)/@0x90ec88d - animation-leash of insets_animation#39852 (117)
11-12 12:31:53.855  1938  4364 I ViewRootImpl@557e5d6[LauncherActivity]: mWNT: t=0xb40000731f4b6470 mBlastBufferQueue=0xb40000735f4e9e50 fn= 184 caller= com.android.systemui.shared.launcher.ViewRootImplCompat.mergeWithNextTransaction:2 com.android.quickstep.util.SurfaceTransactionApplier.lambda$scheduleApply$0:2 com.android.quickstep.util.SurfaceTransactionApplier.b:0 
11-12 12:31:53.855   816   816 I Layer   : id=39851 Destroyed Surface(name=657b4d9 StatusBar)/@0xa0f98b6 - animation-leash of insets_animation#39851
11-12 12:31:53.855   816   816 I Layer   : id=39852 Destroyed Surface(name=35b8c1f NavigationBar0)/@0x90ec88d - animation-leash of insets_animation#39852
11-12 12:31:53.856   816   899 D SurfaceFlinger: [input] setFocusedWindow: 43e5f6a com.empresa.meuapp/com.empresa.meuapp.MainActivity
11-12 12:31:53.856  1151  3516 D InputDispatcher: Focus request (0): 43e5f6a com.empresa.meuapp/com.empresa.meuapp.MainActivity but waiting because NO_WINDOW
11-12 12:31:53.857  1151  1804 D MdnieScenarioControlService:  packageName : com.empresa.meuapp    className : com.empresa.meuapp.MainActivity
11-12 12:31:53.857  1151  1804 V MdnieScenarioControlService: setUIMode from UI function(3)
11-12 12:31:53.858 23288 23288 I ViewRootImpl@63cb4b1[MainActivity]: onSyncComplete
11-12 12:31:53.859 23288 23288 I ViewRootImpl@63cb4b1[MainActivity]: setupSync seqId=0 mSyncId=0 fn=1 caller=android.view.ViewRootImpl$$ExternalSyntheticLambda11.accept:6 android.window.SurfaceSyncer.lambda$setupSync$1$android-window-SurfaceSyncer:128 android.window.SurfaceSyncer$$ExternalSyntheticLambda1.accept:8 android.window.SurfaceSyncer$SyncSet.checkIfSyncIsComplete:382 android.window.SurfaceSyncer$SyncSet.markSyncReady:359 android.window.SurfaceSyncer.markSyncReady:151 android.view.ViewRootImpl.performTraversals:4503 
11-12 12:31:53.859 23288 23288 I ViewRootImpl@63cb4b1[MainActivity]: reportDrawFinished seqId=0 mSyncId=-1 fn=1 mSurfaceChangedTransaction=0xb40000731f482e10
11-12 12:31:53.859  1151  3528 D WindowManager: finishDrawingWindow: Window{43e5f6a u0 com.empresa.meuapp/com.empresa.meuapp.MainActivity} mDrawState=DRAW_PENDING seqId=0
11-12 12:31:53.860  1151  1233 V WindowManager: Finish starting ActivityRecord{9e095fe u0 com.empresa.meuapp/.MainActivity} t488}: first real window is shown, no animation
11-12 12:31:53.860  1151  1233 V WindowManager: Schedule remove starting ActivityRecord{9e095fe u0 com.empresa.meuapp/.MainActivity} t488} startingWindow=null startingView=null Callers=com.android.server.wm.ActivityRecord.removeStartingWindow:3233 com.android.server.wm.ActivityRecord.onFirstWindowDrawn:7460 com.android.server.wm.WindowState.performShowLocked:5502 com.android.server.wm.WindowStateAnimator.commitFinishDrawingLocked:351 com.android.server.wm.DisplayContent.lambda$new$8:1189 
11-12 12:31:53.861  1151  1233 V WindowManager: performShowLocked: mDrawState=HAS_DRAWN in Window{43e5f6a u0 com.empresa.meuapp/com.empresa.meuapp.MainActivity}
11-12 12:31:53.862  1151  1233 V WindowManager: Removing startingView=com.android.server.wm.StartingSurfaceController$StartingSurface@11bc47b
11-12 12:31:53.862  1151  1233 D TaskOrganizerController: applyStartingWindowAnimation, window=Window{43e5f6a u0 com.empresa.meuapp/com.empresa.meuapp.MainActivity}, caller=com.android.server.wm.TaskOrganizerController.removeStartingWindow:573 com.android.server.wm.StartingSurfaceController$StartingSurface.remove:287 com.android.server.wm.ActivityRecord.lambda$removeStartingWindowAnimation$6:3295 
11-12 12:31:53.862  1151  1233 I WindowManager: Reparenting to leash, surface=Surface(name=43e5f6a com.empresa.meuapp/com.empresa.meuapp.MainActivity)/@0x2dc7310, leashParent=Surface(name=ActivityRecord{9e095fe u0 com.empresa.meuapp/.MainActivity} t488})/@0x14c0e09
11-12 12:31:53.863   816   844 I SurfaceFlinger: id=39868 createSurf flag=24000, Surface(name=43e5f6a com.empresa.meuapp/com.empresa.meuapp.MainActivity)/@0x2dc7310 - animation-leash of starting_reveal#39868
11-12 12:31:53.863  1151  1233 D WindowManager: makeSurface duration=0 leash=Surface(name=Surface(name=43e5f6a com.empresa.meuapp/com.empresa.meuapp.MainActivity)/@0x2dc7310 - animation-leash of starting_reveal)/@0xd9ee80e
11-12 12:31:53.863  1151  1229 D [secipm]: mSecIpmManager report to nap
11-12 12:31:53.863  1151  1229 I PkgPredictorService-SecIpmManagerServiceImpl: reportToNAP uid:10643 com.empresa.meuapp/com.empresa.meuapp.MainActivity thisTime:168
11-12 12:31:53.864  1151  1229 I ActivityTaskManager: Displayed com.empresa.meuapp/.MainActivity: +168ms
11-12 12:31:53.865 23288 23288 W unknown:BridgelessReact: ReactHost{0}.startSurface(surfaceId = 0): Schedule
11-12 12:31:53.865 23288 23288 W unknown:BridgelessReact: ReactHost{0}.attachSurface(surfaceId = 0)
11-12 12:31:53.865 23288 23339 W unknown:BridgelessReact: ReactHost{0}.getOrCreateReactInstanceTask()
11-12 12:31:53.865 23288 23339 W unknown:BridgelessReact: ReactHost{0}.getOrCreateReactInstanceTask(): Start
11-12 12:31:53.865 23288 23339 W unknown:BridgelessReact: ReactHost{0}.getJSBundleLoader()
11-12 12:31:53.865 23288 23339 W unknown:BridgelessReact: ReactHost{0}.getOrCreateReactContext(): Creating BridgelessReactContext
11-12 12:31:53.865 23288 23339 W unknown:BridgelessReact: ReactHost{0}.getOrCreateReactInstanceTask(): Creating ReactInstance
11-12 12:31:53.865 23288 23288 W unknown:BridgelessReact: ReactHost{0}.onHostResume(activity)
11-12 12:31:53.866 23288 23288 W unknown:BridgelessReact: ReactContext.onHostResume()
11-12 12:31:53.868  1151  3528 I SemDvfsHyPerManager: acquire hyper - AMS_RESUME_TAIL/1151@19, type = -999
11-12 12:31:53.868  1151  3528 I SemDvfsHyPerManager: acquire hyper - AMS_ACT_LAZY/1151@20, type = -999
11-12 12:31:53.868  1151  3528 D ActivityManagerPerformance: AMP_acquire() TAIL
11-12 12:31:53.868  1151  3528 D ActivityManagerPerformance: AMP_release() APP_SWITCH
11-12 12:31:53.869   745   771 I HYPER-HAL: [RequestManager.cpp]acquire(): Acquired ID : 685054  [1151 / 19]    HINT : AMS_RESUME_TAIL    list : 
11-12 12:31:53.870  1151  1246 W libprocessgroup: Failed to open /dev/blkio//cgroup.procs: No such file or directory
11-12 12:31:53.870   745   771 I HYPER-HAL: [RequestManager.cpp]releaseLocked(): Released ID : 699184
11-12 12:31:53.870  1151  1246 W libprocessgroup: Failed to open /dev/blkio//cgroup.procs: No such file or directory
11-12 12:31:53.870  1151  1233 D ActivityTaskManager: mStartingWindow and mStartingData is null for token=ActivityRecord{9e095fe u0 com.empresa.meuapp/.MainActivity} t488}
11-12 12:31:53.871   816   816 I Layer   : Layer [com.empresa.meuapp/com.empresa.meuapp.MainActivity$_23288#39865] hidden!! flag(0)
11-12 12:31:53.871  1596  1671 I ViewRootImpl@5880026[meuapp]: performTraversals params={(0,0)(fillxfill) sim={adjust=pan} ty=APPLICATION_STARTING fmt=TRANSLUCENT wanim=0x1030309
11-12 12:31:53.871  1596  1671 I ViewRootImpl@5880026[meuapp]:   fl=81030118
11-12 12:31:53.871  1596  1671 I ViewRootImpl@5880026[meuapp]:   pfl=16000010
11-12 12:31:53.871  1596  1671 I ViewRootImpl@5880026[meuapp]:   bhv=DEFAULT
11-12 12:31:53.871  1596  1671 I ViewRootImpl@5880026[meuapp]:   fitSides= naviIconColor=0}
11-12 12:31:53.871  1596  1671 I ViewRootImpl@5880026[meuapp]: performTraversals mFirst=false windowShouldResize=false viewVisibilityChanged=false mForceNextWindowRelayout=false params={(0,0)(fillxfill) sim={adjust=pan} ty=APPLICATION_STARTING fmt=TRANSLUCENT wanim=0x1030309
11-12 12:31:53.871  1596  1671 I ViewRootImpl@5880026[meuapp]:   fl=81030118
11-12 12:31:53.871  1596  1671 I ViewRootImpl@5880026[meuapp]:   pfl=16000010
11-12 12:31:53.871  1596  1671 I ViewRootImpl@5880026[meuapp]:   bhv=DEFAULT
11-12 12:31:53.871  1596  1671 I ViewRootImpl@5880026[meuapp]:   fitSides= naviIconColor=0}
11-12 12:31:53.872  1151  3516 D InputDispatcher: Focus entered window (0): 43e5f6a com.empresa.meuapp/com.empresa.meuapp.MainActivity
11-12 12:31:53.873 23288 23339 D nativeloader: Load /data/app/~~P1LF31MeG-gLjO4oAOs8kQ==/com.empresa.meuapp-mXiFF7IXKqXCUPd6xUHdOw==/base.apk!/lib/arm64-v8a/libhermes.so using class loader ns clns-6 (caller=/data/app/~~P1LF31MeG-gLjO4oAOs8kQ==/com.empresa.meuapp-mXiFF7IXKqXCUPd6xUHdOw==/base.apk!classes3.dex): ok
11-12 12:31:53.873 23288 23288 I ViewRootImpl@63cb4b1[MainActivity]: MSG_WINDOW_FOCUS_CHANGED 1 0
11-12 12:31:53.873 23288 23288 I ViewRootImpl@63cb4b1[MainActivity]: mThreadedRenderer.initializeIfNeeded()#2 mSurface={isValid=true 0xb4000073ef491950}
11-12 12:31:53.873  1938  4363 I ViewRootImpl@557e5d6[LauncherActivity]: mWNT: t=0xb40000731f5494d0 mBlastBufferQueue=0xb40000735f4e9e50 fn= 185 caller= com.android.systemui.shared.launcher.ViewRootImplCompat.mergeWithNextTransaction:2 com.android.quickstep.util.SurfaceTransactionApplier.lambda$scheduleApply$0:2 com.android.quickstep.util.SurfaceTransactionApplier.b:0 
11-12 12:31:53.873  1151  3528 V WindowManager: Relayout Window{847aaf1 u0 Splash Screen com.empresa.meuapp}: viewVisibility=0 req=1080x2400 d0
11-12 12:31:53.874 23288 23339 D nativeloader: Load /data/app/~~P1LF31MeG-gLjO4oAOs8kQ==/com.empresa.meuapp-mXiFF7IXKqXCUPd6xUHdOw==/base.apk!/lib/arm64-v8a/libhermestooling.so using class loader ns clns-6 (caller=/data/app/~~P1LF31MeG-gLjO4oAOs8kQ==/com.empresa.meuapp-mXiFF7IXKqXCUPd6xUHdOw==/base.apk!classes3.dex): ok
11-12 12:31:53.874 23288 23339 D jni_lib_merge: Entering merged library JNI_OnLoad.
11-12 12:31:53.874 23288 23339 D jni_lib_merge: Preparing 4 pre-merged libs (including stub)
11-12 12:31:53.874 23288 23339 D jni_lib_merge: Preparing to register libhermes_executor_so.  onload_func: 0x71e1ea64b0
11-12 12:31:53.874 23288 23339 D jni_lib_merge: Preparing to register libhermesinstancejni_so.  onload_func: 0x71e1ead900
11-12 12:31:53.874 23288 23288 D InputMethodManager: startInputInner - Id : 0
11-12 12:31:53.874 23288 23339 D jni_lib_merge: Preparing to register libjsijniprofiler_so.  onload_func: 0x71e1eae0ec
11-12 12:31:53.874 23288 23339 D jni_lib_merge: About to register 3 actual methods.
11-12 12:31:53.874 23288 23288 I InputMethodManager: startInputInner - mService.startInputOrWindowGainedFocus
11-12 12:31:53.875  1151  3528 D WindowManager: updateSystemBarAttributes: displayId=0, win=Window{43e5f6a u0 com.empresa.meuapp/com.empresa.meuapp.MainActivity}, navColorWin=Window{847aaf1 u0 Splash Screen com.empresa.meuapp}, focusedCanBeNavColorWin=false, behavior=1, appearance=0, statusBarAppearanceRegions=[AppearanceRegion{ bounds=[0,0][1080,2400]}], requestedVisibilities=, from=com.android.server.wm.DisplayPolicy.finishPostLayoutPolicyLw:2527 com.android.server.wm.DisplayContent.applySurfaceChangesTransaction:5713 com.android.server.wm.RootWindowContainer.applySurfaceChangesTransaction:1234 
11-12 12:31:53.876  1596  1596 D SamsungLightBarControlHelper: onStatusBarAppearanceChanged() -  sbModeChanged:false, statusBarMode:MODE_TRANSPARENT, barState:SHADE, isKeyguardShowing:false, navbarColorManagedByIme:false, stackAppearancesChanged:true, (AppearanceRegion{ bounds=[0,0][1080,2400]}, ), packageName:com.empresa.meuapp
11-12 12:31:53.876  1596  1596 D NavigationBar: onSystemBarAttributesChanged() -  displayId:0, appearance:0, packageName: com.empresa.meuapp, navbarColorManagedByIme:false
11-12 12:31:53.877  1596  1596 D SamsungLightBarControlHelper: updateStatus(WHITE icon) NumStacks:1, StatusBarMode:MODE_TRANSPARENT, lightBarBounds:[], StatusBarState:SHADE, packageName:com.empresa.meuapp, isWhiteKeyguardStatusBarBySettings:false
11-12 12:31:53.877  1151  3516 D CompatibilityChangeReporter: Compat change id reported: 214016041; UID 10643; state: ENABLED
11-12 12:31:53.877  1151  3516 V InputMethodManagerService: Unspecified window will hide input
11-12 12:31:53.877  1151  3516 V InputMethodManagerService: hideCurrentInputLocked : canceled, shouldHideSoftInput=false, mInputShown=false, mImeWindowVis=0
11-12 12:31:53.877  1151  3516 I InputMethodBindingController: setCurrentMethodNotVisible: mVisibleBound=false, mHasConnection=true, caller = com.android.server.inputmethod.InputMethodManagerService.hideCurrentInputLocked:4356 com.android.server.inputmethod.InputMethodManagerService.startInputOrWindowGainedFocusInternalLocked:4662 com.android.server.inputmethod.InputMethodManagerService.startInputOrWindowGainedFocusInternal:4440 com.android.server.inputmethod.InputMethodManagerService.startInputOrWindowGainedFocus:4379 com.android.internal.view.IInputMethodManager$Stub.onTransact:518 com.android.server.inputmethod.InputMethodManagerService.onTransact:2302 android.os.Binder.execTransactInternal:1316 android.os.Binder.execTransact:1280 <bottom of call stack> <bottom of call stack> 
11-12 12:31:53.877  1151  3516 D InputMethodManagerService: mDesktopModeManager null!
11-12 12:31:53.877  1151  3516 V InputMethodManagerService: getDisplayIdOfInputMethodWindowToBeAdded: displayId=0
11-12 12:31:53.877  1151  3516 V InputMethodManagerService: Creating new session for client ClientState{99e81c5 uid=10643 pid=23288 displayId=0}
11-12 12:31:53.877  1151  3516 D InputTransport: Input channel constructed: 'ClientS', fd=887
11-12 12:31:53.877  1151  3516 D InputTransport: Input channel constructed: 'ClientS', fd=888
11-12 12:31:53.877  1151  3516 D InputTransport: Input channel destroyed: 'ClientS', fd=888
11-12 12:31:53.877  1151  3528 V WindowManager: Relayout hash=847aaf1, pid=1596, syncId=-1: mAttrs={(0,0)(fillxfill) sim={adjust=pan} ty=APPLICATION_STARTING fmt=TRANSLUCENT wanim=0x1030309
11-12 12:31:53.877  1151  3528 V WindowManager:   fl=81030118
11-12 12:31:53.877  1151  3528 V WindowManager:   pfl=16000010
11-12 12:31:53.877  1151  3528 V WindowManager:   bhv=DEFAULT
11-12 12:31:53.877  1151  3528 V WindowManager:   fitSides= naviIconColor=0}
